[INFO] Scanning for projects...
[INFO] 
[INFO] ---------------------------< org.gb:billing >---------------------------
[INFO] Building billing 0.0.1-SNAPSHOT
[INFO]   from pom.xml
[INFO] --------------------------------[ jar ]---------------------------------
[INFO] 
[INFO] --- clean:3.3.2:clean (default-clean) @ billing ---
[INFO] Deleting C:\Users\Sameer Khan S\Desktop\saas-billing\target
[INFO] 
[INFO] --- resources:3.3.1:resources (default-resources) @ billing ---
[INFO] Copying 3 resources from src\main\resources to target\classes
[INFO] Copying 7 resources from src\main\resources to target\classes
[INFO] 
[INFO] --- compiler:3.11.0:compile (default-compile) @ billing ---
[INFO] Changes detected - recompiling the module! :source
[INFO] Compiling 71 source files with javac [debug release 17] to target\classes
[INFO] /C:/Users/Sameer Khan S/Desktop/saas-billing/src/main/java/org/gb/billing/security/RateLimitingFilter.java: C:\Users\Sameer Khan S\Desktop\saas-billing\src\main\java\org\gb\billing\security\RateLimitingFilter.java uses or overrides a deprecated API.
[INFO] /C:/Users/Sameer Khan S/Desktop/saas-billing/src/main/java/org/gb/billing/security/RateLimitingFilter.java: Recompile with -Xlint:deprecation for details.
[INFO] /C:/Users/Sameer Khan S/Desktop/saas-billing/src/main/java/org/gb/billing/config/RateLimitConfig.java: C:\Users\Sameer Khan S\Desktop\saas-billing\src\main\java\org\gb\billing\config\RateLimitConfig.java uses unchecked or unsafe operations.
[INFO] /C:/Users/Sameer Khan S/Desktop/saas-billing/src/main/java/org/gb/billing/config/RateLimitConfig.java: Recompile with -Xlint:unchecked for details.
[INFO] -------------------------------------------------------------
[ERROR] COMPILATION ERROR : 
[INFO] -------------------------------------------------------------
[ERROR] /C:/Users/Sameer Khan S/Desktop/saas-billing/src/main/java/org/gb/billing/config/RateLimitConfig.java:[39,16] cannot infer type arguments for io.github.bucket4j.caffeine.CaffeineProxyManager<>
[INFO] 1 error
[INFO] -------------------------------------------------------------
[INFO] ------------------------------------------------------------------------
[INFO] BUILD FAILURE
[INFO] ------------------------------------------------------------------------
[INFO] Total time:  4.837 s
[INFO] Finished at: 2026-01-31T12:24:11+05:30
[INFO] ------------------------------------------------------------------------
[ERROR] Failed to execute goal org.apache.maven.plugins:maven-compiler-plugin:3.11.0:compile (default-compile) on project billing: Compilation failure
[ERROR] /C:/Users/Sameer Khan S/Desktop/saas-billing/src/main/java/org/gb/billing/config/RateLimitConfig.java:[39,16] cannot infer type arguments for io.github.bucket4j.caffeine.CaffeineProxyManager<>
[ERROR] 
[ERROR] -> [Help 1]
[ERROR] 
[ERROR] To see the full stack trace of the errors, re-run Maven with the -e switch.
[ERROR] Re-run Maven using the -X switch to enable full debug logging.
[ERROR] 
[ERROR] For more information about the errors and possible solutions, please read the following articles:
[ERROR] [Help 1] http://cwiki.apache.org/confluence/display/MAVEN/MojoFailureException
