[INFO] Scanning for projects...
[INFO] 
[INFO] ---------------------------< org.gb:billing >---------------------------
[INFO] Building billing 0.0.1-SNAPSHOT
[INFO]   from pom.xml
[INFO] --------------------------------[ jar ]---------------------------------
[INFO] 
[INFO] --- compiler:3.11.0:compile (default-cli) @ billing ---
[INFO] Changes detected - recompiling the module! :source
[INFO] Compiling 70 source files with javac [debug release 17] to target\classes
[INFO] /C:/Users/Sameer Khan S/Desktop/saas-billing/src/main/java/org/gb/billing/security/RateLimitingFilter.java: C:\Users\Sameer Khan S\Desktop\saas-billing\src\main\java\org\gb\billing\security\RateLimitingFilter.java uses or overrides a deprecated API.
[INFO] /C:/Users/Sameer Khan S/Desktop/saas-billing/src/main/java/org/gb/billing/security/RateLimitingFilter.java: Recompile with -Xlint:deprecation for details.
[INFO] Some messages have been simplified; recompile with -Xdiags:verbose to get full output
[INFO] -------------------------------------------------------------
[ERROR] COMPILATION ERROR : 
[INFO] -------------------------------------------------------------
[ERROR] /C:/Users/Sameer Khan S/Desktop/saas-billing/src/main/java/org/gb/billing/service/AnalyticsService.java:[111,16] constructor ChurnRateResponse in class org.gb.billing.dto.response.ChurnRateResponse cannot be applied to given types;
  required: no arguments
  found:    java.lang.Double,long,long,java.lang.String
  reason: actual and formal argument lists differ in length
[ERROR] /C:/Users/Sameer Khan S/Desktop/saas-billing/src/main/java/org/gb/billing/service/AnalyticsService.java:[194,39] constructor RevenueByPlan in class org.gb.billing.dto.response.RevenueByPlan cannot be applied to given types;
  required: no arguments
  found:    java.util.UUID,java.lang.String,java.math.BigDecimal,java.math.BigDecimal
  reason: actual and formal argument lists differ in length
[ERROR] /C:/Users/Sameer Khan S/Desktop/saas-billing/src/main/java/org/gb/billing/service/AnalyticsService.java:[207,25] cannot find symbol
  symbol:   method getRevenueAmount()
  location: variable item of type org.gb.billing.dto.response.RevenueByPlan
[ERROR] /C:/Users/Sameer Khan S/Desktop/saas-billing/src/main/java/org/gb/billing/security/RateLimitingFilter.java:[79,112] incompatible types: java.lang.Long cannot be converted to java.util.UUID
[ERROR] /C:/Users/Sameer Khan S/Desktop/saas-billing/src/main/java/org/gb/billing/config/RateLimitConfig.java:[40,16] cannot infer type arguments for io.github.bucket4j.caffeine.CaffeineProxyManager<>
[INFO] 5 errors 
[INFO] -------------------------------------------------------------
[INFO] ------------------------------------------------------------------------
[INFO] BUILD FAILURE
[INFO] ------------------------------------------------------------------------
[INFO] Total time:  4.264 s
[INFO] Finished at: 2026-01-31T10:43:11+05:30
[INFO] ------------------------------------------------------------------------
[ERROR] Failed to execute goal org.apache.maven.plugins:maven-compiler-plugin:3.11.0:compile (default-cli) on project billing: Compilation failure: Compilation failure: 
[ERROR] /C:/Users/Sameer Khan S/Desktop/saas-billing/src/main/java/org/gb/billing/service/AnalyticsService.java:[111,16] constructor ChurnRateResponse in class org.gb.billing.dto.response.ChurnRateResponse cannot be applied to given types;
[ERROR]   required: no arguments
[ERROR]   found:    java.lang.Double,long,long,java.lang.String
[ERROR]   reason: actual and formal argument lists differ in length
[ERROR] /C:/Users/Sameer Khan S/Desktop/saas-billing/src/main/java/org/gb/billing/service/AnalyticsService.java:[194,39] constructor RevenueByPlan in class org.gb.billing.dto.response.RevenueByPlan cannot be applied to given types;
[ERROR]   required: no arguments
[ERROR]   found:    java.util.UUID,java.lang.String,java.math.BigDecimal,java.math.BigDecimal
[ERROR]   reason: actual and formal argument lists differ in length
[ERROR] /C:/Users/Sameer Khan S/Desktop/saas-billing/src/main/java/org/gb/billing/service/AnalyticsService.java:[207,25] cannot find symbol
[ERROR]   symbol:   method getRevenueAmount()
[ERROR]   location: variable item of type org.gb.billing.dto.response.RevenueByPlan
[ERROR] /C:/Users/Sameer Khan S/Desktop/saas-billing/src/main/java/org/gb/billing/security/RateLimitingFilter.java:[79,112] incompatible types: java.lang.Long cannot be converted to java.util.UUID
[ERROR] /C:/Users/Sameer Khan S/Desktop/saas-billing/src/main/java/org/gb/billing/config/RateLimitConfig.java:[40,16] cannot infer type arguments for io.github.bucket4j.caffeine.CaffeineProxyManager<>
[ERROR] -> [Help 1]
[ERROR] 
[ERROR] To see the full stack trace of the errors, re-run Maven with the -e switch.
[ERROR] Re-run Maven using the -X switch to enable full debug logging.
[ERROR] 
[ERROR] For more information about the errors and possible solutions, please read the following articles:
[ERROR] [Help 1] http://cwiki.apache.org/confluence/display/MAVEN/MojoFailureException
