[INFO] Scanning for projects...
[INFO] 
[INFO] ---------------------------< org.gb:billing >---------------------------
[INFO] Building billing 0.0.1-SNAPSHOT
[INFO]   from pom.xml
[INFO] --------------------------------[ jar ]---------------------------------
[INFO] 
[INFO] --- resources:3.3.1:resources (default-resources) @ billing ---
[INFO] Copying 3 resources from src\main\resources to target\classes
[INFO] Copying 8 resources from src\main\resources to target\classes
[INFO] 
[INFO] --- compiler:3.11.0:compile (default-compile) @ billing ---
[INFO] Nothing to compile - all classes are up to date
[INFO] 
[INFO] --- resources:3.3.1:testResources (default-testResources) @ billing ---
[INFO] Copying 1 resource from src\test\resources to target\test-classes
[INFO] 
[INFO] --- compiler:3.11.0:testCompile (default-testCompile) @ billing ---
[INFO] Nothing to compile - all classes are up to date
[INFO] 
[INFO] --- surefire:3.1.2:test (default-test) @ billing ---
[INFO] Using auto detected provider org.apache.maven.surefire.junitplatform.JUnitPlatformProvider
[INFO] 
[INFO] -------------------------------------------------------
[INFO]  T E S T S
[INFO] -------------------------------------------------------
[INFO] Running org.gb.billing.BillingApplicationTests
18:30:49.375 [main] INFO org.springframework.test.context.support.AnnotationConfigContextLoaderUtils -- Could not detect default configuration classes for test class [org.gb.billing.BillingApplicationTests]: BillingApplicationTests does not declare any static, non-private, non-final, nested classes annotated with @Configuration.
18:30:49.491 [main] INFO org.springframework.boot.test.context.SpringBootTestContextBootstrapper -- Found @SpringBootConfiguration org.gb.billing.BillingApplication for test class org.gb.billing.BillingApplicationTests

  .   ____          _            __ _ _
 /\\ / ___'_ __ _ _(_)_ __  __ _ \ \ \ \
( ( )\___ | '_ | '_| | '_ \/ _` | \ \ \ \
 \\/  ___)| |_)| | | | | || (_| |  ) ) ) )
  '  |____| .__|_| |_|_| |_\__, | / / / /
 =========|_|==============|___/=/_/_/_/
 :: Spring Boot ::                (v3.2.2)

2026-01-31 18:30:50 - Starting BillingApplicationTests using Java 17.0.17 with PID 25032 (started by rishi in C:\Users\rishi\OneDrive\Desktop\spring\billing)
2026-01-31 18:30:50 - Running with Spring Boot v3.2.2, Spring v6.1.3
2026-01-31 18:30:50 - The following 1 profile is active: "test"
2026-01-31 18:30:54 - HHH90000025: H2Dialect does not need to be specified explicitly using 'hibernate.dialect' (remove the property setting and it will be selected by default)
2026-01-31 18:30:55 - 
    drop table if exists billing_plan cascade 
Hibernate: 
    drop table if exists billing_plan cascade 
2026-01-31 18:30:55 - 
    drop table if exists feature_limit cascade 
Hibernate: 
    drop table if exists feature_limit cascade 
2026-01-31 18:30:55 - 
    drop table if exists payment cascade 
Hibernate: 
    drop table if exists payment cascade 
2026-01-31 18:30:55 - 
    drop table if exists subscription cascade 
Hibernate: 
    drop table if exists subscription cascade 
2026-01-31 18:30:55 - 
    drop table if exists subscription_transition_log cascade 
Hibernate: 
    drop table if exists subscription_transition_log cascade 
2026-01-31 18:30:55 - 
    drop table if exists tenants cascade 
Hibernate: 
    drop table if exists tenants cascade 
2026-01-31 18:30:55 - 
    drop table if exists users cascade 
Hibernate: 
    drop table if exists users cascade 
2026-01-31 18:30:55 - 
    create table billing_plan (
        deleted boolean not null,
        is_active boolean not null,
        price numeric(19,4) not null,
        created_at timestamp(6) with time zone not null,
        updated_at timestamp(6) with time zone not null,
        id uuid not null,
        billing_cycle varchar(20) not null check (billing_cycle in ('MONTHLY','YEARLY')),
        name varchar(100) not null unique,
        description TEXT,
        primary key (id)
    )
Hibernate: 
    create table billing_plan (
        deleted boolean not null,
        is_active boolean not null,
        price numeric(19,4) not null,
        created_at timestamp(6) with time zone not null,
        updated_at timestamp(6) with time zone not null,
        id uuid not null,
        billing_cycle varchar(20) not null check (billing_cycle in ('MONTHLY','YEARLY')),
        name varchar(100) not null unique,
        description TEXT,
        primary key (id)
    )
2026-01-31 18:30:55 - 
    create table feature_limit (
        limit_value integer not null,
        created_at timestamp(6) with time zone not null,
        updated_at timestamp(6) with time zone not null,
        id uuid not null,
        plan_id uuid not null,
        limit_type varchar(50) not null,
        primary key (id),
        constraint unique_plan_limit_type unique (plan_id, limit_type)
    )
Hibernate: 
    create table feature_limit (
        limit_value integer not null,
        created_at timestamp(6) with time zone not null,
        updated_at timestamp(6) with time zone not null,
        id uuid not null,
        plan_id uuid not null,
        limit_type varchar(50) not null,
        primary key (id),
        constraint unique_plan_limit_type unique (plan_id, limit_type)
    )
2026-01-31 18:30:55 - 
    create table payment (
        amount numeric(10,2) not null,
        currency varchar(3) not null,
        created_at timestamp(6) with time zone not null,
        paid_at timestamp(6) with time zone,
        tenant_id bigint not null,
        user_id bigint not null,
        id uuid not null,
        subscription_id uuid not null,
        payment_method varchar(20),
        status varchar(20) not null check (status in ('PENDING','SUCCEEDED','FAILED','REFUNDED')),
        invoice_url varchar(500),
        external_payment_id varchar(255),
        primary key (id)
    )
Hibernate: 
    create table payment (
        amount numeric(10,2) not null,
        currency varchar(3) not null,
        created_at timestamp(6) with time zone not null,
        paid_at timestamp(6) with time zone,
        tenant_id bigint not null,
        user_id bigint not null,
        id uuid not null,
        subscription_id uuid not null,
        payment_method varchar(20),
        status varchar(20) not null check (status in ('PENDING','SUCCEEDED','FAILED','REFUNDED')),
        invoice_url varchar(500),
        external_payment_id varchar(255),
        primary key (id)
    )
2026-01-31 18:30:55 - 
    create table subscription (
        version integer not null,
        canceled_at timestamp(6) with time zone,
        created_at timestamp(6) with time zone not null,
        next_billing_date timestamp(6) with time zone,
        start_date timestamp(6) with time zone not null,
        tenant_id bigint not null,
        updated_at timestamp(6) with time zone not null,
        user_id bigint not null,
        id uuid not null,
        plan_id uuid not null,
        status varchar(20) not null check (status in ('ACTIVE','PAST_DUE','CANCELED')),
        primary key (id)
    )
Hibernate: 
    create table subscription (
        version integer not null,
        canceled_at timestamp(6) with time zone,
        created_at timestamp(6) with time zone not null,
        next_billing_date timestamp(6) with time zone,
        start_date timestamp(6) with time zone not null,
        tenant_id bigint not null,
        updated_at timestamp(6) with time zone not null,
        user_id bigint not null,
        id uuid not null,
        plan_id uuid not null,
        status varchar(20) not null check (status in ('ACTIVE','PAST_DUE','CANCELED')),
        primary key (id)
    )
2026-01-31 18:30:55 - 
    create table subscription_transition_log (
        transitioned_at timestamp(6) with time zone not null,
        transitioned_by bigint,
        id uuid not null,
        subscription_id uuid not null,
        from_status varchar(20),
        to_status varchar(20) not null,
        reason varchar(255),
        primary key (id)
    )
Hibernate: 
    create table subscription_transition_log (
        transitioned_at timestamp(6) with time zone not null,
        transitioned_by bigint,
        id uuid not null,
        subscription_id uuid not null,
        from_status varchar(20),
        to_status varchar(20) not null,
        reason varchar(255),
        primary key (id)
    )
2026-01-31 18:30:55 - 
    create table tenants (
        active boolean not null,
        created_date timestamp(6) not null,
        id bigint generated by default as identity,
        last_modified_date timestamp(6) not null,
        name varchar(255) not null unique,
        primary key (id)
    )
Hibernate: 
    create table tenants (
        active boolean not null,
        created_date timestamp(6) not null,
        id bigint generated by default as identity,
        last_modified_date timestamp(6) not null,
        name varchar(255) not null unique,
        primary key (id)
    )
2026-01-31 18:30:55 - 
    create table users (
        active boolean not null,
        created_date timestamp(6) not null,
        id bigint generated by default as identity,
        last_login_date timestamp(6),
        last_modified_date timestamp(6) not null,
        tenant_id bigint,
        version bigint not null,
        role varchar(50) not null check (role in ('ROLE_ADMIN','ROLE_USER')),
        password varchar(60) not null,
        first_name varchar(100),
        last_name varchar(100),
        email varchar(255) not null unique,
        primary key (id)
    )
Hibernate: 
    create table users (
        active boolean not null,
        created_date timestamp(6) not null,
        id bigint generated by default as identity,
        last_login_date timestamp(6),
        last_modified_date timestamp(6) not null,
        tenant_id bigint,
        version bigint not null,
        role varchar(50) not null check (role in ('ROLE_ADMIN','ROLE_USER')),
        password varchar(60) not null,
        first_name varchar(100),
        last_name varchar(100),
        email varchar(255) not null unique,
        primary key (id)
    )
2026-01-31 18:30:55 - 
    create index idx_billing_plan_deleted 
       on billing_plan (deleted)
Hibernate: 
    create index idx_billing_plan_deleted 
       on billing_plan (deleted)
2026-01-31 18:30:55 - 
    create index idx_billing_plan_active 
       on billing_plan (is_active)
Hibernate: 
    create index idx_billing_plan_active 
       on billing_plan (is_active)
2026-01-31 18:30:55 - 
    create index idx_billing_plan_name 
       on billing_plan (name)
Hibernate: 
    create index idx_billing_plan_name 
       on billing_plan (name)
2026-01-31 18:30:55 - 
    create index idx_payment_subscription 
       on payment (subscription_id)
Hibernate: 
    create index idx_payment_subscription 
       on payment (subscription_id)
2026-01-31 18:30:55 - 
    create index idx_payment_tenant 
       on payment (tenant_id)
Hibernate: 
    create index idx_payment_tenant 
       on payment (tenant_id)
2026-01-31 18:30:55 - 
    create index idx_payment_status 
       on payment (status)
Hibernate: 
    create index idx_payment_status 
       on payment (status)
2026-01-31 18:30:55 - 
    create index idx_payment_external_id 
       on payment (external_payment_id)
Hibernate: 
    create index idx_payment_external_id 
       on payment (external_payment_id)
2026-01-31 18:30:55 - 
    create index idx_subscription_user_id 
       on subscription (user_id)
Hibernate: 
    create index idx_subscription_user_id 
       on subscription (user_id)
2026-01-31 18:30:55 - 
    create index idx_subscription_tenant_id 
       on subscription (tenant_id)
Hibernate: 
    create index idx_subscription_tenant_id 
       on subscription (tenant_id)
2026-01-31 18:30:55 - 
    create index idx_subscription_status 
       on subscription (status)
Hibernate: 
    create index idx_subscription_status 
       on subscription (status)
2026-01-31 18:30:55 - 
    create index idx_subscription_tenant_status 
       on subscription (tenant_id, status)
Hibernate: 
    create index idx_subscription_tenant_status 
       on subscription (tenant_id, status)
2026-01-31 18:30:55 - 
    create index idx_subscription_plan_id 
       on subscription (plan_id)
Hibernate: 
    create index idx_subscription_plan_id 
       on subscription (plan_id)
2026-01-31 18:30:55 - 
    create index idx_subscription_next_billing 
       on subscription (next_billing_date)
Hibernate: 
    create index idx_subscription_next_billing 
       on subscription (next_billing_date)
2026-01-31 18:30:55 - 
    create index idx_transition_log_subscription_id 
       on subscription_transition_log (subscription_id)
Hibernate: 
    create index idx_transition_log_subscription_id 
       on subscription_transition_log (subscription_id)
2026-01-31 18:30:55 - 
    create index idx_transition_log_transitioned_at 
       on subscription_transition_log (transitioned_at)
Hibernate: 
    create index idx_transition_log_transitioned_at 
       on subscription_transition_log (transitioned_at)
2026-01-31 18:30:55 - 
    create index idx_transition_log_to_status 
       on subscription_transition_log (to_status)
Hibernate: 
    create index idx_transition_log_to_status 
       on subscription_transition_log (to_status)
2026-01-31 18:30:55 - 
    create index idx_tenants_name 
       on tenants (name)
Hibernate: 
    create index idx_tenants_name 
       on tenants (name)
2026-01-31 18:30:55 - 
    create index idx_tenants_active 
       on tenants (active)
Hibernate: 
    create index idx_tenants_active 
       on tenants (active)
2026-01-31 18:30:55 - 
    create index idx_users_tenant_id 
       on users (tenant_id)
Hibernate: 
    create index idx_users_tenant_id 
       on users (tenant_id)
2026-01-31 18:30:55 - 
    create index idx_users_role 
       on users (role)
Hibernate: 
    create index idx_users_role 
       on users (role)
2026-01-31 18:30:55 - 
    create index idx_users_active 
       on users (active)
Hibernate: 
    create index idx_users_active 
       on users (active)
2026-01-31 18:30:55 - 
    alter table if exists feature_limit 
       add constraint fk_feature_limit_plan 
       foreign key (plan_id) 
       references billing_plan
Hibernate: 
    alter table if exists feature_limit 
       add constraint fk_feature_limit_plan 
       foreign key (plan_id) 
       references billing_plan
2026-01-31 18:30:55 - 
    alter table if exists subscription 
       add constraint fk_subscription_plan 
       foreign key (plan_id) 
       references billing_plan
Hibernate: 
    alter table if exists subscription 
       add constraint fk_subscription_plan 
       foreign key (plan_id) 
       references billing_plan
2026-01-31 18:30:55 - 
    alter table if exists users 
       add constraint fk_user_tenant 
       foreign key (tenant_id) 
       references tenants
Hibernate: 
    alter table if exists users 
       add constraint fk_user_tenant 
       foreign key (tenant_id) 
       references tenants
2026-01-31 18:30:59 - spring.jpa.open-in-view is enabled by default. Therefore, database queries may be performed during view rendering. Explicitly configure spring.jpa.open-in-view to disable this warning
2026-01-31 18:31:02 - Started BillingApplicationTests in 13.296 seconds (process running for 14.816)
2026-01-31 18:31:03 - ? JWT secret validation passed (length: 60 characters)
mvn : OpenJDK 64-Bit Server VM warning: Sharing is only supported for boot loader classes because bootstrap classpath 
has been appended
At line:1 char:1
+ mvn test 2>&1 | Out-File -FilePath test-results.txt; Get-Content test ...
+ ~~~~~~~~~~~~~
    + CategoryInfo          : NotSpecified: (OpenJDK 64-Bit ...s been appended:String) [], RemoteException
    + FullyQualifiedErrorId : NativeCommandError
 
[INFO] Tests run: 1, Failures: 0, Errors: 0, Skipped: 0, Time elapsed: 14.55 s -- in org.gb.billing.BillingApplicationTests
[INFO] Running org.gb.billing.controller.AnalyticsControllerTest

  .   ____          _            __ _ _
 /\\ / ___'_ __ _ _(_)_ __  __ _ \ \ \ \
( ( )\___ | '_ | '_| | '_ \/ _` | \ \ \ \
 \\/  ___)| |_)| | | | | || (_| |  ) ) ) )
  '  |____| .__|_| |_|_| |_\__, | / / / /
 =========|_|==============|___/=/_/_/_/
 :: Spring Boot ::                (v3.2.2)

2026-01-31 18:31:03 - Starting AnalyticsControllerTest using Java 17.0.17 with PID 25032 (started by rishi in C:\Users\rishi\OneDrive\Desktop\spring\billing)
2026-01-31 18:31:03 - Running with Spring Boot v3.2.2, Spring v6.1.3
2026-01-31 18:31:03 - No active profile set, falling back to 1 default profile: "default"
2026-01-31 18:31:04 - No authenticationProviders and no parentAuthenticationManager defined. Returning null.
2026-01-31 18:31:05 - Will secure any request with [org.springframework.security.web.session.DisableEncodeUrlFilter@7fe3ee59, org.springframework.security.web.context.request.async.WebAsyncManagerIntegrationFilter@5d65a2f1, org.springframework.security.web.context.SecurityContextHolderFilter@5b4f914, org.springframework.security.web.header.HeaderWriterFilter@53851bb9, org.springframework.web.filter.CorsFilter@1024b871, org.springframework.security.web.authentication.logout.LogoutFilter@69597fb3, org.gb.billing.security.RateLimitingFilter@6492f863, org.gb.billing.security.JwtAuthenticationFilter@7f3f7689, org.springframework.security.web.savedrequest.RequestCacheAwareFilter@4fcc730a, org.springframework.security.web.servletapi.SecurityContextHolderAwareRequestFilter@34eff199, org.springframework.security.web.authentication.AnonymousAuthenticationFilter@5454e13f, org.springframework.security.web.session.SessionManagementFilter@c4e6b39, org.springframework.security.web.access.ExceptionTranslationFilter@7bf62880, org.springframework.security.web.access.intercept.AuthorizationFilter@e0957b5]
2026-01-31 18:31:05 - 

Using generated security password: eb5443c9-c825-43fd-9693-005f6424bf54

This generated password is for development use only. Your security configuration must be updated before running your application in production.

2026-01-31 18:31:05 - Filter 'jwtAuthenticationFilter' configured for use
2026-01-31 18:31:05 - Filter 'rateLimitingFilter' configured for use
2026-01-31 18:31:05 - Initializing Spring TestDispatcherServlet ''
2026-01-31 18:31:05 - Initializing Servlet ''
2026-01-31 18:31:05 - Completed initialization in 1 ms
2026-01-31 18:31:05 - Started AnalyticsControllerTest in 1.997 seconds (process running for 17.545)
2026-01-31 18:31:05 - Securing GET /api/v1/admin/analytics/subscriptions/by-plan
2026-01-31 18:31:06 - Secured GET /api/v1/admin/analytics/subscriptions/by-plan
2026-01-31 18:31:06 - Authorizing method invocation ReflectiveMethodInvocation: public org.springframework.http.ResponseEntity org.gb.billing.controller.AnalyticsController.getSubscriptionCountByPlan(org.gb.billing.entity.User); target is of class [org.gb.billing.controller.AnalyticsController]
2026-01-31 18:31:06 - Authorized method invocation ReflectiveMethodInvocation: public org.springframework.http.ResponseEntity org.gb.billing.controller.AnalyticsController.getSubscriptionCountByPlan(org.gb.billing.entity.User); target is of class [org.gb.billing.controller.AnalyticsController]
2026-01-31 18:31:06 - Securing GET /api/v1/admin/analytics/churn-rate
2026-01-31 18:31:06 - Secured GET /api/v1/admin/analytics/churn-rate
2026-01-31 18:31:06 - Authorizing method invocation ReflectiveMethodInvocation: public org.springframework.http.ResponseEntity org.gb.billing.controller.AnalyticsController.getChurnRate(org.gb.billing.entity.User); target is of class [org.gb.billing.controller.AnalyticsController]
2026-01-31 18:31:06 - Authorized method invocation ReflectiveMethodInvocation: public org.springframework.http.ResponseEntity org.gb.billing.controller.AnalyticsController.getChurnRate(org.gb.billing.entity.User); target is of class [org.gb.billing.controller.AnalyticsController]
2026-01-31 18:31:06 - Securing GET /api/v1/admin/analytics/revenue-summary
2026-01-31 18:31:06 - Secured GET /api/v1/admin/analytics/revenue-summary
2026-01-31 18:31:06 - Authorizing method invocation ReflectiveMethodInvocation: public org.springframework.http.ResponseEntity org.gb.billing.controller.AnalyticsController.getRevenueSummary(org.gb.billing.entity.User); target is of class [org.gb.billing.controller.AnalyticsController]
2026-01-31 18:31:06 - Failed to authorize ReflectiveMethodInvocation: public org.springframework.http.ResponseEntity org.gb.billing.controller.AnalyticsController.getRevenueSummary(org.gb.billing.entity.User); target is of class [org.gb.billing.controller.AnalyticsController] with authorization manager org.springframework.security.config.annotation.method.configuration.DeferringObservationAuthorizationManager@61354cd8 and decision ExpressionAuthorizationDecision [granted=false, expressionAttribute=hasRole('ADMIN')]
2026-01-31 18:31:06 - Access denied for path /api/v1/admin/analytics/revenue-summary: Access Denied
2026-01-31 18:31:06 - Securing GET /api/v1/admin/analytics/revenue-summary
2026-01-31 18:31:06 - Secured GET /api/v1/admin/analytics/revenue-summary
2026-01-31 18:31:06 - Authorizing method invocation ReflectiveMethodInvocation: public org.springframework.http.ResponseEntity org.gb.billing.controller.AnalyticsController.getRevenueSummary(org.gb.billing.entity.User); target is of class [org.gb.billing.controller.AnalyticsController]
2026-01-31 18:31:06 - Authorized method invocation ReflectiveMethodInvocation: public org.springframework.http.ResponseEntity org.gb.billing.controller.AnalyticsController.getRevenueSummary(org.gb.billing.entity.User); target is of class [org.gb.billing.controller.AnalyticsController]
[INFO] Tests run: 4, Failures: 0, Errors: 0, Skipped: 0, Time elapsed: 3.104 s -- in org.gb.billing.controller.AnalyticsControllerTest
[INFO] Running org.gb.billing.controller.AuthControllerTest
2026-01-31 18:31:06 - Could not detect default configuration classes for test class [org.gb.billing.controller.AuthControllerTest]: AuthControllerTest does not declare any static, non-private, non-final, nested classes annotated with @Configuration.
2026-01-31 18:31:06 - Found @SpringBootConfiguration org.gb.billing.BillingApplication for test class org.gb.billing.controller.AuthControllerTest

  .   ____          _            __ _ _
 /\\ / ___'_ __ _ _(_)_ __  __ _ \ \ \ \
( ( )\___ | '_ | '_| | '_ \/ _` | \ \ \ \
 \\/  ___)| |_)| | | | | || (_| |  ) ) ) )
  '  |____| .__|_| |_|_| |_\__, | / / / /
 =========|_|==============|___/=/_/_/_/
 :: Spring Boot ::                (v3.2.2)

2026-01-31 18:31:06 - Starting AuthControllerTest using Java 17.0.17 with PID 25032 (started by rishi in C:\Users\rishi\OneDrive\Desktop\spring\billing)
2026-01-31 18:31:06 - Running with Spring Boot v3.2.2, Spring v6.1.3
2026-01-31 18:31:06 - The following 1 profile is active: "test"
2026-01-31 18:31:08 - HHH90000025: H2Dialect does not need to be specified explicitly using 'hibernate.dialect' (remove the property setting and it will be selected by default)
2026-01-31 18:31:08 - 
    drop table if exists billing_plan cascade 
Hibernate: 
    drop table if exists billing_plan cascade 
2026-01-31 18:31:08 - 
    drop table if exists feature_limit cascade 
Hibernate: 
    drop table if exists feature_limit cascade 
2026-01-31 18:31:08 - 
    drop table if exists payment cascade 
Hibernate: 
    drop table if exists payment cascade 
2026-01-31 18:31:08 - 
    drop table if exists subscription cascade 
Hibernate: 
    drop table if exists subscription cascade 
2026-01-31 18:31:08 - 
    drop table if exists subscription_transition_log cascade 
Hibernate: 
    drop table if exists subscription_transition_log cascade 
2026-01-31 18:31:08 - 
    drop table if exists tenants cascade 
Hibernate: 
    drop table if exists tenants cascade 
2026-01-31 18:31:08 - 
    drop table if exists users cascade 
Hibernate: 
    drop table if exists users cascade 
2026-01-31 18:31:08 - 
    create table billing_plan (
        deleted boolean not null,
        is_active boolean not null,
        price numeric(19,4) not null,
        created_at timestamp(6) with time zone not null,
        updated_at timestamp(6) with time zone not null,
        id uuid not null,
        billing_cycle varchar(20) not null check (billing_cycle in ('MONTHLY','YEARLY')),
        name varchar(100) not null unique,
        description TEXT,
        primary key (id)
    )
Hibernate: 
    create table billing_plan (
        deleted boolean not null,
        is_active boolean not null,
        price numeric(19,4) not null,
        created_at timestamp(6) with time zone not null,
        updated_at timestamp(6) with time zone not null,
        id uuid not null,
        billing_cycle varchar(20) not null check (billing_cycle in ('MONTHLY','YEARLY')),
        name varchar(100) not null unique,
        description TEXT,
        primary key (id)
    )
2026-01-31 18:31:08 - 
    create table feature_limit (
        limit_value integer not null,
        created_at timestamp(6) with time zone not null,
        updated_at timestamp(6) with time zone not null,
        id uuid not null,
        plan_id uuid not null,
        limit_type varchar(50) not null,
        primary key (id),
        constraint unique_plan_limit_type unique (plan_id, limit_type)
    )
Hibernate: 
    create table feature_limit (
        limit_value integer not null,
        created_at timestamp(6) with time zone not null,
        updated_at timestamp(6) with time zone not null,
        id uuid not null,
        plan_id uuid not null,
        limit_type varchar(50) not null,
        primary key (id),
        constraint unique_plan_limit_type unique (plan_id, limit_type)
    )
2026-01-31 18:31:08 - 
    create table payment (
        amount numeric(10,2) not null,
        currency varchar(3) not null,
        created_at timestamp(6) with time zone not null,
        paid_at timestamp(6) with time zone,
        tenant_id bigint not null,
        user_id bigint not null,
        id uuid not null,
        subscription_id uuid not null,
        payment_method varchar(20),
        status varchar(20) not null check (status in ('PENDING','SUCCEEDED','FAILED','REFUNDED')),
        invoice_url varchar(500),
        external_payment_id varchar(255),
        primary key (id)
    )
Hibernate: 
    create table payment (
        amount numeric(10,2) not null,
        currency varchar(3) not null,
        created_at timestamp(6) with time zone not null,
        paid_at timestamp(6) with time zone,
        tenant_id bigint not null,
        user_id bigint not null,
        id uuid not null,
        subscription_id uuid not null,
        payment_method varchar(20),
        status varchar(20) not null check (status in ('PENDING','SUCCEEDED','FAILED','REFUNDED')),
        invoice_url varchar(500),
        external_payment_id varchar(255),
        primary key (id)
    )
2026-01-31 18:31:08 - 
    create table subscription (
        version integer not null,
        canceled_at timestamp(6) with time zone,
        created_at timestamp(6) with time zone not null,
        next_billing_date timestamp(6) with time zone,
        start_date timestamp(6) with time zone not null,
        tenant_id bigint not null,
        updated_at timestamp(6) with time zone not null,
        user_id bigint not null,
        id uuid not null,
        plan_id uuid not null,
        status varchar(20) not null check (status in ('ACTIVE','PAST_DUE','CANCELED')),
        primary key (id)
    )
Hibernate: 
    create table subscription (
        version integer not null,
        canceled_at timestamp(6) with time zone,
        created_at timestamp(6) with time zone not null,
        next_billing_date timestamp(6) with time zone,
        start_date timestamp(6) with time zone not null,
        tenant_id bigint not null,
        updated_at timestamp(6) with time zone not null,
        user_id bigint not null,
        id uuid not null,
        plan_id uuid not null,
        status varchar(20) not null check (status in ('ACTIVE','PAST_DUE','CANCELED')),
        primary key (id)
    )
2026-01-31 18:31:08 - 
    create table subscription_transition_log (
        transitioned_at timestamp(6) with time zone not null,
        transitioned_by bigint,
        id uuid not null,
        subscription_id uuid not null,
        from_status varchar(20),
        to_status varchar(20) not null,
        reason varchar(255),
        primary key (id)
    )
Hibernate: 
    create table subscription_transition_log (
        transitioned_at timestamp(6) with time zone not null,
        transitioned_by bigint,
        id uuid not null,
        subscription_id uuid not null,
        from_status varchar(20),
        to_status varchar(20) not null,
        reason varchar(255),
        primary key (id)
    )
2026-01-31 18:31:08 - 
    create table tenants (
        active boolean not null,
        created_date timestamp(6) not null,
        id bigint generated by default as identity,
        last_modified_date timestamp(6) not null,
        name varchar(255) not null unique,
        primary key (id)
    )
Hibernate: 
    create table tenants (
        active boolean not null,
        created_date timestamp(6) not null,
        id bigint generated by default as identity,
        last_modified_date timestamp(6) not null,
        name varchar(255) not null unique,
        primary key (id)
    )
2026-01-31 18:31:08 - 
    create table users (
        active boolean not null,
        created_date timestamp(6) not null,
        id bigint generated by default as identity,
        last_login_date timestamp(6),
        last_modified_date timestamp(6) not null,
        tenant_id bigint,
        version bigint not null,
        role varchar(50) not null check (role in ('ROLE_ADMIN','ROLE_USER')),
        password varchar(60) not null,
        first_name varchar(100),
        last_name varchar(100),
        email varchar(255) not null unique,
        primary key (id)
    )
Hibernate: 
    create table users (
        active boolean not null,
        created_date timestamp(6) not null,
        id bigint generated by default as identity,
        last_login_date timestamp(6),
        last_modified_date timestamp(6) not null,
        tenant_id bigint,
        version bigint not null,
        role varchar(50) not null check (role in ('ROLE_ADMIN','ROLE_USER')),
        password varchar(60) not null,
        first_name varchar(100),
        last_name varchar(100),
        email varchar(255) not null unique,
        primary key (id)
    )
2026-01-31 18:31:08 - 
    create index idx_billing_plan_deleted 
       on billing_plan (deleted)
Hibernate: 
    create index idx_billing_plan_deleted 
       on billing_plan (deleted)
2026-01-31 18:31:08 - 
    create index idx_billing_plan_active 
       on billing_plan (is_active)
Hibernate: 
    create index idx_billing_plan_active 
       on billing_plan (is_active)
2026-01-31 18:31:08 - 
    create index idx_billing_plan_name 
       on billing_plan (name)
Hibernate: 
    create index idx_billing_plan_name 
       on billing_plan (name)
2026-01-31 18:31:08 - 
    create index idx_payment_subscription 
       on payment (subscription_id)
Hibernate: 
    create index idx_payment_subscription 
       on payment (subscription_id)
2026-01-31 18:31:08 - 
    create index idx_payment_tenant 
       on payment (tenant_id)
Hibernate: 
    create index idx_payment_tenant 
       on payment (tenant_id)
2026-01-31 18:31:08 - 
    create index idx_payment_status 
       on payment (status)
Hibernate: 
    create index idx_payment_status 
       on payment (status)
2026-01-31 18:31:08 - 
    create index idx_payment_external_id 
       on payment (external_payment_id)
Hibernate: 
    create index idx_payment_external_id 
       on payment (external_payment_id)
2026-01-31 18:31:08 - 
    create index idx_subscription_user_id 
       on subscription (user_id)
Hibernate: 
    create index idx_subscription_user_id 
       on subscription (user_id)
2026-01-31 18:31:08 - 
    create index idx_subscription_tenant_id 
       on subscription (tenant_id)
Hibernate: 
    create index idx_subscription_tenant_id 
       on subscription (tenant_id)
2026-01-31 18:31:08 - 
    create index idx_subscription_status 
       on subscription (status)
Hibernate: 
    create index idx_subscription_status 
       on subscription (status)
2026-01-31 18:31:08 - 
    create index idx_subscription_tenant_status 
       on subscription (tenant_id, status)
Hibernate: 
    create index idx_subscription_tenant_status 
       on subscription (tenant_id, status)
2026-01-31 18:31:08 - 
    create index idx_subscription_plan_id 
       on subscription (plan_id)
Hibernate: 
    create index idx_subscription_plan_id 
       on subscription (plan_id)
2026-01-31 18:31:08 - 
    create index idx_subscription_next_billing 
       on subscription (next_billing_date)
Hibernate: 
    create index idx_subscription_next_billing 
       on subscription (next_billing_date)
2026-01-31 18:31:08 - 
    create index idx_transition_log_subscription_id 
       on subscription_transition_log (subscription_id)
Hibernate: 
    create index idx_transition_log_subscription_id 
       on subscription_transition_log (subscription_id)
2026-01-31 18:31:08 - 
    create index idx_transition_log_transitioned_at 
       on subscription_transition_log (transitioned_at)
Hibernate: 
    create index idx_transition_log_transitioned_at 
       on subscription_transition_log (transitioned_at)
2026-01-31 18:31:08 - 
    create index idx_transition_log_to_status 
       on subscription_transition_log (to_status)
Hibernate: 
    create index idx_transition_log_to_status 
       on subscription_transition_log (to_status)
2026-01-31 18:31:08 - 
    create index idx_tenants_name 
       on tenants (name)
Hibernate: 
    create index idx_tenants_name 
       on tenants (name)
2026-01-31 18:31:08 - 
    create index idx_tenants_active 
       on tenants (active)
Hibernate: 
    create index idx_tenants_active 
       on tenants (active)
2026-01-31 18:31:08 - 
    create index idx_users_tenant_id 
       on users (tenant_id)
Hibernate: 
    create index idx_users_tenant_id 
       on users (tenant_id)
2026-01-31 18:31:08 - 
    create index idx_users_role 
       on users (role)
Hibernate: 
    create index idx_users_role 
       on users (role)
2026-01-31 18:31:08 - 
    create index idx_users_active 
       on users (active)
Hibernate: 
    create index idx_users_active 
       on users (active)
2026-01-31 18:31:08 - 
    alter table if exists feature_limit 
       add constraint fk_feature_limit_plan 
       foreign key (plan_id) 
       references billing_plan
Hibernate: 
    alter table if exists feature_limit 
       add constraint fk_feature_limit_plan 
       foreign key (plan_id) 
       references billing_plan
2026-01-31 18:31:08 - 
    alter table if exists subscription 
       add constraint fk_subscription_plan 
       foreign key (plan_id) 
       references billing_plan
Hibernate: 
    alter table if exists subscription 
       add constraint fk_subscription_plan 
       foreign key (plan_id) 
       references billing_plan
2026-01-31 18:31:08 - 
    alter table if exists users 
       add constraint fk_user_tenant 
       foreign key (tenant_id) 
       references tenants
Hibernate: 
    alter table if exists users 
       add constraint fk_user_tenant 
       foreign key (tenant_id) 
       references tenants
2026-01-31 18:31:09 - spring.jpa.open-in-view is enabled by default. Therefore, database queries may be performed during view rendering. Explicitly configure spring.jpa.open-in-view to disable this warning
2026-01-31 18:31:10 - Filter 'jwtAuthenticationFilter' configured for use
2026-01-31 18:31:10 - Filter 'rateLimitingFilter' configured for use
2026-01-31 18:31:10 - Started AuthControllerTest in 4.064 seconds (process running for 22.687)
2026-01-31 18:31:10 - ? JWT secret validation passed (length: 60 characters)
2026-01-31 18:31:11 - Login request received for email: admin@example.com
2026-01-31 18:31:11 - Login request received for email: admin@example.com
2026-01-31 18:31:11 - Invalid credentials attempt for path: /api/v1/auth/login
2026-01-31 18:31:11 - Registration request received for email: admin@example.com
2026-01-31 18:31:11 - Duplicate email registration attempt: Email already registered
2026-01-31 18:31:11 - Registration request received for email: admin@example.com
2026-01-31 18:31:11 - Validation errors for path /api/v1/auth/login: 2 field(s) failed validation
2026-01-31 18:31:11 - Validation errors for path /api/v1/auth/register: 3 field(s) failed validation
[INFO] Tests run: 6, Failures: 0, Errors: 0, Skipped: 0, Time elapsed: 4.632 s -- in org.gb.billing.controller.AuthControllerTest
[INFO] Running org.gb.billing.controller.PlanControllerTest

  .   ____          _            __ _ _
 /\\ / ___'_ __ _ _(_)_ __  __ _ \ \ \ \
( ( )\___ | '_ | '_| | '_ \/ _` | \ \ \ \
 \\/  ___)| |_)| | | | | || (_| |  ) ) ) )
  '  |____| .__|_| |_|_| |_\__, | / / / /
 =========|_|==============|___/=/_/_/_/
 :: Spring Boot ::                (v3.2.2)

2026-01-31 18:31:11 - Starting PlanControllerTest using Java 17.0.17 with PID 25032 (started by rishi in C:\Users\rishi\OneDrive\Desktop\spring\billing)
2026-01-31 18:31:11 - Running with Spring Boot v3.2.2, Spring v6.1.3
2026-01-31 18:31:11 - No active profile set, falling back to 1 default profile: "default"
2026-01-31 18:31:11 - No authenticationProviders and no parentAuthenticationManager defined. Returning null.
2026-01-31 18:31:11 - Will secure any request with [org.springframework.security.web.session.DisableEncodeUrlFilter@e05c51c, org.springframework.security.web.context.request.async.WebAsyncManagerIntegrationFilter@386af679, org.springframework.security.web.context.SecurityContextHolderFilter@5e2b0fa, org.springframework.security.web.header.HeaderWriterFilter@17d998b, org.springframework.web.filter.CorsFilter@3760fc6a, org.springframework.security.web.authentication.logout.LogoutFilter@e871bce, org.gb.billing.security.RateLimitingFilter@5a2266a3, org.gb.billing.security.JwtAuthenticationFilter@7d891953, org.springframework.security.web.savedrequest.RequestCacheAwareFilter@42294ce4, org.springframework.security.web.servletapi.SecurityContextHolderAwareRequestFilter@2ff524eb, org.springframework.security.web.authentication.AnonymousAuthenticationFilter@1bef8781, org.springframework.security.web.session.SessionManagementFilter@426b205, org.springframework.security.web.access.ExceptionTranslationFilter@340e6052, org.springframework.security.web.access.intercept.AuthorizationFilter@9586c9]
2026-01-31 18:31:11 - 

Using generated security password: 3e0f0e66-8dda-4c7b-b3ec-9c46adde448f

This generated password is for development use only. Your security configuration must be updated before running your application in production.

2026-01-31 18:31:11 - Filter 'jwtAuthenticationFilter' configured for use
2026-01-31 18:31:11 - Filter 'rateLimitingFilter' configured for use
2026-01-31 18:31:11 - Initializing Spring TestDispatcherServlet ''
2026-01-31 18:31:11 - Initializing Servlet ''
2026-01-31 18:31:11 - Completed initialization in 0 ms
2026-01-31 18:31:11 - Started PlanControllerTest in 0.489 seconds (process running for 23.758)
2026-01-31 18:31:11 - Securing PUT /api/v1/plans/325b14b9-2ddf-4454-83eb-3416d7ac195f
2026-01-31 18:31:11 - Secured PUT /api/v1/plans/325b14b9-2ddf-4454-83eb-3416d7ac195f
2026-01-31 18:31:12 - Authorizing method invocation ReflectiveMethodInvocation: public org.springframework.http.ResponseEntity org.gb.billing.controller.PlanController.updatePlan(java.util.UUID,org.gb.billing.dto.request.UpdatePlanRequest); target is of class [org.gb.billing.controller.PlanController]
2026-01-31 18:31:12 - Authorized method invocation ReflectiveMethodInvocation: public org.springframework.http.ResponseEntity org.gb.billing.controller.PlanController.updatePlan(java.util.UUID,org.gb.billing.dto.request.UpdatePlanRequest); target is of class [org.gb.billing.controller.PlanController]
2026-01-31 18:31:12 - Updating plan: 325b14b9-2ddf-4454-83eb-3416d7ac195f
2026-01-31 18:31:12 - Securing POST /api/v1/plans
2026-01-31 18:31:12 - Secured POST /api/v1/plans
2026-01-31 18:31:12 - Authorizing method invocation ReflectiveMethodInvocation: public org.springframework.http.ResponseEntity org.gb.billing.controller.PlanController.createPlan(org.gb.billing.dto.request.CreatePlanRequest); target is of class [org.gb.billing.controller.PlanController]
2026-01-31 18:31:12 - Failed to authorize ReflectiveMethodInvocation: public org.springframework.http.ResponseEntity org.gb.billing.controller.PlanController.createPlan(org.gb.billing.dto.request.CreatePlanRequest); target is of class [org.gb.billing.controller.PlanController] with authorization manager org.springframework.security.config.annotation.method.configuration.DeferringObservationAuthorizationManager@f7f3777 and decision ExpressionAuthorizationDecision [granted=false, expressionAttribute=hasRole('ADMIN')]
2026-01-31 18:31:12 - Access denied for path /api/v1/plans: Access Denied

MockHttpServletRequest:
      HTTP Method = POST
      Request URI = /api/v1/plans
       Parameters = {_csrf=[oY_eCTyfguB4EgzpU2HTk6RZzh5g8LDlWm4xksYYHuT8_xlKlu3mPw75tNNVI26KMUznopxo439UlIfIaw8C8aQuLYDMyip_]}
          Headers = [Content-Type:"application/json;charset=UTF-8", Content-Length:"104"]
             Body = {"name":"Pro Plan","description":"Professional tier description","price":29.99,"billingCycle":"MONTHLY"}
    Session Attrs = {}

Handler:
             Type = org.gb.billing.controller.PlanController
           Method = org.gb.billing.controller.PlanController#createPlan(CreatePlanRequest)

Async:
    Async started = false
     Async result = null

Resolved Exception:
             Type = org.springframework.security.access.AccessDeniedException

ModelAndView:
        View name = null
             View = null
            Model = null

FlashMap:
       Attributes = null

MockHttpServletResponse:
           Status = 403
    Error message = null
          Headers = [Vary:"Origin", "Access-Control-Request-Method", "Access-Control-Request-Headers", Content-Type:"application/json", X-Content-Type-Options:"nosniff", X-XSS-Protection:"0", Cache-Control:"no-cache, no-store, max-age=0, must-revalidate", Pragma:"no-cache", Expires:"0", X-Frame-Options:"DENY"]
     Content type = application/json
             Body = {"status":403,"error":"Forbidden","errorCode":"ACCESS_DENIED","message":"You do not have permission to access this resource","timestamp":"2026-01-31T13:01:12.120673600Z","path":"/api/v1/plans"}
    Forwarded URL = null
   Redirected URL = null
          Cookies = []
2026-01-31 18:31:12 - Securing GET /api/v1/plans
2026-01-31 18:31:12 - Set SecurityContextHolder to anonymous SecurityContext
2026-01-31 18:31:12 - Pre-authenticated entry point called. Rejecting access
2026-01-31 18:31:12 - Securing POST /api/v1/plans
2026-01-31 18:31:12 - Secured POST /api/v1/plans
2026-01-31 18:31:12 - Authorizing method invocation ReflectiveMethodInvocation: public org.springframework.http.ResponseEntity org.gb.billing.controller.PlanController.createPlan(org.gb.billing.dto.request.CreatePlanRequest); target is of class [org.gb.billing.controller.PlanController]
2026-01-31 18:31:12 - Authorized method invocation ReflectiveMethodInvocation: public org.springframework.http.ResponseEntity org.gb.billing.controller.PlanController.createPlan(org.gb.billing.dto.request.CreatePlanRequest); target is of class [org.gb.billing.controller.PlanController]
2026-01-31 18:31:12 - Creating new plan: Pro
2026-01-31 18:31:12 - Securing GET /api/v1/plans
2026-01-31 18:31:12 - Secured GET /api/v1/plans
2026-01-31 18:31:12 - Fetching all plans
2026-01-31 18:31:12 - Securing GET /api/v1/plans/2319f8ba-6289-4546-9adf-7ce1605b6eb1
2026-01-31 18:31:12 - Secured GET /api/v1/plans/2319f8ba-6289-4546-9adf-7ce1605b6eb1
2026-01-31 18:31:12 - Fetching plan by ID: 2319f8ba-6289-4546-9adf-7ce1605b6eb1
2026-01-31 18:31:12 - Securing DELETE /api/v1/plans/dc1cf473-7e5e-4bf2-9945-9cff9784ba83
2026-01-31 18:31:12 - Secured DELETE /api/v1/plans/dc1cf473-7e5e-4bf2-9945-9cff9784ba83
2026-01-31 18:31:12 - Authorizing method invocation ReflectiveMethodInvocation: public org.springframework.http.ResponseEntity org.gb.billing.controller.PlanController.deletePlan(java.util.UUID); target is of class [org.gb.billing.controller.PlanController]
2026-01-31 18:31:12 - Authorized method invocation ReflectiveMethodInvocation: public org.springframework.http.ResponseEntity org.gb.billing.controller.PlanController.deletePlan(java.util.UUID); target is of class [org.gb.billing.controller.PlanController]
2026-01-31 18:31:12 - Deleting plan: dc1cf473-7e5e-4bf2-9945-9cff9784ba83
[INFO] Tests run: 7, Failures: 0, Errors: 0, Skipped: 0, Time elapsed: 0.776 s -- in org.gb.billing.controller.PlanControllerTest
[INFO] Running org.gb.billing.controller.SubscriptionApiTest
2026-01-31 18:31:12 - Could not detect default configuration classes for test class [org.gb.billing.controller.SubscriptionApiTest]: SubscriptionApiTest does not declare any static, non-private, non-final, nested classes annotated with @Configuration.
2026-01-31 18:31:12 - Found @SpringBootConfiguration org.gb.billing.BillingApplication for test class org.gb.billing.controller.SubscriptionApiTest

  .   ____          _            __ _ _
 /\\ / ___'_ __ _ _(_)_ __  __ _ \ \ \ \
( ( )\___ | '_ | '_| | '_ \/ _` | \ \ \ \
 \\/  ___)| |_)| | | | | || (_| |  ) ) ) )
  '  |____| .__|_| |_|_| |_\__, | / / / /
 =========|_|==============|___/=/_/_/_/
 :: Spring Boot ::                (v3.2.2)

2026-01-31 18:31:12 - Starting SubscriptionApiTest using Java 17.0.17 with PID 25032 (started by rishi in C:\Users\rishi\OneDrive\Desktop\spring\billing)
2026-01-31 18:31:12 - Running with Spring Boot v3.2.2, Spring v6.1.3
2026-01-31 18:31:12 - No active profile set, falling back to 1 default profile: "default"
2026-01-31 18:31:12 - No authenticationProviders and no parentAuthenticationManager defined. Returning null.
2026-01-31 18:31:12 - Will secure any request with [org.springframework.security.web.session.DisableEncodeUrlFilter@2d7df0d0, org.springframework.security.web.context.request.async.WebAsyncManagerIntegrationFilter@43837c5, org.springframework.security.web.context.SecurityContextHolderFilter@68cbe4da, org.springframework.security.web.header.HeaderWriterFilter@2f28710a, org.springframework.web.filter.CorsFilter@7d527572, org.springframework.security.web.authentication.logout.LogoutFilter@6d988e94, org.gb.billing.security.RateLimitingFilter@2926c1dc, org.gb.billing.security.JwtAuthenticationFilter@35aeef9b, org.springframework.security.web.savedrequest.RequestCacheAwareFilter@4352280e, org.springframework.security.web.servletapi.SecurityContextHolderAwareRequestFilter@2f1ea14f, org.springframework.security.web.authentication.AnonymousAuthenticationFilter@288997a7, org.springframework.security.web.session.SessionManagementFilter@48e7a9df, org.springframework.security.web.access.ExceptionTranslationFilter@77ab932e, org.springframework.security.web.access.intercept.AuthorizationFilter@6516130c]
2026-01-31 18:31:12 - 

Using generated security password: 9ecf1b35-ef31-4d34-8de1-069c508757a9

This generated password is for development use only. Your security configuration must be updated before running your application in production.

2026-01-31 18:31:12 - Filter 'jwtAuthenticationFilter' configured for use
2026-01-31 18:31:12 - Filter 'rateLimitingFilter' configured for use
2026-01-31 18:31:12 - Initializing Spring TestDispatcherServlet ''
2026-01-31 18:31:12 - Initializing Servlet ''
2026-01-31 18:31:12 - Completed initialization in 0 ms
2026-01-31 18:31:12 - Started SubscriptionApiTest in 0.476 seconds (process running for 24.524)
2026-01-31 18:31:12 - Securing GET /api/v1/subscriptions/my-subscription
2026-01-31 18:31:12 - Secured GET /api/v1/subscriptions/my-subscription
2026-01-31 18:31:12 - Authorizing method invocation ReflectiveMethodInvocation: public org.springframework.http.ResponseEntity org.gb.billing.controller.SubscriptionController.getMySubscription(org.gb.billing.entity.User); target is of class [org.gb.billing.controller.SubscriptionController]
2026-01-31 18:31:12 - Authorized method invocation ReflectiveMethodInvocation: public org.springframework.http.ResponseEntity org.gb.billing.controller.SubscriptionController.getMySubscription(org.gb.billing.entity.User); target is of class [org.gb.billing.controller.SubscriptionController]
2026-01-31 18:31:12 - Unexpected error [ID: 7d3a2a38-bb5d-43c7-a3d9-fbd8a495e810] for path /api/v1/subscriptions/my-subscription: Cannot invoke "org.gb.billing.entity.User.getId()" because "user" is null
java.lang.NullPointerException: Cannot invoke "org.gb.billing.entity.User.getId()" because "user" is null
	at org.gb.billing.controller.SubscriptionController.getMySubscription(SubscriptionController.java:110)
	at java.base/jdk.internal.reflect.NativeMethodAccessorImpl.invoke0(Native Method)
	at java.base/jdk.internal.reflect.NativeMethodAccessorImpl.invoke(NativeMethodAccessorImpl.java:77)
	at java.base/jdk.internal.reflect.DelegatingMethodAccessorImpl.invoke(DelegatingMethodAccessorImpl.java:43)
	at java.base/java.lang.reflect.Method.invoke(Method.java:569)
	at org.springframework.aop.support.AopUtils.invokeJoinpointUsingReflection(AopUtils.java:351)
	at org.springframework.aop.framework.ReflectiveMethodInvocation.invokeJoinpoint(ReflectiveMethodInvocation.java:196)
	at org.springframework.aop.framework.ReflectiveMethodInvocation.proceed(ReflectiveMethodInvocation.java:163)
	at org.springframework.aop.framework.CglibAopProxy$CglibMethodInvocation.proceed(CglibAopProxy.java:765)
	at org.springframework.security.authorization.method.AuthorizationManagerBeforeMethodInterceptor.invoke(AuthorizationManagerBeforeMethodInterceptor.java:198)
	at org.springframework.aop.framework.ReflectiveMethodInvocation.proceed(ReflectiveMethodInvocation.java:184)
	at org.springframework.aop.framework.CglibAopProxy$CglibMethodInvocation.proceed(CglibAopProxy.java:765)
	at org.springframework.aop.framework.CglibAopProxy$DynamicAdvisedInterceptor.intercept(CglibAopProxy.java:717)
	at org.gb.billing.controller.SubscriptionController$$SpringCGLIB$$0.getMySubscription(<generated>)
	at java.base/jdk.internal.reflect.NativeMethodAccessorImpl.invoke0(Native Method)
	at java.base/jdk.internal.reflect.NativeMethodAccessorImpl.invoke(NativeMethodAccessorImpl.java:77)
	at java.base/jdk.internal.reflect.DelegatingMethodAccessorImpl.invoke(DelegatingMethodAccessorImpl.java:43)
	at java.base/java.lang.reflect.Method.invoke(Method.java:569)
	at org.springframework.web.method.support.InvocableHandlerMethod.doInvoke(InvocableHandlerMethod.java:261)
	at org.springframework.web.method.support.InvocableHandlerMethod.invokeForRequest(InvocableHandlerMethod.java:189)
	at org.springframework.web.servlet.mvc.method.annotation.ServletInvocableHandlerMethod.invokeAndHandle(ServletInvocableHandlerMethod.java:118)
	at org.springframework.web.servlet.mvc.method.annotation.RequestMappingHandlerAdapter.invokeHandlerMethod(RequestMappingHandlerAdapter.java:917)
	at org.springframework.web.servlet.mvc.method.annotation.RequestMappingHandlerAdapter.handleInternal(RequestMappingHandlerAdapter.java:829)
	at org.springframework.web.servlet.mvc.method.AbstractHandlerMethodAdapter.handle(AbstractHandlerMethodAdapter.java:87)
	at org.springframework.web.servlet.DispatcherServlet.doDispatch(DispatcherServlet.java:1089)
	at org.springframework.web.servlet.DispatcherServlet.doService(DispatcherServlet.java:979)
	at org.springframework.web.servlet.FrameworkServlet.processRequest(FrameworkServlet.java:1014)
	at org.springframework.web.servlet.FrameworkServlet.doGet(FrameworkServlet.java:903)
	at jakarta.servlet.http.HttpServlet.service(HttpServlet.java:564)
	at org.springframework.web.servlet.FrameworkServlet.service(FrameworkServlet.java:885)
	at org.springframework.test.web.servlet.TestDispatcherServlet.service(TestDispatcherServlet.java:72)
	at jakarta.servlet.http.HttpServlet.service(HttpServlet.java:658)
	at org.springframework.mock.web.MockFilterChain$ServletFilterProxy.doFilter(MockFilterChain.java:165)
	at org.springframework.mock.web.MockFilterChain.doFilter(MockFilterChain.java:132)
	at org.springframework.web.filter.OncePerRequestFilter.doFilter(OncePerRequestFilter.java:110)
	at org.springframework.test.web.servlet.setup.MockMvcFilterDecorator.doFilter(MockMvcFilterDecorator.java:151)
	at org.springframework.mock.web.MockFilterChain.doFilter(MockFilterChain.java:132)
	at org.springframework.web.filter.OncePerRequestFilter.doFilter(OncePerRequestFilter.java:110)
	at org.springframework.test.web.servlet.setup.MockMvcFilterDecorator.doFilter(MockMvcFilterDecorator.java:151)
	at org.springframework.mock.web.MockFilterChain.doFilter(MockFilterChain.java:132)
	at org.springframework.web.filter.CompositeFilter$VirtualFilterChain.doFilter(CompositeFilter.java:108)
	at org.springframework.security.web.FilterChainProxy.lambda$doFilterInternal$3(FilterChainProxy.java:231)
	at org.springframework.security.web.FilterChainProxy$VirtualFilterChain.doFilter(FilterChainProxy.java:365)
	at org.springframework.security.web.access.intercept.AuthorizationFilter.doFilter(AuthorizationFilter.java:100)
	at org.springframework.security.web.FilterChainProxy$VirtualFilterChain.doFilter(FilterChainProxy.java:374)
	at org.springframework.security.web.access.ExceptionTranslationFilter.doFilter(ExceptionTranslationFilter.java:126)
	at org.springframework.security.web.access.ExceptionTranslationFilter.doFilter(ExceptionTranslationFilter.java:120)
	at org.springframework.security.web.FilterChainProxy$VirtualFilterChain.doFilter(FilterChainProxy.java:374)
	at org.springframework.security.web.session.SessionManagementFilter.doFilter(SessionManagementFilter.java:131)
	at org.springframework.security.web.session.SessionManagementFilter.doFilter(SessionManagementFilter.java:85)
	at org.springframework.security.web.FilterChainProxy$VirtualFilterChain.doFilter(FilterChainProxy.java:374)
	at org.springframework.security.web.authentication.AnonymousAuthenticationFilter.doFilter(AnonymousAuthenticationFilter.java:100)
	at org.springframework.security.web.FilterChainProxy$VirtualFilterChain.doFilter(FilterChainProxy.java:374)
	at org.springframework.security.web.servletapi.SecurityContextHolderAwareRequestFilter.doFilter(SecurityContextHolderAwareRequestFilter.java:179)
	at org.springframework.security.web.FilterChainProxy$VirtualFilterChain.doFilter(FilterChainProxy.java:374)
	at org.springframework.security.web.savedrequest.RequestCacheAwareFilter.doFilter(RequestCacheAwareFilter.java:63)
	at org.springframework.security.web.FilterChainProxy$VirtualFilterChain.doFilter(FilterChainProxy.java:374)
	at org.gb.billing.security.JwtAuthenticationFilter.doFilterInternal(JwtAuthenticationFilter.java:74)
	at org.springframework.web.filter.OncePerRequestFilter.doFilter(OncePerRequestFilter.java:116)
	at org.springframework.security.web.FilterChainProxy$VirtualFilterChain.doFilter(FilterChainProxy.java:374)
	at org.gb.billing.security.RateLimitingFilter.doFilterInternal(RateLimitingFilter.java:70)
	at org.springframework.web.filter.OncePerRequestFilter.doFilter(OncePerRequestFilter.java:116)
	at org.springframework.security.web.FilterChainProxy$VirtualFilterChain.doFilter(FilterChainProxy.java:374)
	at org.springframework.security.web.authentication.logout.LogoutFilter.doFilter(LogoutFilter.java:107)
	at org.springframework.security.web.authentication.logout.LogoutFilter.doFilter(LogoutFilter.java:93)
	at org.springframework.security.web.FilterChainProxy$VirtualFilterChain.doFilter(FilterChainProxy.java:374)
	at org.springframework.web.filter.CorsFilter.doFilterInternal(CorsFilter.java:91)
	at org.springframework.web.filter.OncePerRequestFilter.doFilter(OncePerRequestFilter.java:116)
	at org.springframework.security.web.FilterChainProxy$VirtualFilterChain.doFilter(FilterChainProxy.java:374)
	at org.springframework.security.web.header.HeaderWriterFilter.doHeadersAfter(HeaderWriterFilter.java:90)
	at org.springframework.security.web.header.HeaderWriterFilter.doFilterInternal(HeaderWriterFilter.java:75)
	at org.springframework.web.filter.OncePerRequestFilter.doFilter(OncePerRequestFilter.java:116)
	at org.springframework.security.web.FilterChainProxy$VirtualFilterChain.doFilter(FilterChainProxy.java:374)
	at org.springframework.security.web.context.SecurityContextHolderFilter.doFilter(SecurityContextHolderFilter.java:82)
	at org.springframework.security.web.context.SecurityContextHolderFilter.doFilter(SecurityContextHolderFilter.java:69)
	at org.springframework.security.web.FilterChainProxy$VirtualFilterChain.doFilter(FilterChainProxy.java:374)
	at org.springframework.security.web.context.request.async.WebAsyncManagerIntegrationFilter.doFilterInternal(WebAsyncManagerIntegrationFilter.java:62)
	at org.springframework.web.filter.OncePerRequestFilter.doFilter(OncePerRequestFilter.java:116)
	at org.springframework.security.web.FilterChainProxy$VirtualFilterChain.doFilter(FilterChainProxy.java:374)
	at org.springframework.security.web.session.DisableEncodeUrlFilter.doFilterInternal(DisableEncodeUrlFilter.java:42)
	at org.springframework.web.filter.OncePerRequestFilter.doFilter(OncePerRequestFilter.java:116)
	at org.springframework.security.web.FilterChainProxy$VirtualFilterChain.doFilter(FilterChainProxy.java:374)
	at org.springframework.security.web.FilterChainProxy.doFilterInternal(FilterChainProxy.java:233)
	at org.springframework.security.web.FilterChainProxy.doFilter(FilterChainProxy.java:191)
	at org.springframework.web.filter.CompositeFilter$VirtualFilterChain.doFilter(CompositeFilter.java:113)
	at org.springframework.web.servlet.handler.HandlerMappingIntrospector.lambda$createCacheFilter$3(HandlerMappingIntrospector.java:195)
	at org.springframework.web.filter.CompositeFilter$VirtualFilterChain.doFilter(CompositeFilter.java:113)
	at org.springframework.web.filter.CompositeFilter.doFilter(CompositeFilter.java:74)
	at org.springframework.security.config.annotation.web.configuration.WebMvcSecurityConfiguration$CompositeFilterChainProxy.doFilter(WebMvcSecurityConfiguration.java:225)
	at org.springframework.web.filter.DelegatingFilterProxy.invokeDelegate(DelegatingFilterProxy.java:352)
	at org.springframework.web.filter.DelegatingFilterProxy.doFilter(DelegatingFilterProxy.java:268)
	at org.springframework.test.web.servlet.setup.MockMvcFilterDecorator.doFilter(MockMvcFilterDecorator.java:151)
	at org.springframework.mock.web.MockFilterChain.doFilter(MockFilterChain.java:132)
	at org.springframework.web.filter.RequestContextFilter.doFilterInternal(RequestContextFilter.java:100)
	at org.springframework.web.filter.OncePerRequestFilter.doFilter(OncePerRequestFilter.java:116)
	at org.springframework.test.web.servlet.setup.MockMvcFilterDecorator.doFilter(MockMvcFilterDecorator.java:151)
	at org.springframework.mock.web.MockFilterChain.doFilter(MockFilterChain.java:132)
	at org.springframework.web.filter.FormContentFilter.doFilterInternal(FormContentFilter.java:93)
	at org.springframework.web.filter.OncePerRequestFilter.doFilter(OncePerRequestFilter.java:116)
	at org.springframework.test.web.servlet.setup.MockMvcFilterDecorator.doFilter(MockMvcFilterDecorator.java:151)
	at org.springframework.mock.web.MockFilterChain.doFilter(MockFilterChain.java:132)
	at org.springframework.web.filter.CharacterEncodingFilter.doFilterInternal(CharacterEncodingFilter.java:201)
	at org.springframework.web.filter.OncePerRequestFilter.doFilter(OncePerRequestFilter.java:116)
	at org.springframework.test.web.servlet.setup.MockMvcFilterDecorator.doFilter(MockMvcFilterDecorator.java:151)
	at org.springframework.mock.web.MockFilterChain.doFilter(MockFilterChain.java:132)
	at org.springframework.test.web.servlet.MockMvc.perform(MockMvc.java:201)
	at org.gb.billing.controller.SubscriptionApiTest.shouldGetMySubscription(SubscriptionApiTest.java:98)
	at java.base/jdk.internal.reflect.NativeMethodAccessorImpl.invoke0(Native Method)
	at java.base/jdk.internal.reflect.NativeMethodAccessorImpl.invoke(NativeMethodAccessorImpl.java:77)
	at java.base/jdk.internal.reflect.DelegatingMethodAccessorImpl.invoke(DelegatingMethodAccessorImpl.java:43)
	at java.base/java.lang.reflect.Method.invoke(Method.java:569)
	at org.junit.platform.commons.util.ReflectionUtils.invokeMethod(ReflectionUtils.java:728)
	at org.junit.jupiter.engine.execution.MethodInvocation.proceed(MethodInvocation.java:60)
	at org.junit.jupiter.engine.execution.InvocationInterceptorChain$ValidatingInvocation.proceed(InvocationInterceptorChain.java:131)
	at org.junit.jupiter.engine.extension.TimeoutExtension.intercept(TimeoutExtension.java:156)
	at org.junit.jupiter.engine.extension.TimeoutExtension.interceptTestableMethod(TimeoutExtension.java:147)
	at org.junit.jupiter.engine.extension.TimeoutExtension.interceptTestMethod(TimeoutExtension.java:86)
	at org.junit.jupiter.engine.execution.InterceptingExecutableInvoker$ReflectiveInterceptorCall.lambda$ofVoidMethod$0(InterceptingExecutableInvoker.java:103)
	at org.junit.jupiter.engine.execution.InterceptingExecutableInvoker.lambda$invoke$0(InterceptingExecutableInvoker.java:93)
	at org.junit.jupiter.engine.execution.InvocationInterceptorChain$InterceptedInvocation.proceed(InvocationInterceptorChain.java:106)
	at org.junit.jupiter.engine.execution.InvocationInterceptorChain.proceed(InvocationInterceptorChain.java:64)
	at org.junit.jupiter.engine.execution.InvocationInterceptorChain.chainAndInvoke(InvocationInterceptorChain.java:45)
	at org.junit.jupiter.engine.execution.InvocationInterceptorChain.invoke(InvocationInterceptorChain.java:37)
	at org.junit.jupiter.engine.execution.InterceptingExecutableInvoker.invoke(InterceptingExecutableInvoker.java:92)
	at org.junit.jupiter.engine.execution.InterceptingExecutableInvoker.invoke(InterceptingExecutableInvoker.java:86)
	at org.junit.jupiter.engine.descriptor.TestMethodTestDescriptor.lambda$invokeTestMethod$7(TestMethodTestDescriptor.java:218)
	at org.junit.platform.engine.support.hierarchical.ThrowableCollector.execute(ThrowableCollector.java:73)
	at org.junit.jupiter.engine.descriptor.TestMethodTestDescriptor.invokeTestMethod(TestMethodTestDescriptor.java:214)
	at org.junit.jupiter.engine.descriptor.TestMethodTestDescriptor.execute(TestMethodTestDescriptor.java:139)
	at org.junit.jupiter.engine.descriptor.TestMethodTestDescriptor.execute(TestMethodTestDescriptor.java:69)
	at org.junit.platform.engine.support.hierarchical.NodeTestTask.lambda$executeRecursively$6(NodeTestTask.java:151)
	at org.junit.platform.engine.support.hierarchical.ThrowableCollector.execute(ThrowableCollector.java:73)
	at org.junit.platform.engine.support.hierarchical.NodeTestTask.lambda$executeRecursively$8(NodeTestTask.java:141)
	at org.junit.platform.engine.support.hierarchical.Node.around(Node.java:137)
	at org.junit.platform.engine.support.hierarchical.NodeTestTask.lambda$executeRecursively$9(NodeTestTask.java:139)
	at org.junit.platform.engine.support.hierarchical.ThrowableCollector.execute(ThrowableCollector.java:73)
	at org.junit.platform.engine.support.hierarchical.NodeTestTask.executeRecursively(NodeTestTask.java:138)
	at org.junit.platform.engine.support.hierarchical.NodeTestTask.execute(NodeTestTask.java:95)
	at java.base/java.util.ArrayList.forEach(ArrayList.java:1511)
	at org.junit.platform.engine.support.hierarchical.SameThreadHierarchicalTestExecutorService.invokeAll(SameThreadHierarchicalTestExecutorService.java:41)
	at org.junit.platform.engine.support.hierarchical.NodeTestTask.lambda$executeRecursively$6(NodeTestTask.java:155)
	at org.junit.platform.engine.support.hierarchical.ThrowableCollector.execute(ThrowableCollector.java:73)
	at org.junit.platform.engine.support.hierarchical.NodeTestTask.lambda$executeRecursively$8(NodeTestTask.java:141)
	at org.junit.platform.engine.support.hierarchical.Node.around(Node.java:137)
	at org.junit.platform.engine.support.hierarchical.NodeTestTask.lambda$executeRecursively$9(NodeTestTask.java:139)
	at org.junit.platform.engine.support.hierarchical.ThrowableCollector.execute(ThrowableCollector.java:73)
	at org.junit.platform.engine.support.hierarchical.NodeTestTask.executeRecursively(NodeTestTask.java:138)
	at org.junit.platform.engine.support.hierarchical.NodeTestTask.execute(NodeTestTask.java:95)
	at java.base/java.util.ArrayList.forEach(ArrayList.java:1511)
	at org.junit.platform.engine.support.hierarchical.SameThreadHierarchicalTestExecutorService.invokeAll(SameThreadHierarchicalTestExecutorService.java:41)
	at org.junit.platform.engine.support.hierarchical.NodeTestTask.lambda$executeRecursively$6(NodeTestTask.java:155)
	at org.junit.platform.engine.support.hierarchical.ThrowableCollector.execute(ThrowableCollector.java:73)
	at org.junit.platform.engine.support.hierarchical.NodeTestTask.lambda$executeRecursively$8(NodeTestTask.java:141)
	at org.junit.platform.engine.support.hierarchical.Node.around(Node.java:137)
	at org.junit.platform.engine.support.hierarchical.NodeTestTask.lambda$executeRecursively$9(NodeTestTask.java:139)
	at org.junit.platform.engine.support.hierarchical.ThrowableCollector.execute(ThrowableCollector.java:73)
	at org.junit.platform.engine.support.hierarchical.NodeTestTask.executeRecursively(NodeTestTask.java:138)
	at org.junit.platform.engine.support.hierarchical.NodeTestTask.execute(NodeTestTask.java:95)
	at org.junit.platform.engine.support.hierarchical.SameThreadHierarchicalTestExecutorService.submit(SameThreadHierarchicalTestExecutorService.java:35)
	at org.junit.platform.engine.support.hierarchical.HierarchicalTestExecutor.execute(HierarchicalTestExecutor.java:57)
	at org.junit.platform.engine.support.hierarchical.HierarchicalTestEngine.execute(HierarchicalTestEngine.java:54)
	at org.junit.platform.launcher.core.EngineExecutionOrchestrator.execute(EngineExecutionOrchestrator.java:198)
	at org.junit.platform.launcher.core.EngineExecutionOrchestrator.execute(EngineExecutionOrchestrator.java:169)
	at org.junit.platform.launcher.core.EngineExecutionOrchestrator.execute(EngineExecutionOrchestrator.java:93)
	at org.junit.platform.launcher.core.EngineExecutionOrchestrator.lambda$execute$0(EngineExecutionOrchestrator.java:58)
	at org.junit.platform.launcher.core.EngineExecutionOrchestrator.withInterceptedStreams(EngineExecutionOrchestrator.java:141)
	at org.junit.platform.launcher.core.EngineExecutionOrchestrator.execute(EngineExecutionOrchestrator.java:57)
	at org.junit.platform.launcher.core.DefaultLauncher.execute(DefaultLauncher.java:103)
	at org.junit.platform.launcher.core.DefaultLauncher.execute(DefaultLauncher.java:85)
	at org.junit.platform.launcher.core.DelegatingLauncher.execute(DelegatingLauncher.java:47)
	at org.apache.maven.surefire.junitplatform.LazyLauncher.execute(LazyLauncher.java:56)
	at org.apache.maven.surefire.junitplatform.JUnitPlatformProvider.execute(JUnitPlatformProvider.java:184)
	at org.apache.maven.surefire.junitplatform.JUnitPlatformProvider.invokeAllTests(JUnitPlatformProvider.java:148)
	at org.apache.maven.surefire.junitplatform.JUnitPlatformProvider.invoke(JUnitPlatformProvider.java:122)
	at org.apache.maven.surefire.booter.ForkedBooter.runSuitesInProcess(ForkedBooter.java:385)
	at org.apache.maven.surefire.booter.ForkedBooter.execute(ForkedBooter.java:162)
	at org.apache.maven.surefire.booter.ForkedBooter.run(ForkedBooter.java:507)
	at org.apache.maven.surefire.booter.ForkedBooter.main(ForkedBooter.java:495)

MockHttpServletRequest:
      HTTP Method = GET
      Request URI = /api/v1/subscriptions/my-subscription
       Parameters = {}
          Headers = []
             Body = null
    Session Attrs = {}

Handler:
             Type = org.gb.billing.controller.SubscriptionController
           Method = org.gb.billing.controller.SubscriptionController#getMySubscription(User)

Async:
    Async started = false
     Async result = null

Resolved Exception:
             Type = java.lang.NullPointerException

ModelAndView:
        View name = null
             View = null
            Model = null

FlashMap:
       Attributes = null

MockHttpServletResponse:
           Status = 500
    Error message = null
          Headers = [Vary:"Origin", "Access-Control-Request-Method", "Access-Control-Request-Headers", Content-Type:"application/json", X-Content-Type-Options:"nosniff", X-XSS-Protection:"0", Cache-Control:"no-cache, no-store, max-age=0, must-revalidate", Pragma:"no-cache", Expires:"0", X-Frame-Options:"DENY"]
     Content type = application/json
             Body = {"status":500,"error":"Internal Server Error","errorCode":"INTERNAL_SERVER_ERROR","message":"An unexpected error occurred. Please reference error ID: 7d3a2a38-bb5d-43c7-a3d9-fbd8a495e810","timestamp":"2026-01-31T13:01:12.731395300Z","path":"/api/v1/subscriptions/my-subscription","errorId":"7d3a2a38-bb5d-43c7-a3d9-fbd8a495e810"}
    Forwarded URL = null
   Redirected URL = null
          Cookies = []
2026-01-31 18:31:12 - Securing GET /api/v1/subscriptions/my-subscription
2026-01-31 18:31:12 - Secured GET /api/v1/subscriptions/my-subscription
2026-01-31 18:31:12 - Authorizing method invocation ReflectiveMethodInvocation: public org.springframework.http.ResponseEntity org.gb.billing.controller.SubscriptionController.getMySubscription(org.gb.billing.entity.User); target is of class [org.gb.billing.controller.SubscriptionController]
2026-01-31 18:31:12 - Authorized method invocation ReflectiveMethodInvocation: public org.springframework.http.ResponseEntity org.gb.billing.controller.SubscriptionController.getMySubscription(org.gb.billing.entity.User); target is of class [org.gb.billing.controller.SubscriptionController]
2026-01-31 18:31:12 - Unexpected error [ID: 2af67b14-a78a-48be-8501-bf0e75a819d5] for path /api/v1/subscriptions/my-subscription: Cannot invoke "org.gb.billing.entity.User.getId()" because "user" is null
java.lang.NullPointerException: Cannot invoke "org.gb.billing.entity.User.getId()" because "user" is null
	at org.gb.billing.controller.SubscriptionController.getMySubscription(SubscriptionController.java:110)
	at java.base/jdk.internal.reflect.NativeMethodAccessorImpl.invoke0(Native Method)
	at java.base/jdk.internal.reflect.NativeMethodAccessorImpl.invoke(NativeMethodAccessorImpl.java:77)
	at java.base/jdk.internal.reflect.DelegatingMethodAccessorImpl.invoke(DelegatingMethodAccessorImpl.java:43)
	at java.base/java.lang.reflect.Method.invoke(Method.java:569)
	at org.springframework.aop.support.AopUtils.invokeJoinpointUsingReflection(AopUtils.java:351)
	at org.springframework.aop.framework.ReflectiveMethodInvocation.invokeJoinpoint(ReflectiveMethodInvocation.java:196)
	at org.springframework.aop.framework.ReflectiveMethodInvocation.proceed(ReflectiveMethodInvocation.java:163)
	at org.springframework.aop.framework.CglibAopProxy$CglibMethodInvocation.proceed(CglibAopProxy.java:765)
	at org.springframework.security.authorization.method.AuthorizationManagerBeforeMethodInterceptor.invoke(AuthorizationManagerBeforeMethodInterceptor.java:198)
	at org.springframework.aop.framework.ReflectiveMethodInvocation.proceed(ReflectiveMethodInvocation.java:184)
	at org.springframework.aop.framework.CglibAopProxy$CglibMethodInvocation.proceed(CglibAopProxy.java:765)
	at org.springframework.aop.framework.CglibAopProxy$DynamicAdvisedInterceptor.intercept(CglibAopProxy.java:717)
	at org.gb.billing.controller.SubscriptionController$$SpringCGLIB$$0.getMySubscription(<generated>)
	at java.base/jdk.internal.reflect.NativeMethodAccessorImpl.invoke0(Native Method)
	at java.base/jdk.internal.reflect.NativeMethodAccessorImpl.invoke(NativeMethodAccessorImpl.java:77)
	at java.base/jdk.internal.reflect.DelegatingMethodAccessorImpl.invoke(DelegatingMethodAccessorImpl.java:43)
	at java.base/java.lang.reflect.Method.invoke(Method.java:569)
	at org.springframework.web.method.support.InvocableHandlerMethod.doInvoke(InvocableHandlerMethod.java:261)
	at org.springframework.web.method.support.InvocableHandlerMethod.invokeForRequest(InvocableHandlerMethod.java:189)
	at org.springframework.web.servlet.mvc.method.annotation.ServletInvocableHandlerMethod.invokeAndHandle(ServletInvocableHandlerMethod.java:118)
	at org.springframework.web.servlet.mvc.method.annotation.RequestMappingHandlerAdapter.invokeHandlerMethod(RequestMappingHandlerAdapter.java:917)
	at org.springframework.web.servlet.mvc.method.annotation.RequestMappingHandlerAdapter.handleInternal(RequestMappingHandlerAdapter.java:829)
	at org.springframework.web.servlet.mvc.method.AbstractHandlerMethodAdapter.handle(AbstractHandlerMethodAdapter.java:87)
	at org.springframework.web.servlet.DispatcherServlet.doDispatch(DispatcherServlet.java:1089)
	at org.springframework.web.servlet.DispatcherServlet.doService(DispatcherServlet.java:979)
	at org.springframework.web.servlet.FrameworkServlet.processRequest(FrameworkServlet.java:1014)
	at org.springframework.web.servlet.FrameworkServlet.doGet(FrameworkServlet.java:903)
	at jakarta.servlet.http.HttpServlet.service(HttpServlet.java:564)
	at org.springframework.web.servlet.FrameworkServlet.service(FrameworkServlet.java:885)
	at org.springframework.test.web.servlet.TestDispatcherServlet.service(TestDispatcherServlet.java:72)
	at jakarta.servlet.http.HttpServlet.service(HttpServlet.java:658)
	at org.springframework.mock.web.MockFilterChain$ServletFilterProxy.doFilter(MockFilterChain.java:165)
	at org.springframework.mock.web.MockFilterChain.doFilter(MockFilterChain.java:132)
	at org.springframework.web.filter.OncePerRequestFilter.doFilter(OncePerRequestFilter.java:110)
	at org.springframework.test.web.servlet.setup.MockMvcFilterDecorator.doFilter(MockMvcFilterDecorator.java:151)
	at org.springframework.mock.web.MockFilterChain.doFilter(MockFilterChain.java:132)
	at org.springframework.web.filter.OncePerRequestFilter.doFilter(OncePerRequestFilter.java:110)
	at org.springframework.test.web.servlet.setup.MockMvcFilterDecorator.doFilter(MockMvcFilterDecorator.java:151)
	at org.springframework.mock.web.MockFilterChain.doFilter(MockFilterChain.java:132)
	at org.springframework.web.filter.CompositeFilter$VirtualFilterChain.doFilter(CompositeFilter.java:108)
	at org.springframework.security.web.FilterChainProxy.lambda$doFilterInternal$3(FilterChainProxy.java:231)
	at org.springframework.security.web.FilterChainProxy$VirtualFilterChain.doFilter(FilterChainProxy.java:365)
	at org.springframework.security.web.access.intercept.AuthorizationFilter.doFilter(AuthorizationFilter.java:100)
	at org.springframework.security.web.FilterChainProxy$VirtualFilterChain.doFilter(FilterChainProxy.java:374)
	at org.springframework.security.web.access.ExceptionTranslationFilter.doFilter(ExceptionTranslationFilter.java:126)
	at org.springframework.security.web.access.ExceptionTranslationFilter.doFilter(ExceptionTranslationFilter.java:120)
	at org.springframework.security.web.FilterChainProxy$VirtualFilterChain.doFilter(FilterChainProxy.java:374)
	at org.springframework.security.web.session.SessionManagementFilter.doFilter(SessionManagementFilter.java:131)
	at org.springframework.security.web.session.SessionManagementFilter.doFilter(SessionManagementFilter.java:85)
	at org.springframework.security.web.FilterChainProxy$VirtualFilterChain.doFilter(FilterChainProxy.java:374)
	at org.springframework.security.web.authentication.AnonymousAuthenticationFilter.doFilter(AnonymousAuthenticationFilter.java:100)
	at org.springframework.security.web.FilterChainProxy$VirtualFilterChain.doFilter(FilterChainProxy.java:374)
	at org.springframework.security.web.servletapi.SecurityContextHolderAwareRequestFilter.doFilter(SecurityContextHolderAwareRequestFilter.java:179)
	at org.springframework.security.web.FilterChainProxy$VirtualFilterChain.doFilter(FilterChainProxy.java:374)
	at org.springframework.security.web.savedrequest.RequestCacheAwareFilter.doFilter(RequestCacheAwareFilter.java:63)
	at org.springframework.security.web.FilterChainProxy$VirtualFilterChain.doFilter(FilterChainProxy.java:374)
	at org.gb.billing.security.JwtAuthenticationFilter.doFilterInternal(JwtAuthenticationFilter.java:74)
	at org.springframework.web.filter.OncePerRequestFilter.doFilter(OncePerRequestFilter.java:116)
	at org.springframework.security.web.FilterChainProxy$VirtualFilterChain.doFilter(FilterChainProxy.java:374)
	at org.gb.billing.security.RateLimitingFilter.doFilterInternal(RateLimitingFilter.java:70)
	at org.springframework.web.filter.OncePerRequestFilter.doFilter(OncePerRequestFilter.java:116)
	at org.springframework.security.web.FilterChainProxy$VirtualFilterChain.doFilter(FilterChainProxy.java:374)
	at org.springframework.security.web.authentication.logout.LogoutFilter.doFilter(LogoutFilter.java:107)
	at org.springframework.security.web.authentication.logout.LogoutFilter.doFilter(LogoutFilter.java:93)
	at org.springframework.security.web.FilterChainProxy$VirtualFilterChain.doFilter(FilterChainProxy.java:374)
	at org.springframework.web.filter.CorsFilter.doFilterInternal(CorsFilter.java:91)
	at org.springframework.web.filter.OncePerRequestFilter.doFilter(OncePerRequestFilter.java:116)
	at org.springframework.security.web.FilterChainProxy$VirtualFilterChain.doFilter(FilterChainProxy.java:374)
	at org.springframework.security.web.header.HeaderWriterFilter.doHeadersAfter(HeaderWriterFilter.java:90)
	at org.springframework.security.web.header.HeaderWriterFilter.doFilterInternal(HeaderWriterFilter.java:75)
	at org.springframework.web.filter.OncePerRequestFilter.doFilter(OncePerRequestFilter.java:116)
	at org.springframework.security.web.FilterChainProxy$VirtualFilterChain.doFilter(FilterChainProxy.java:374)
	at org.springframework.security.web.context.SecurityContextHolderFilter.doFilter(SecurityContextHolderFilter.java:82)
	at org.springframework.security.web.context.SecurityContextHolderFilter.doFilter(SecurityContextHolderFilter.java:69)
	at org.springframework.security.web.FilterChainProxy$VirtualFilterChain.doFilter(FilterChainProxy.java:374)
	at org.springframework.security.web.context.request.async.WebAsyncManagerIntegrationFilter.doFilterInternal(WebAsyncManagerIntegrationFilter.java:62)
	at org.springframework.web.filter.OncePerRequestFilter.doFilter(OncePerRequestFilter.java:116)
	at org.springframework.security.web.FilterChainProxy$VirtualFilterChain.doFilter(FilterChainProxy.java:374)
	at org.springframework.security.web.session.DisableEncodeUrlFilter.doFilterInternal(DisableEncodeUrlFilter.java:42)
	at org.springframework.web.filter.OncePerRequestFilter.doFilter(OncePerRequestFilter.java:116)
	at org.springframework.security.web.FilterChainProxy$VirtualFilterChain.doFilter(FilterChainProxy.java:374)
	at org.springframework.security.web.FilterChainProxy.doFilterInternal(FilterChainProxy.java:233)
	at org.springframework.security.web.FilterChainProxy.doFilter(FilterChainProxy.java:191)
	at org.springframework.web.filter.CompositeFilter$VirtualFilterChain.doFilter(CompositeFilter.java:113)
	at org.springframework.web.servlet.handler.HandlerMappingIntrospector.lambda$createCacheFilter$3(HandlerMappingIntrospector.java:195)
	at org.springframework.web.filter.CompositeFilter$VirtualFilterChain.doFilter(CompositeFilter.java:113)
	at org.springframework.web.filter.CompositeFilter.doFilter(CompositeFilter.java:74)
	at org.springframework.security.config.annotation.web.configuration.WebMvcSecurityConfiguration$CompositeFilterChainProxy.doFilter(WebMvcSecurityConfiguration.java:225)
	at org.springframework.web.filter.DelegatingFilterProxy.invokeDelegate(DelegatingFilterProxy.java:352)
	at org.springframework.web.filter.DelegatingFilterProxy.doFilter(DelegatingFilterProxy.java:268)
	at org.springframework.test.web.servlet.setup.MockMvcFilterDecorator.doFilter(MockMvcFilterDecorator.java:151)
	at org.springframework.mock.web.MockFilterChain.doFilter(MockFilterChain.java:132)
	at org.springframework.web.filter.RequestContextFilter.doFilterInternal(RequestContextFilter.java:100)
	at org.springframework.web.filter.OncePerRequestFilter.doFilter(OncePerRequestFilter.java:116)
	at org.springframework.test.web.servlet.setup.MockMvcFilterDecorator.doFilter(MockMvcFilterDecorator.java:151)
	at org.springframework.mock.web.MockFilterChain.doFilter(MockFilterChain.java:132)
	at org.springframework.web.filter.FormContentFilter.doFilterInternal(FormContentFilter.java:93)
	at org.springframework.web.filter.OncePerRequestFilter.doFilter(OncePerRequestFilter.java:116)
	at org.springframework.test.web.servlet.setup.MockMvcFilterDecorator.doFilter(MockMvcFilterDecorator.java:151)
	at org.springframework.mock.web.MockFilterChain.doFilter(MockFilterChain.java:132)
	at org.springframework.web.filter.CharacterEncodingFilter.doFilterInternal(CharacterEncodingFilter.java:201)
	at org.springframework.web.filter.OncePerRequestFilter.doFilter(OncePerRequestFilter.java:116)
	at org.springframework.test.web.servlet.setup.MockMvcFilterDecorator.doFilter(MockMvcFilterDecorator.java:151)
	at org.springframework.mock.web.MockFilterChain.doFilter(MockFilterChain.java:132)
	at org.springframework.test.web.servlet.MockMvc.perform(MockMvc.java:201)
	at org.gb.billing.controller.SubscriptionApiTest.shouldReturn404WhenNoActiveSubscription(SubscriptionApiTest.java:108)
	at java.base/jdk.internal.reflect.NativeMethodAccessorImpl.invoke0(Native Method)
	at java.base/jdk.internal.reflect.NativeMethodAccessorImpl.invoke(NativeMethodAccessorImpl.java:77)
	at java.base/jdk.internal.reflect.DelegatingMethodAccessorImpl.invoke(DelegatingMethodAccessorImpl.java:43)
	at java.base/java.lang.reflect.Method.invoke(Method.java:569)
	at org.junit.platform.commons.util.ReflectionUtils.invokeMethod(ReflectionUtils.java:728)
	at org.junit.jupiter.engine.execution.MethodInvocation.proceed(MethodInvocation.java:60)
	at org.junit.jupiter.engine.execution.InvocationInterceptorChain$ValidatingInvocation.proceed(InvocationInterceptorChain.java:131)
	at org.junit.jupiter.engine.extension.TimeoutExtension.intercept(TimeoutExtension.java:156)
	at org.junit.jupiter.engine.extension.TimeoutExtension.interceptTestableMethod(TimeoutExtension.java:147)
	at org.junit.jupiter.engine.extension.TimeoutExtension.interceptTestMethod(TimeoutExtension.java:86)
	at org.junit.jupiter.engine.execution.InterceptingExecutableInvoker$ReflectiveInterceptorCall.lambda$ofVoidMethod$0(InterceptingExecutableInvoker.java:103)
	at org.junit.jupiter.engine.execution.InterceptingExecutableInvoker.lambda$invoke$0(InterceptingExecutableInvoker.java:93)
	at org.junit.jupiter.engine.execution.InvocationInterceptorChain$InterceptedInvocation.proceed(InvocationInterceptorChain.java:106)
	at org.junit.jupiter.engine.execution.InvocationInterceptorChain.proceed(InvocationInterceptorChain.java:64)
	at org.junit.jupiter.engine.execution.InvocationInterceptorChain.chainAndInvoke(InvocationInterceptorChain.java:45)
	at org.junit.jupiter.engine.execution.InvocationInterceptorChain.invoke(InvocationInterceptorChain.java:37)
	at org.junit.jupiter.engine.execution.InterceptingExecutableInvoker.invoke(InterceptingExecutableInvoker.java:92)
	at org.junit.jupiter.engine.execution.InterceptingExecutableInvoker.invoke(InterceptingExecutableInvoker.java:86)
	at org.junit.jupiter.engine.descriptor.TestMethodTestDescriptor.lambda$invokeTestMethod$7(TestMethodTestDescriptor.java:218)
	at org.junit.platform.engine.support.hierarchical.ThrowableCollector.execute(ThrowableCollector.java:73)
	at org.junit.jupiter.engine.descriptor.TestMethodTestDescriptor.invokeTestMethod(TestMethodTestDescriptor.java:214)
	at org.junit.jupiter.engine.descriptor.TestMethodTestDescriptor.execute(TestMethodTestDescriptor.java:139)
	at org.junit.jupiter.engine.descriptor.TestMethodTestDescriptor.execute(TestMethodTestDescriptor.java:69)
	at org.junit.platform.engine.support.hierarchical.NodeTestTask.lambda$executeRecursively$6(NodeTestTask.java:151)
	at org.junit.platform.engine.support.hierarchical.ThrowableCollector.execute(ThrowableCollector.java:73)
	at org.junit.platform.engine.support.hierarchical.NodeTestTask.lambda$executeRecursively$8(NodeTestTask.java:141)
	at org.junit.platform.engine.support.hierarchical.Node.around(Node.java:137)
	at org.junit.platform.engine.support.hierarchical.NodeTestTask.lambda$executeRecursively$9(NodeTestTask.java:139)
	at org.junit.platform.engine.support.hierarchical.ThrowableCollector.execute(ThrowableCollector.java:73)
	at org.junit.platform.engine.support.hierarchical.NodeTestTask.executeRecursively(NodeTestTask.java:138)
	at org.junit.platform.engine.support.hierarchical.NodeTestTask.execute(NodeTestTask.java:95)
	at java.base/java.util.ArrayList.forEach(ArrayList.java:1511)
	at org.junit.platform.engine.support.hierarchical.SameThreadHierarchicalTestExecutorService.invokeAll(SameThreadHierarchicalTestExecutorService.java:41)
	at org.junit.platform.engine.support.hierarchical.NodeTestTask.lambda$executeRecursively$6(NodeTestTask.java:155)
	at org.junit.platform.engine.support.hierarchical.ThrowableCollector.execute(ThrowableCollector.java:73)
	at org.junit.platform.engine.support.hierarchical.NodeTestTask.lambda$executeRecursively$8(NodeTestTask.java:141)
	at org.junit.platform.engine.support.hierarchical.Node.around(Node.java:137)
	at org.junit.platform.engine.support.hierarchical.NodeTestTask.lambda$executeRecursively$9(NodeTestTask.java:139)
	at org.junit.platform.engine.support.hierarchical.ThrowableCollector.execute(ThrowableCollector.java:73)
	at org.junit.platform.engine.support.hierarchical.NodeTestTask.executeRecursively(NodeTestTask.java:138)
	at org.junit.platform.engine.support.hierarchical.NodeTestTask.execute(NodeTestTask.java:95)
	at java.base/java.util.ArrayList.forEach(ArrayList.java:1511)
	at org.junit.platform.engine.support.hierarchical.SameThreadHierarchicalTestExecutorService.invokeAll(SameThreadHierarchicalTestExecutorService.java:41)
	at org.junit.platform.engine.support.hierarchical.NodeTestTask.lambda$executeRecursively$6(NodeTestTask.java:155)
	at org.junit.platform.engine.support.hierarchical.ThrowableCollector.execute(ThrowableCollector.java:73)
	at org.junit.platform.engine.support.hierarchical.NodeTestTask.lambda$executeRecursively$8(NodeTestTask.java:141)
	at org.junit.platform.engine.support.hierarchical.Node.around(Node.java:137)
	at org.junit.platform.engine.support.hierarchical.NodeTestTask.lambda$executeRecursively$9(NodeTestTask.java:139)
	at org.junit.platform.engine.support.hierarchical.ThrowableCollector.execute(ThrowableCollector.java:73)
	at org.junit.platform.engine.support.hierarchical.NodeTestTask.executeRecursively(NodeTestTask.java:138)
	at org.junit.platform.engine.support.hierarchical.NodeTestTask.execute(NodeTestTask.java:95)
	at org.junit.platform.engine.support.hierarchical.SameThreadHierarchicalTestExecutorService.submit(SameThreadHierarchicalTestExecutorService.java:35)
	at org.junit.platform.engine.support.hierarchical.HierarchicalTestExecutor.execute(HierarchicalTestExecutor.java:57)
	at org.junit.platform.engine.support.hierarchical.HierarchicalTestEngine.execute(HierarchicalTestEngine.java:54)
	at org.junit.platform.launcher.core.EngineExecutionOrchestrator.execute(EngineExecutionOrchestrator.java:198)
	at org.junit.platform.launcher.core.EngineExecutionOrchestrator.execute(EngineExecutionOrchestrator.java:169)
	at org.junit.platform.launcher.core.EngineExecutionOrchestrator.execute(EngineExecutionOrchestrator.java:93)
	at org.junit.platform.launcher.core.EngineExecutionOrchestrator.lambda$execute$0(EngineExecutionOrchestrator.java:58)
	at org.junit.platform.launcher.core.EngineExecutionOrchestrator.withInterceptedStreams(EngineExecutionOrchestrator.java:141)
	at org.junit.platform.launcher.core.EngineExecutionOrchestrator.execute(EngineExecutionOrchestrator.java:57)
	at org.junit.platform.launcher.core.DefaultLauncher.execute(DefaultLauncher.java:103)
	at org.junit.platform.launcher.core.DefaultLauncher.execute(DefaultLauncher.java:85)
	at org.junit.platform.launcher.core.DelegatingLauncher.execute(DelegatingLauncher.java:47)
	at org.apache.maven.surefire.junitplatform.LazyLauncher.execute(LazyLauncher.java:56)
	at org.apache.maven.surefire.junitplatform.JUnitPlatformProvider.execute(JUnitPlatformProvider.java:184)
	at org.apache.maven.surefire.junitplatform.JUnitPlatformProvider.invokeAllTests(JUnitPlatformProvider.java:148)
	at org.apache.maven.surefire.junitplatform.JUnitPlatformProvider.invoke(JUnitPlatformProvider.java:122)
	at org.apache.maven.surefire.booter.ForkedBooter.runSuitesInProcess(ForkedBooter.java:385)
	at org.apache.maven.surefire.booter.ForkedBooter.execute(ForkedBooter.java:162)
	at org.apache.maven.surefire.booter.ForkedBooter.run(ForkedBooter.java:507)
	at org.apache.maven.surefire.booter.ForkedBooter.main(ForkedBooter.java:495)

MockHttpServletRequest:
      HTTP Method = GET
      Request URI = /api/v1/subscriptions/my-subscription
       Parameters = {}
          Headers = []
             Body = null
    Session Attrs = {}

Handler:
             Type = org.gb.billing.controller.SubscriptionController
           Method = org.gb.billing.controller.SubscriptionController#getMySubscription(User)

Async:
    Async started = false
     Async result = null

Resolved Exception:
             Type = java.lang.NullPointerException

ModelAndView:
        View name = null
             View = null
            Model = null

FlashMap:
       Attributes = null

MockHttpServletResponse:
           Status = 500
    Error message = null
          Headers = [Vary:"Origin", "Access-Control-Request-Method", "Access-Control-Request-Headers", Content-Type:"application/json", X-Content-Type-Options:"nosniff", X-XSS-Protection:"0", Cache-Control:"no-cache, no-store, max-age=0, must-revalidate", Pragma:"no-cache", Expires:"0", X-Frame-Options:"DENY"]
     Content type = application/json
             Body = {"status":500,"error":"Internal Server Error","errorCode":"INTERNAL_SERVER_ERROR","message":"An unexpected error occurred. Please reference error ID: 2af67b14-a78a-48be-8501-bf0e75a819d5","timestamp":"2026-01-31T13:01:12.763920100Z","path":"/api/v1/subscriptions/my-subscription","errorId":"2af67b14-a78a-48be-8501-bf0e75a819d5"}
    Forwarded URL = null
   Redirected URL = null
          Cookies = []
2026-01-31 18:31:12 - Securing PUT /api/v1/subscriptions/41c4cbaa-19a6-4c12-9419-d87d39ea87ce/upgrade
2026-01-31 18:31:12 - Secured PUT /api/v1/subscriptions/41c4cbaa-19a6-4c12-9419-d87d39ea87ce/upgrade
2026-01-31 18:31:12 - Authorizing method invocation ReflectiveMethodInvocation: public org.springframework.http.ResponseEntity org.gb.billing.controller.SubscriptionController.upgradeSubscription(java.util.UUID,org.gb.billing.dto.request.UpgradeRequest,org.gb.billing.entity.User); target is of class [org.gb.billing.controller.SubscriptionController]
2026-01-31 18:31:12 - Authorized method invocation ReflectiveMethodInvocation: public org.springframework.http.ResponseEntity org.gb.billing.controller.SubscriptionController.upgradeSubscription(java.util.UUID,org.gb.billing.dto.request.UpgradeRequest,org.gb.billing.entity.User); target is of class [org.gb.billing.controller.SubscriptionController]
2026-01-31 18:31:12 - Unexpected error [ID: 7f5f2d41-fc00-48f4-963d-c6ced87f651c] for path /api/v1/subscriptions/41c4cbaa-19a6-4c12-9419-d87d39ea87ce/upgrade: Cannot invoke "org.gb.billing.entity.User.getId()" because "user" is null
java.lang.NullPointerException: Cannot invoke "org.gb.billing.entity.User.getId()" because "user" is null
	at org.gb.billing.controller.SubscriptionController.upgradeSubscription(SubscriptionController.java:182)
	at java.base/jdk.internal.reflect.NativeMethodAccessorImpl.invoke0(Native Method)
	at java.base/jdk.internal.reflect.NativeMethodAccessorImpl.invoke(NativeMethodAccessorImpl.java:77)
	at java.base/jdk.internal.reflect.DelegatingMethodAccessorImpl.invoke(DelegatingMethodAccessorImpl.java:43)
	at java.base/java.lang.reflect.Method.invoke(Method.java:569)
	at org.springframework.aop.support.AopUtils.invokeJoinpointUsingReflection(AopUtils.java:351)
	at org.springframework.aop.framework.ReflectiveMethodInvocation.invokeJoinpoint(ReflectiveMethodInvocation.java:196)
	at org.springframework.aop.framework.ReflectiveMethodInvocation.proceed(ReflectiveMethodInvocation.java:163)
	at org.springframework.aop.framework.CglibAopProxy$CglibMethodInvocation.proceed(CglibAopProxy.java:765)
	at org.springframework.security.authorization.method.AuthorizationManagerBeforeMethodInterceptor.invoke(AuthorizationManagerBeforeMethodInterceptor.java:198)
	at org.springframework.aop.framework.ReflectiveMethodInvocation.proceed(ReflectiveMethodInvocation.java:184)
	at org.springframework.aop.framework.CglibAopProxy$CglibMethodInvocation.proceed(CglibAopProxy.java:765)
	at org.springframework.aop.framework.CglibAopProxy$DynamicAdvisedInterceptor.intercept(CglibAopProxy.java:717)
	at org.gb.billing.controller.SubscriptionController$$SpringCGLIB$$0.upgradeSubscription(<generated>)
	at java.base/jdk.internal.reflect.NativeMethodAccessorImpl.invoke0(Native Method)
	at java.base/jdk.internal.reflect.NativeMethodAccessorImpl.invoke(NativeMethodAccessorImpl.java:77)
	at java.base/jdk.internal.reflect.DelegatingMethodAccessorImpl.invoke(DelegatingMethodAccessorImpl.java:43)
	at java.base/java.lang.reflect.Method.invoke(Method.java:569)
	at org.springframework.web.method.support.InvocableHandlerMethod.doInvoke(InvocableHandlerMethod.java:261)
	at org.springframework.web.method.support.InvocableHandlerMethod.invokeForRequest(InvocableHandlerMethod.java:189)
	at org.springframework.web.servlet.mvc.method.annotation.ServletInvocableHandlerMethod.invokeAndHandle(ServletInvocableHandlerMethod.java:118)
	at org.springframework.web.servlet.mvc.method.annotation.RequestMappingHandlerAdapter.invokeHandlerMethod(RequestMappingHandlerAdapter.java:917)
	at org.springframework.web.servlet.mvc.method.annotation.RequestMappingHandlerAdapter.handleInternal(RequestMappingHandlerAdapter.java:829)
	at org.springframework.web.servlet.mvc.method.AbstractHandlerMethodAdapter.handle(AbstractHandlerMethodAdapter.java:87)
	at org.springframework.web.servlet.DispatcherServlet.doDispatch(DispatcherServlet.java:1089)
	at org.springframework.web.servlet.DispatcherServlet.doService(DispatcherServlet.java:979)
	at org.springframework.web.servlet.FrameworkServlet.processRequest(FrameworkServlet.java:1014)
	at org.springframework.web.servlet.FrameworkServlet.doPut(FrameworkServlet.java:925)
	at jakarta.servlet.http.HttpServlet.service(HttpServlet.java:593)
	at org.springframework.web.servlet.FrameworkServlet.service(FrameworkServlet.java:885)
	at org.springframework.test.web.servlet.TestDispatcherServlet.service(TestDispatcherServlet.java:72)
	at jakarta.servlet.http.HttpServlet.service(HttpServlet.java:658)
	at org.springframework.mock.web.MockFilterChain$ServletFilterProxy.doFilter(MockFilterChain.java:165)
	at org.springframework.mock.web.MockFilterChain.doFilter(MockFilterChain.java:132)
	at org.springframework.web.filter.OncePerRequestFilter.doFilter(OncePerRequestFilter.java:110)
	at org.springframework.test.web.servlet.setup.MockMvcFilterDecorator.doFilter(MockMvcFilterDecorator.java:151)
	at org.springframework.mock.web.MockFilterChain.doFilter(MockFilterChain.java:132)
	at org.springframework.web.filter.OncePerRequestFilter.doFilter(OncePerRequestFilter.java:110)
	at org.springframework.test.web.servlet.setup.MockMvcFilterDecorator.doFilter(MockMvcFilterDecorator.java:151)
	at org.springframework.mock.web.MockFilterChain.doFilter(MockFilterChain.java:132)
	at org.springframework.web.filter.CompositeFilter$VirtualFilterChain.doFilter(CompositeFilter.java:108)
	at org.springframework.security.web.FilterChainProxy.lambda$doFilterInternal$3(FilterChainProxy.java:231)
	at org.springframework.security.web.FilterChainProxy$VirtualFilterChain.doFilter(FilterChainProxy.java:365)
	at org.springframework.security.web.access.intercept.AuthorizationFilter.doFilter(AuthorizationFilter.java:100)
	at org.springframework.security.web.FilterChainProxy$VirtualFilterChain.doFilter(FilterChainProxy.java:374)
	at org.springframework.security.web.access.ExceptionTranslationFilter.doFilter(ExceptionTranslationFilter.java:126)
	at org.springframework.security.web.access.ExceptionTranslationFilter.doFilter(ExceptionTranslationFilter.java:120)
	at org.springframework.security.web.FilterChainProxy$VirtualFilterChain.doFilter(FilterChainProxy.java:374)
	at org.springframework.security.web.session.SessionManagementFilter.doFilter(SessionManagementFilter.java:131)
	at org.springframework.security.web.session.SessionManagementFilter.doFilter(SessionManagementFilter.java:85)
	at org.springframework.security.web.FilterChainProxy$VirtualFilterChain.doFilter(FilterChainProxy.java:374)
	at org.springframework.security.web.authentication.AnonymousAuthenticationFilter.doFilter(AnonymousAuthenticationFilter.java:100)
	at org.springframework.security.web.FilterChainProxy$VirtualFilterChain.doFilter(FilterChainProxy.java:374)
	at org.springframework.security.web.servletapi.SecurityContextHolderAwareRequestFilter.doFilter(SecurityContextHolderAwareRequestFilter.java:179)
	at org.springframework.security.web.FilterChainProxy$VirtualFilterChain.doFilter(FilterChainProxy.java:374)
	at org.springframework.security.web.savedrequest.RequestCacheAwareFilter.doFilter(RequestCacheAwareFilter.java:63)
	at org.springframework.security.web.FilterChainProxy$VirtualFilterChain.doFilter(FilterChainProxy.java:374)
	at org.gb.billing.security.JwtAuthenticationFilter.doFilterInternal(JwtAuthenticationFilter.java:74)
	at org.springframework.web.filter.OncePerRequestFilter.doFilter(OncePerRequestFilter.java:116)
	at org.springframework.security.web.FilterChainProxy$VirtualFilterChain.doFilter(FilterChainProxy.java:374)
	at org.gb.billing.security.RateLimitingFilter.doFilterInternal(RateLimitingFilter.java:70)
	at org.springframework.web.filter.OncePerRequestFilter.doFilter(OncePerRequestFilter.java:116)
	at org.springframework.security.web.FilterChainProxy$VirtualFilterChain.doFilter(FilterChainProxy.java:374)
	at org.springframework.security.web.authentication.logout.LogoutFilter.doFilter(LogoutFilter.java:107)
	at org.springframework.security.web.authentication.logout.LogoutFilter.doFilter(LogoutFilter.java:93)
	at org.springframework.security.web.FilterChainProxy$VirtualFilterChain.doFilter(FilterChainProxy.java:374)
	at org.springframework.web.filter.CorsFilter.doFilterInternal(CorsFilter.java:91)
	at org.springframework.web.filter.OncePerRequestFilter.doFilter(OncePerRequestFilter.java:116)
	at org.springframework.security.web.FilterChainProxy$VirtualFilterChain.doFilter(FilterChainProxy.java:374)
	at org.springframework.security.web.header.HeaderWriterFilter.doHeadersAfter(HeaderWriterFilter.java:90)
	at org.springframework.security.web.header.HeaderWriterFilter.doFilterInternal(HeaderWriterFilter.java:75)
	at org.springframework.web.filter.OncePerRequestFilter.doFilter(OncePerRequestFilter.java:116)
	at org.springframework.security.web.FilterChainProxy$VirtualFilterChain.doFilter(FilterChainProxy.java:374)
	at org.springframework.security.web.context.SecurityContextHolderFilter.doFilter(SecurityContextHolderFilter.java:82)
	at org.springframework.security.web.context.SecurityContextHolderFilter.doFilter(SecurityContextHolderFilter.java:69)
	at org.springframework.security.web.FilterChainProxy$VirtualFilterChain.doFilter(FilterChainProxy.java:374)
	at org.springframework.security.web.context.request.async.WebAsyncManagerIntegrationFilter.doFilterInternal(WebAsyncManagerIntegrationFilter.java:62)
	at org.springframework.web.filter.OncePerRequestFilter.doFilter(OncePerRequestFilter.java:116)
	at org.springframework.security.web.FilterChainProxy$VirtualFilterChain.doFilter(FilterChainProxy.java:374)
	at org.springframework.security.web.session.DisableEncodeUrlFilter.doFilterInternal(DisableEncodeUrlFilter.java:42)
	at org.springframework.web.filter.OncePerRequestFilter.doFilter(OncePerRequestFilter.java:116)
	at org.springframework.security.web.FilterChainProxy$VirtualFilterChain.doFilter(FilterChainProxy.java:374)
	at org.springframework.security.web.FilterChainProxy.doFilterInternal(FilterChainProxy.java:233)
	at org.springframework.security.web.FilterChainProxy.doFilter(FilterChainProxy.java:191)
	at org.springframework.web.filter.CompositeFilter$VirtualFilterChain.doFilter(CompositeFilter.java:113)
	at org.springframework.web.servlet.handler.HandlerMappingIntrospector.lambda$createCacheFilter$3(HandlerMappingIntrospector.java:195)
	at org.springframework.web.filter.CompositeFilter$VirtualFilterChain.doFilter(CompositeFilter.java:113)
	at org.springframework.web.filter.CompositeFilter.doFilter(CompositeFilter.java:74)
	at org.springframework.security.config.annotation.web.configuration.WebMvcSecurityConfiguration$CompositeFilterChainProxy.doFilter(WebMvcSecurityConfiguration.java:225)
	at org.springframework.web.filter.DelegatingFilterProxy.invokeDelegate(DelegatingFilterProxy.java:352)
	at org.springframework.web.filter.DelegatingFilterProxy.doFilter(DelegatingFilterProxy.java:268)
	at org.springframework.test.web.servlet.setup.MockMvcFilterDecorator.doFilter(MockMvcFilterDecorator.java:151)
	at org.springframework.mock.web.MockFilterChain.doFilter(MockFilterChain.java:132)
	at org.springframework.web.filter.RequestContextFilter.doFilterInternal(RequestContextFilter.java:100)
	at org.springframework.web.filter.OncePerRequestFilter.doFilter(OncePerRequestFilter.java:116)
	at org.springframework.test.web.servlet.setup.MockMvcFilterDecorator.doFilter(MockMvcFilterDecorator.java:151)
	at org.springframework.mock.web.MockFilterChain.doFilter(MockFilterChain.java:132)
	at org.springframework.web.filter.FormContentFilter.doFilterInternal(FormContentFilter.java:93)
	at org.springframework.web.filter.OncePerRequestFilter.doFilter(OncePerRequestFilter.java:116)
	at org.springframework.test.web.servlet.setup.MockMvcFilterDecorator.doFilter(MockMvcFilterDecorator.java:151)
	at org.springframework.mock.web.MockFilterChain.doFilter(MockFilterChain.java:132)
	at org.springframework.web.filter.CharacterEncodingFilter.doFilterInternal(CharacterEncodingFilter.java:201)
	at org.springframework.web.filter.OncePerRequestFilter.doFilter(OncePerRequestFilter.java:116)
	at org.springframework.test.web.servlet.setup.MockMvcFilterDecorator.doFilter(MockMvcFilterDecorator.java:151)
	at org.springframework.mock.web.MockFilterChain.doFilter(MockFilterChain.java:132)
	at org.springframework.test.web.servlet.MockMvc.perform(MockMvc.java:201)
	at org.gb.billing.controller.SubscriptionApiTest.shouldUpgradeSubscription(SubscriptionApiTest.java:157)
	at java.base/jdk.internal.reflect.NativeMethodAccessorImpl.invoke0(Native Method)
	at java.base/jdk.internal.reflect.NativeMethodAccessorImpl.invoke(NativeMethodAccessorImpl.java:77)
	at java.base/jdk.internal.reflect.DelegatingMethodAccessorImpl.invoke(DelegatingMethodAccessorImpl.java:43)
	at java.base/java.lang.reflect.Method.invoke(Method.java:569)
	at org.junit.platform.commons.util.ReflectionUtils.invokeMethod(ReflectionUtils.java:728)
	at org.junit.jupiter.engine.execution.MethodInvocation.proceed(MethodInvocation.java:60)
	at org.junit.jupiter.engine.execution.InvocationInterceptorChain$ValidatingInvocation.proceed(InvocationInterceptorChain.java:131)
	at org.junit.jupiter.engine.extension.TimeoutExtension.intercept(TimeoutExtension.java:156)
	at org.junit.jupiter.engine.extension.TimeoutExtension.interceptTestableMethod(TimeoutExtension.java:147)
	at org.junit.jupiter.engine.extension.TimeoutExtension.interceptTestMethod(TimeoutExtension.java:86)
	at org.junit.jupiter.engine.execution.InterceptingExecutableInvoker$ReflectiveInterceptorCall.lambda$ofVoidMethod$0(InterceptingExecutableInvoker.java:103)
	at org.junit.jupiter.engine.execution.InterceptingExecutableInvoker.lambda$invoke$0(InterceptingExecutableInvoker.java:93)
	at org.junit.jupiter.engine.execution.InvocationInterceptorChain$InterceptedInvocation.proceed(InvocationInterceptorChain.java:106)
	at org.junit.jupiter.engine.execution.InvocationInterceptorChain.proceed(InvocationInterceptorChain.java:64)
	at org.junit.jupiter.engine.execution.InvocationInterceptorChain.chainAndInvoke(InvocationInterceptorChain.java:45)
	at org.junit.jupiter.engine.execution.InvocationInterceptorChain.invoke(InvocationInterceptorChain.java:37)
	at org.junit.jupiter.engine.execution.InterceptingExecutableInvoker.invoke(InterceptingExecutableInvoker.java:92)
	at org.junit.jupiter.engine.execution.InterceptingExecutableInvoker.invoke(InterceptingExecutableInvoker.java:86)
	at org.junit.jupiter.engine.descriptor.TestMethodTestDescriptor.lambda$invokeTestMethod$7(TestMethodTestDescriptor.java:218)
	at org.junit.platform.engine.support.hierarchical.ThrowableCollector.execute(ThrowableCollector.java:73)
	at org.junit.jupiter.engine.descriptor.TestMethodTestDescriptor.invokeTestMethod(TestMethodTestDescriptor.java:214)
	at org.junit.jupiter.engine.descriptor.TestMethodTestDescriptor.execute(TestMethodTestDescriptor.java:139)
	at org.junit.jupiter.engine.descriptor.TestMethodTestDescriptor.execute(TestMethodTestDescriptor.java:69)
	at org.junit.platform.engine.support.hierarchical.NodeTestTask.lambda$executeRecursively$6(NodeTestTask.java:151)
	at org.junit.platform.engine.support.hierarchical.ThrowableCollector.execute(ThrowableCollector.java:73)
	at org.junit.platform.engine.support.hierarchical.NodeTestTask.lambda$executeRecursively$8(NodeTestTask.java:141)
	at org.junit.platform.engine.support.hierarchical.Node.around(Node.java:137)
	at org.junit.platform.engine.support.hierarchical.NodeTestTask.lambda$executeRecursively$9(NodeTestTask.java:139)
	at org.junit.platform.engine.support.hierarchical.ThrowableCollector.execute(ThrowableCollector.java:73)
	at org.junit.platform.engine.support.hierarchical.NodeTestTask.executeRecursively(NodeTestTask.java:138)
	at org.junit.platform.engine.support.hierarchical.NodeTestTask.execute(NodeTestTask.java:95)
	at java.base/java.util.ArrayList.forEach(ArrayList.java:1511)
	at org.junit.platform.engine.support.hierarchical.SameThreadHierarchicalTestExecutorService.invokeAll(SameThreadHierarchicalTestExecutorService.java:41)
	at org.junit.platform.engine.support.hierarchical.NodeTestTask.lambda$executeRecursively$6(NodeTestTask.java:155)
	at org.junit.platform.engine.support.hierarchical.ThrowableCollector.execute(ThrowableCollector.java:73)
	at org.junit.platform.engine.support.hierarchical.NodeTestTask.lambda$executeRecursively$8(NodeTestTask.java:141)
	at org.junit.platform.engine.support.hierarchical.Node.around(Node.java:137)
	at org.junit.platform.engine.support.hierarchical.NodeTestTask.lambda$executeRecursively$9(NodeTestTask.java:139)
	at org.junit.platform.engine.support.hierarchical.ThrowableCollector.execute(ThrowableCollector.java:73)
	at org.junit.platform.engine.support.hierarchical.NodeTestTask.executeRecursively(NodeTestTask.java:138)
	at org.junit.platform.engine.support.hierarchical.NodeTestTask.execute(NodeTestTask.java:95)
	at java.base/java.util.ArrayList.forEach(ArrayList.java:1511)
	at org.junit.platform.engine.support.hierarchical.SameThreadHierarchicalTestExecutorService.invokeAll(SameThreadHierarchicalTestExecutorService.java:41)
	at org.junit.platform.engine.support.hierarchical.NodeTestTask.lambda$executeRecursively$6(NodeTestTask.java:155)
	at org.junit.platform.engine.support.hierarchical.ThrowableCollector.execute(ThrowableCollector.java:73)
	at org.junit.platform.engine.support.hierarchical.NodeTestTask.lambda$executeRecursively$8(NodeTestTask.java:141)
	at org.junit.platform.engine.support.hierarchical.Node.around(Node.java:137)
	at org.junit.platform.engine.support.hierarchical.NodeTestTask.lambda$executeRecursively$9(NodeTestTask.java:139)
	at org.junit.platform.engine.support.hierarchical.ThrowableCollector.execute(ThrowableCollector.java:73)
	at org.junit.platform.engine.support.hierarchical.NodeTestTask.executeRecursively(NodeTestTask.java:138)
	at org.junit.platform.engine.support.hierarchical.NodeTestTask.execute(NodeTestTask.java:95)
	at org.junit.platform.engine.support.hierarchical.SameThreadHierarchicalTestExecutorService.submit(SameThreadHierarchicalTestExecutorService.java:35)
	at org.junit.platform.engine.support.hierarchical.HierarchicalTestExecutor.execute(HierarchicalTestExecutor.java:57)
	at org.junit.platform.engine.support.hierarchical.HierarchicalTestEngine.execute(HierarchicalTestEngine.java:54)
	at org.junit.platform.launcher.core.EngineExecutionOrchestrator.execute(EngineExecutionOrchestrator.java:198)
	at org.junit.platform.launcher.core.EngineExecutionOrchestrator.execute(EngineExecutionOrchestrator.java:169)
	at org.junit.platform.launcher.core.EngineExecutionOrchestrator.execute(EngineExecutionOrchestrator.java:93)
	at org.junit.platform.launcher.core.EngineExecutionOrchestrator.lambda$execute$0(EngineExecutionOrchestrator.java:58)
	at org.junit.platform.launcher.core.EngineExecutionOrchestrator.withInterceptedStreams(EngineExecutionOrchestrator.java:141)
	at org.junit.platform.launcher.core.EngineExecutionOrchestrator.execute(EngineExecutionOrchestrator.java:57)
	at org.junit.platform.launcher.core.DefaultLauncher.execute(DefaultLauncher.java:103)
	at org.junit.platform.launcher.core.DefaultLauncher.execute(DefaultLauncher.java:85)
	at org.junit.platform.launcher.core.DelegatingLauncher.execute(DelegatingLauncher.java:47)
	at org.apache.maven.surefire.junitplatform.LazyLauncher.execute(LazyLauncher.java:56)
	at org.apache.maven.surefire.junitplatform.JUnitPlatformProvider.execute(JUnitPlatformProvider.java:184)
	at org.apache.maven.surefire.junitplatform.JUnitPlatformProvider.invokeAllTests(JUnitPlatformProvider.java:148)
	at org.apache.maven.surefire.junitplatform.JUnitPlatformProvider.invoke(JUnitPlatformProvider.java:122)
	at org.apache.maven.surefire.booter.ForkedBooter.runSuitesInProcess(ForkedBooter.java:385)
	at org.apache.maven.surefire.booter.ForkedBooter.execute(ForkedBooter.java:162)
	at org.apache.maven.surefire.booter.ForkedBooter.run(ForkedBooter.java:507)
	at org.apache.maven.surefire.booter.ForkedBooter.main(ForkedBooter.java:495)

MockHttpServletRequest:
      HTTP Method = PUT
      Request URI = /api/v1/subscriptions/41c4cbaa-19a6-4c12-9419-d87d39ea87ce/upgrade
       Parameters = {_csrf=[60ti-0fq-6S7zvbKgOT9P6ZyGtqfVPCGWTGqiyovw88ecrH3in9WmnOOn5CW_8T55MnJDMIQN-OrYcirYVWevxMW8P4oRIOV]}
          Headers = [Content-Type:"application/json;charset=UTF-8", Content-Length:"52"]
             Body = {"newPlanId":"540e189e-6828-4ab5-b972-9c9b33dc5c97"}
    Session Attrs = {}

Handler:
             Type = org.gb.billing.controller.SubscriptionController
           Method = org.gb.billing.controller.SubscriptionController#upgradeSubscription(UUID, UpgradeRequest, User)

Async:
    Async started = false
     Async result = null

Resolved Exception:
             Type = java.lang.NullPointerException

ModelAndView:
        View name = null
             View = null
            Model = null

FlashMap:
       Attributes = null

MockHttpServletResponse:
           Status = 500
    Error message = null
          Headers = [Vary:"Origin", "Access-Control-Request-Method", "Access-Control-Request-Headers", Content-Type:"application/json", X-Content-Type-Options:"nosniff", X-XSS-Protection:"0", Cache-Control:"no-cache, no-store, max-age=0, must-revalidate", Pragma:"no-cache", Expires:"0", X-Frame-Options:"DENY"]
     Content type = application/json
             Body = {"status":500,"error":"Internal Server Error","errorCode":"INTERNAL_SERVER_ERROR","message":"An unexpected error occurred. Please reference error ID: 7f5f2d41-fc00-48f4-963d-c6ced87f651c","timestamp":"2026-01-31T13:01:12.790916700Z","path":"/api/v1/subscriptions/41c4cbaa-19a6-4c12-9419-d87d39ea87ce/upgrade","errorId":"7f5f2d41-fc00-48f4-963d-c6ced87f651c"}
    Forwarded URL = null
   Redirected URL = null
          Cookies = []
2026-01-31 18:31:12 - Securing GET /api/v1/subscriptions/my-subscription
2026-01-31 18:31:12 - Set SecurityContextHolder to anonymous SecurityContext
2026-01-31 18:31:12 - Pre-authenticated entry point called. Rejecting access

MockHttpServletRequest:
      HTTP Method = GET
      Request URI = /api/v1/subscriptions/my-subscription
       Parameters = {}
          Headers = []
             Body = null
    Session Attrs = {}

Handler:
             Type = null

Async:
    Async started = false
     Async result = null

Resolved Exception:
             Type = null

ModelAndView:
        View name = null
             View = null
            Model = null

FlashMap:
       Attributes = null

MockHttpServletResponse:
           Status = 403
    Error message = Access Denied
          Headers = [Vary:"Origin", "Access-Control-Request-Method", "Access-Control-Request-Headers", X-Content-Type-Options:"nosniff", X-XSS-Protection:"0", Cache-Control:"no-cache, no-store, max-age=0, must-revalidate", Pragma:"no-cache", Expires:"0", X-Frame-Options:"DENY"]
     Content type = null
             Body = 
    Forwarded URL = null
   Redirected URL = null
          Cookies = []
2026-01-31 18:31:12 - Securing DELETE /api/v1/subscriptions/37e05df9-acba-42be-b477-b2beb0c5e873
2026-01-31 18:31:12 - Secured DELETE /api/v1/subscriptions/37e05df9-acba-42be-b477-b2beb0c5e873
2026-01-31 18:31:12 - Authorizing method invocation ReflectiveMethodInvocation: public org.springframework.http.ResponseEntity org.gb.billing.controller.SubscriptionController.cancelSubscription(java.util.UUID,org.gb.billing.entity.User); target is of class [org.gb.billing.controller.SubscriptionController]
2026-01-31 18:31:12 - Authorized method invocation ReflectiveMethodInvocation: public org.springframework.http.ResponseEntity org.gb.billing.controller.SubscriptionController.cancelSubscription(java.util.UUID,org.gb.billing.entity.User); target is of class [org.gb.billing.controller.SubscriptionController]
2026-01-31 18:31:12 - Unexpected error [ID: 862aa9e8-248c-4abd-a76a-32c746a122b5] for path /api/v1/subscriptions/37e05df9-acba-42be-b477-b2beb0c5e873: Cannot invoke "org.gb.billing.entity.User.getId()" because "user" is null
java.lang.NullPointerException: Cannot invoke "org.gb.billing.entity.User.getId()" because "user" is null
	at org.gb.billing.controller.SubscriptionController.cancelSubscription(SubscriptionController.java:216)
	at java.base/jdk.internal.reflect.NativeMethodAccessorImpl.invoke0(Native Method)
	at java.base/jdk.internal.reflect.NativeMethodAccessorImpl.invoke(NativeMethodAccessorImpl.java:77)
	at java.base/jdk.internal.reflect.DelegatingMethodAccessorImpl.invoke(DelegatingMethodAccessorImpl.java:43)
	at java.base/java.lang.reflect.Method.invoke(Method.java:569)
	at org.springframework.aop.support.AopUtils.invokeJoinpointUsingReflection(AopUtils.java:351)
	at org.springframework.aop.framework.ReflectiveMethodInvocation.invokeJoinpoint(ReflectiveMethodInvocation.java:196)
	at org.springframework.aop.framework.ReflectiveMethodInvocation.proceed(ReflectiveMethodInvocation.java:163)
	at org.springframework.aop.framework.CglibAopProxy$CglibMethodInvocation.proceed(CglibAopProxy.java:765)
	at org.springframework.security.authorization.method.AuthorizationManagerBeforeMethodInterceptor.invoke(AuthorizationManagerBeforeMethodInterceptor.java:198)
	at org.springframework.aop.framework.ReflectiveMethodInvocation.proceed(ReflectiveMethodInvocation.java:184)
	at org.springframework.aop.framework.CglibAopProxy$CglibMethodInvocation.proceed(CglibAopProxy.java:765)
	at org.springframework.aop.framework.CglibAopProxy$DynamicAdvisedInterceptor.intercept(CglibAopProxy.java:717)
	at org.gb.billing.controller.SubscriptionController$$SpringCGLIB$$0.cancelSubscription(<generated>)
	at java.base/jdk.internal.reflect.NativeMethodAccessorImpl.invoke0(Native Method)
	at java.base/jdk.internal.reflect.NativeMethodAccessorImpl.invoke(NativeMethodAccessorImpl.java:77)
	at java.base/jdk.internal.reflect.DelegatingMethodAccessorImpl.invoke(DelegatingMethodAccessorImpl.java:43)
	at java.base/java.lang.reflect.Method.invoke(Method.java:569)
	at org.springframework.web.method.support.InvocableHandlerMethod.doInvoke(InvocableHandlerMethod.java:261)
	at org.springframework.web.method.support.InvocableHandlerMethod.invokeForRequest(InvocableHandlerMethod.java:189)
	at org.springframework.web.servlet.mvc.method.annotation.ServletInvocableHandlerMethod.invokeAndHandle(ServletInvocableHandlerMethod.java:118)
	at org.springframework.web.servlet.mvc.method.annotation.RequestMappingHandlerAdapter.invokeHandlerMethod(RequestMappingHandlerAdapter.java:917)
	at org.springframework.web.servlet.mvc.method.annotation.RequestMappingHandlerAdapter.handleInternal(RequestMappingHandlerAdapter.java:829)
	at org.springframework.web.servlet.mvc.method.AbstractHandlerMethodAdapter.handle(AbstractHandlerMethodAdapter.java:87)
	at org.springframework.web.servlet.DispatcherServlet.doDispatch(DispatcherServlet.java:1089)
	at org.springframework.web.servlet.DispatcherServlet.doService(DispatcherServlet.java:979)
	at org.springframework.web.servlet.FrameworkServlet.processRequest(FrameworkServlet.java:1014)
	at org.springframework.web.servlet.FrameworkServlet.doDelete(FrameworkServlet.java:936)
	at jakarta.servlet.http.HttpServlet.service(HttpServlet.java:596)
	at org.springframework.web.servlet.FrameworkServlet.service(FrameworkServlet.java:885)
	at org.springframework.test.web.servlet.TestDispatcherServlet.service(TestDispatcherServlet.java:72)
	at jakarta.servlet.http.HttpServlet.service(HttpServlet.java:658)
	at org.springframework.mock.web.MockFilterChain$ServletFilterProxy.doFilter(MockFilterChain.java:165)
	at org.springframework.mock.web.MockFilterChain.doFilter(MockFilterChain.java:132)
	at org.springframework.web.filter.OncePerRequestFilter.doFilter(OncePerRequestFilter.java:110)
	at org.springframework.test.web.servlet.setup.MockMvcFilterDecorator.doFilter(MockMvcFilterDecorator.java:151)
	at org.springframework.mock.web.MockFilterChain.doFilter(MockFilterChain.java:132)
	at org.springframework.web.filter.OncePerRequestFilter.doFilter(OncePerRequestFilter.java:110)
	at org.springframework.test.web.servlet.setup.MockMvcFilterDecorator.doFilter(MockMvcFilterDecorator.java:151)
	at org.springframework.mock.web.MockFilterChain.doFilter(MockFilterChain.java:132)
	at org.springframework.web.filter.CompositeFilter$VirtualFilterChain.doFilter(CompositeFilter.java:108)
	at org.springframework.security.web.FilterChainProxy.lambda$doFilterInternal$3(FilterChainProxy.java:231)
	at org.springframework.security.web.FilterChainProxy$VirtualFilterChain.doFilter(FilterChainProxy.java:365)
	at org.springframework.security.web.access.intercept.AuthorizationFilter.doFilter(AuthorizationFilter.java:100)
	at org.springframework.security.web.FilterChainProxy$VirtualFilterChain.doFilter(FilterChainProxy.java:374)
	at org.springframework.security.web.access.ExceptionTranslationFilter.doFilter(ExceptionTranslationFilter.java:126)
	at org.springframework.security.web.access.ExceptionTranslationFilter.doFilter(ExceptionTranslationFilter.java:120)
	at org.springframework.security.web.FilterChainProxy$VirtualFilterChain.doFilter(FilterChainProxy.java:374)
	at org.springframework.security.web.session.SessionManagementFilter.doFilter(SessionManagementFilter.java:131)
	at org.springframework.security.web.session.SessionManagementFilter.doFilter(SessionManagementFilter.java:85)
	at org.springframework.security.web.FilterChainProxy$VirtualFilterChain.doFilter(FilterChainProxy.java:374)
	at org.springframework.security.web.authentication.AnonymousAuthenticationFilter.doFilter(AnonymousAuthenticationFilter.java:100)
	at org.springframework.security.web.FilterChainProxy$VirtualFilterChain.doFilter(FilterChainProxy.java:374)
	at org.springframework.security.web.servletapi.SecurityContextHolderAwareRequestFilter.doFilter(SecurityContextHolderAwareRequestFilter.java:179)
	at org.springframework.security.web.FilterChainProxy$VirtualFilterChain.doFilter(FilterChainProxy.java:374)
	at org.springframework.security.web.savedrequest.RequestCacheAwareFilter.doFilter(RequestCacheAwareFilter.java:63)
	at org.springframework.security.web.FilterChainProxy$VirtualFilterChain.doFilter(FilterChainProxy.java:374)
	at org.gb.billing.security.JwtAuthenticationFilter.doFilterInternal(JwtAuthenticationFilter.java:74)
	at org.springframework.web.filter.OncePerRequestFilter.doFilter(OncePerRequestFilter.java:116)
	at org.springframework.security.web.FilterChainProxy$VirtualFilterChain.doFilter(FilterChainProxy.java:374)
	at org.gb.billing.security.RateLimitingFilter.doFilterInternal(RateLimitingFilter.java:70)
	at org.springframework.web.filter.OncePerRequestFilter.doFilter(OncePerRequestFilter.java:116)
	at org.springframework.security.web.FilterChainProxy$VirtualFilterChain.doFilter(FilterChainProxy.java:374)
	at org.springframework.security.web.authentication.logout.LogoutFilter.doFilter(LogoutFilter.java:107)
	at org.springframework.security.web.authentication.logout.LogoutFilter.doFilter(LogoutFilter.java:93)
	at org.springframework.security.web.FilterChainProxy$VirtualFilterChain.doFilter(FilterChainProxy.java:374)
	at org.springframework.web.filter.CorsFilter.doFilterInternal(CorsFilter.java:91)
	at org.springframework.web.filter.OncePerRequestFilter.doFilter(OncePerRequestFilter.java:116)
	at org.springframework.security.web.FilterChainProxy$VirtualFilterChain.doFilter(FilterChainProxy.java:374)
	at org.springframework.security.web.header.HeaderWriterFilter.doHeadersAfter(HeaderWriterFilter.java:90)
	at org.springframework.security.web.header.HeaderWriterFilter.doFilterInternal(HeaderWriterFilter.java:75)
	at org.springframework.web.filter.OncePerRequestFilter.doFilter(OncePerRequestFilter.java:116)
	at org.springframework.security.web.FilterChainProxy$VirtualFilterChain.doFilter(FilterChainProxy.java:374)
	at org.springframework.security.web.context.SecurityContextHolderFilter.doFilter(SecurityContextHolderFilter.java:82)
	at org.springframework.security.web.context.SecurityContextHolderFilter.doFilter(SecurityContextHolderFilter.java:69)
	at org.springframework.security.web.FilterChainProxy$VirtualFilterChain.doFilter(FilterChainProxy.java:374)
	at org.springframework.security.web.context.request.async.WebAsyncManagerIntegrationFilter.doFilterInternal(WebAsyncManagerIntegrationFilter.java:62)
	at org.springframework.web.filter.OncePerRequestFilter.doFilter(OncePerRequestFilter.java:116)
	at org.springframework.security.web.FilterChainProxy$VirtualFilterChain.doFilter(FilterChainProxy.java:374)
	at org.springframework.security.web.session.DisableEncodeUrlFilter.doFilterInternal(DisableEncodeUrlFilter.java:42)
	at org.springframework.web.filter.OncePerRequestFilter.doFilter(OncePerRequestFilter.java:116)
	at org.springframework.security.web.FilterChainProxy$VirtualFilterChain.doFilter(FilterChainProxy.java:374)
	at org.springframework.security.web.FilterChainProxy.doFilterInternal(FilterChainProxy.java:233)
	at org.springframework.security.web.FilterChainProxy.doFilter(FilterChainProxy.java:191)
	at org.springframework.web.filter.CompositeFilter$VirtualFilterChain.doFilter(CompositeFilter.java:113)
	at org.springframework.web.servlet.handler.HandlerMappingIntrospector.lambda$createCacheFilter$3(HandlerMappingIntrospector.java:195)
	at org.springframework.web.filter.CompositeFilter$VirtualFilterChain.doFilter(CompositeFilter.java:113)
	at org.springframework.web.filter.CompositeFilter.doFilter(CompositeFilter.java:74)
	at org.springframework.security.config.annotation.web.configuration.WebMvcSecurityConfiguration$CompositeFilterChainProxy.doFilter(WebMvcSecurityConfiguration.java:225)
	at org.springframework.web.filter.DelegatingFilterProxy.invokeDelegate(DelegatingFilterProxy.java:352)
	at org.springframework.web.filter.DelegatingFilterProxy.doFilter(DelegatingFilterProxy.java:268)
	at org.springframework.test.web.servlet.setup.MockMvcFilterDecorator.doFilter(MockMvcFilterDecorator.java:151)
	at org.springframework.mock.web.MockFilterChain.doFilter(MockFilterChain.java:132)
	at org.springframework.web.filter.RequestContextFilter.doFilterInternal(RequestContextFilter.java:100)
	at org.springframework.web.filter.OncePerRequestFilter.doFilter(OncePerRequestFilter.java:116)
	at org.springframework.test.web.servlet.setup.MockMvcFilterDecorator.doFilter(MockMvcFilterDecorator.java:151)
	at org.springframework.mock.web.MockFilterChain.doFilter(MockFilterChain.java:132)
	at org.springframework.web.filter.FormContentFilter.doFilterInternal(FormContentFilter.java:93)
	at org.springframework.web.filter.OncePerRequestFilter.doFilter(OncePerRequestFilter.java:116)
	at org.springframework.test.web.servlet.setup.MockMvcFilterDecorator.doFilter(MockMvcFilterDecorator.java:151)
	at org.springframework.mock.web.MockFilterChain.doFilter(MockFilterChain.java:132)
	at org.springframework.web.filter.CharacterEncodingFilter.doFilterInternal(CharacterEncodingFilter.java:201)
	at org.springframework.web.filter.OncePerRequestFilter.doFilter(OncePerRequestFilter.java:116)
	at org.springframework.test.web.servlet.setup.MockMvcFilterDecorator.doFilter(MockMvcFilterDecorator.java:151)
	at org.springframework.mock.web.MockFilterChain.doFilter(MockFilterChain.java:132)
	at org.springframework.test.web.servlet.MockMvc.perform(MockMvc.java:201)
	at org.gb.billing.controller.SubscriptionApiTest.shouldCancelSubscription(SubscriptionApiTest.java:169)
	at java.base/jdk.internal.reflect.NativeMethodAccessorImpl.invoke0(Native Method)
	at java.base/jdk.internal.reflect.NativeMethodAccessorImpl.invoke(NativeMethodAccessorImpl.java:77)
	at java.base/jdk.internal.reflect.DelegatingMethodAccessorImpl.invoke(DelegatingMethodAccessorImpl.java:43)
	at java.base/java.lang.reflect.Method.invoke(Method.java:569)
	at org.junit.platform.commons.util.ReflectionUtils.invokeMethod(ReflectionUtils.java:728)
	at org.junit.jupiter.engine.execution.MethodInvocation.proceed(MethodInvocation.java:60)
	at org.junit.jupiter.engine.execution.InvocationInterceptorChain$ValidatingInvocation.proceed(InvocationInterceptorChain.java:131)
	at org.junit.jupiter.engine.extension.TimeoutExtension.intercept(TimeoutExtension.java:156)
	at org.junit.jupiter.engine.extension.TimeoutExtension.interceptTestableMethod(TimeoutExtension.java:147)
	at org.junit.jupiter.engine.extension.TimeoutExtension.interceptTestMethod(TimeoutExtension.java:86)
	at org.junit.jupiter.engine.execution.InterceptingExecutableInvoker$ReflectiveInterceptorCall.lambda$ofVoidMethod$0(InterceptingExecutableInvoker.java:103)
	at org.junit.jupiter.engine.execution.InterceptingExecutableInvoker.lambda$invoke$0(InterceptingExecutableInvoker.java:93)
	at org.junit.jupiter.engine.execution.InvocationInterceptorChain$InterceptedInvocation.proceed(InvocationInterceptorChain.java:106)
	at org.junit.jupiter.engine.execution.InvocationInterceptorChain.proceed(InvocationInterceptorChain.java:64)
	at org.junit.jupiter.engine.execution.InvocationInterceptorChain.chainAndInvoke(InvocationInterceptorChain.java:45)
	at org.junit.jupiter.engine.execution.InvocationInterceptorChain.invoke(InvocationInterceptorChain.java:37)
	at org.junit.jupiter.engine.execution.InterceptingExecutableInvoker.invoke(InterceptingExecutableInvoker.java:92)
	at org.junit.jupiter.engine.execution.InterceptingExecutableInvoker.invoke(InterceptingExecutableInvoker.java:86)
	at org.junit.jupiter.engine.descriptor.TestMethodTestDescriptor.lambda$invokeTestMethod$7(TestMethodTestDescriptor.java:218)
	at org.junit.platform.engine.support.hierarchical.ThrowableCollector.execute(ThrowableCollector.java:73)
	at org.junit.jupiter.engine.descriptor.TestMethodTestDescriptor.invokeTestMethod(TestMethodTestDescriptor.java:214)
	at org.junit.jupiter.engine.descriptor.TestMethodTestDescriptor.execute(TestMethodTestDescriptor.java:139)
	at org.junit.jupiter.engine.descriptor.TestMethodTestDescriptor.execute(TestMethodTestDescriptor.java:69)
	at org.junit.platform.engine.support.hierarchical.NodeTestTask.lambda$executeRecursively$6(NodeTestTask.java:151)
	at org.junit.platform.engine.support.hierarchical.ThrowableCollector.execute(ThrowableCollector.java:73)
	at org.junit.platform.engine.support.hierarchical.NodeTestTask.lambda$executeRecursively$8(NodeTestTask.java:141)
	at org.junit.platform.engine.support.hierarchical.Node.around(Node.java:137)
	at org.junit.platform.engine.support.hierarchical.NodeTestTask.lambda$executeRecursively$9(NodeTestTask.java:139)
	at org.junit.platform.engine.support.hierarchical.ThrowableCollector.execute(ThrowableCollector.java:73)
	at org.junit.platform.engine.support.hierarchical.NodeTestTask.executeRecursively(NodeTestTask.java:138)
	at org.junit.platform.engine.support.hierarchical.NodeTestTask.execute(NodeTestTask.java:95)
	at java.base/java.util.ArrayList.forEach(ArrayList.java:1511)
	at org.junit.platform.engine.support.hierarchical.SameThreadHierarchicalTestExecutorService.invokeAll(SameThreadHierarchicalTestExecutorService.java:41)
	at org.junit.platform.engine.support.hierarchical.NodeTestTask.lambda$executeRecursively$6(NodeTestTask.java:155)
	at org.junit.platform.engine.support.hierarchical.ThrowableCollector.execute(ThrowableCollector.java:73)
	at org.junit.platform.engine.support.hierarchical.NodeTestTask.lambda$executeRecursively$8(NodeTestTask.java:141)
	at org.junit.platform.engine.support.hierarchical.Node.around(Node.java:137)
	at org.junit.platform.engine.support.hierarchical.NodeTestTask.lambda$executeRecursively$9(NodeTestTask.java:139)
	at org.junit.platform.engine.support.hierarchical.ThrowableCollector.execute(ThrowableCollector.java:73)
	at org.junit.platform.engine.support.hierarchical.NodeTestTask.executeRecursively(NodeTestTask.java:138)
	at org.junit.platform.engine.support.hierarchical.NodeTestTask.execute(NodeTestTask.java:95)
	at java.base/java.util.ArrayList.forEach(ArrayList.java:1511)
	at org.junit.platform.engine.support.hierarchical.SameThreadHierarchicalTestExecutorService.invokeAll(SameThreadHierarchicalTestExecutorService.java:41)
	at org.junit.platform.engine.support.hierarchical.NodeTestTask.lambda$executeRecursively$6(NodeTestTask.java:155)
	at org.junit.platform.engine.support.hierarchical.ThrowableCollector.execute(ThrowableCollector.java:73)
	at org.junit.platform.engine.support.hierarchical.NodeTestTask.lambda$executeRecursively$8(NodeTestTask.java:141)
	at org.junit.platform.engine.support.hierarchical.Node.around(Node.java:137)
	at org.junit.platform.engine.support.hierarchical.NodeTestTask.lambda$executeRecursively$9(NodeTestTask.java:139)
	at org.junit.platform.engine.support.hierarchical.ThrowableCollector.execute(ThrowableCollector.java:73)
	at org.junit.platform.engine.support.hierarchical.NodeTestTask.executeRecursively(NodeTestTask.java:138)
	at org.junit.platform.engine.support.hierarchical.NodeTestTask.execute(NodeTestTask.java:95)
	at org.junit.platform.engine.support.hierarchical.SameThreadHierarchicalTestExecutorService.submit(SameThreadHierarchicalTestExecutorService.java:35)
	at org.junit.platform.engine.support.hierarchical.HierarchicalTestExecutor.execute(HierarchicalTestExecutor.java:57)
	at org.junit.platform.engine.support.hierarchical.HierarchicalTestEngine.execute(HierarchicalTestEngine.java:54)
	at org.junit.platform.launcher.core.EngineExecutionOrchestrator.execute(EngineExecutionOrchestrator.java:198)
	at org.junit.platform.launcher.core.EngineExecutionOrchestrator.execute(EngineExecutionOrchestrator.java:169)
	at org.junit.platform.launcher.core.EngineExecutionOrchestrator.execute(EngineExecutionOrchestrator.java:93)
	at org.junit.platform.launcher.core.EngineExecutionOrchestrator.lambda$execute$0(EngineExecutionOrchestrator.java:58)
	at org.junit.platform.launcher.core.EngineExecutionOrchestrator.withInterceptedStreams(EngineExecutionOrchestrator.java:141)
	at org.junit.platform.launcher.core.EngineExecutionOrchestrator.execute(EngineExecutionOrchestrator.java:57)
	at org.junit.platform.launcher.core.DefaultLauncher.execute(DefaultLauncher.java:103)
	at org.junit.platform.launcher.core.DefaultLauncher.execute(DefaultLauncher.java:85)
	at org.junit.platform.launcher.core.DelegatingLauncher.execute(DelegatingLauncher.java:47)
	at org.apache.maven.surefire.junitplatform.LazyLauncher.execute(LazyLauncher.java:56)
	at org.apache.maven.surefire.junitplatform.JUnitPlatformProvider.execute(JUnitPlatformProvider.java:184)
	at org.apache.maven.surefire.junitplatform.JUnitPlatformProvider.invokeAllTests(JUnitPlatformProvider.java:148)
	at org.apache.maven.surefire.junitplatform.JUnitPlatformProvider.invoke(JUnitPlatformProvider.java:122)
	at org.apache.maven.surefire.booter.ForkedBooter.runSuitesInProcess(ForkedBooter.java:385)
	at org.apache.maven.surefire.booter.ForkedBooter.execute(ForkedBooter.java:162)
	at org.apache.maven.surefire.booter.ForkedBooter.run(ForkedBooter.java:507)
	at org.apache.maven.surefire.booter.ForkedBooter.main(ForkedBooter.java:495)

MockHttpServletRequest:
      HTTP Method = DELETE
      Request URI = /api/v1/subscriptions/37e05df9-acba-42be-b477-b2beb0c5e873
       Parameters = {_csrf=[brXI77nw9FZ8AS0A28R8EmIhsm7QJwtQKUeS1zW97AdIdL86Wdep2oiRxzNRZBwxuOlIJlBFn1blRW99EHT37lff2jEtR40D]}
          Headers = []
             Body = null
    Session Attrs = {}

Handler:
             Type = org.gb.billing.controller.SubscriptionController
           Method = org.gb.billing.controller.SubscriptionController#cancelSubscription(UUID, User)

Async:
    Async started = false
     Async result = null

Resolved Exception:
             Type = java.lang.NullPointerException

ModelAndView:
        View name = null
             View = null
            Model = null

FlashMap:
       Attributes = null

MockHttpServletResponse:
           Status = 500
    Error message = null
          Headers = [Vary:"Origin", "Access-Control-Request-Method", "Access-Control-Request-Headers", Content-Type:"application/json", X-Content-Type-Options:"nosniff", X-XSS-Protection:"0", Cache-Control:"no-cache, no-store, max-age=0, must-revalidate", Pragma:"no-cache", Expires:"0", X-Frame-Options:"DENY"]
     Content type = application/json
             Body = {"status":500,"error":"Internal Server Error","errorCode":"INTERNAL_SERVER_ERROR","message":"An unexpected error occurred. Please reference error ID: 862aa9e8-248c-4abd-a76a-32c746a122b5","timestamp":"2026-01-31T13:01:12.820918700Z","path":"/api/v1/subscriptions/37e05df9-acba-42be-b477-b2beb0c5e873","errorId":"862aa9e8-248c-4abd-a76a-32c746a122b5"}
    Forwarded URL = null
   Redirected URL = null
          Cookies = []
2026-01-31 18:31:12 - Securing GET /api/v1/subscriptions/a5d8d3c3-f5d0-495c-a640-e21a92c33a7e
2026-01-31 18:31:12 - Secured GET /api/v1/subscriptions/a5d8d3c3-f5d0-495c-a640-e21a92c33a7e
2026-01-31 18:31:12 - Authorizing method invocation ReflectiveMethodInvocation: public org.springframework.http.ResponseEntity org.gb.billing.controller.SubscriptionController.getSubscriptionById(java.util.UUID,org.gb.billing.entity.User); target is of class [org.gb.billing.controller.SubscriptionController]
2026-01-31 18:31:12 - Authorized method invocation ReflectiveMethodInvocation: public org.springframework.http.ResponseEntity org.gb.billing.controller.SubscriptionController.getSubscriptionById(java.util.UUID,org.gb.billing.entity.User); target is of class [org.gb.billing.controller.SubscriptionController]
2026-01-31 18:31:12 - Unexpected error [ID: a03d8c9f-936f-4d43-9a08-874d70d1dc62] for path /api/v1/subscriptions/a5d8d3c3-f5d0-495c-a640-e21a92c33a7e: Cannot invoke "org.gb.billing.entity.User.getId()" because "user" is null
java.lang.NullPointerException: Cannot invoke "org.gb.billing.entity.User.getId()" because "user" is null
	at org.gb.billing.controller.SubscriptionController.getSubscriptionById(SubscriptionController.java:146)
	at java.base/jdk.internal.reflect.NativeMethodAccessorImpl.invoke0(Native Method)
	at java.base/jdk.internal.reflect.NativeMethodAccessorImpl.invoke(NativeMethodAccessorImpl.java:77)
	at java.base/jdk.internal.reflect.DelegatingMethodAccessorImpl.invoke(DelegatingMethodAccessorImpl.java:43)
	at java.base/java.lang.reflect.Method.invoke(Method.java:569)
	at org.springframework.aop.support.AopUtils.invokeJoinpointUsingReflection(AopUtils.java:351)
	at org.springframework.aop.framework.ReflectiveMethodInvocation.invokeJoinpoint(ReflectiveMethodInvocation.java:196)
	at org.springframework.aop.framework.ReflectiveMethodInvocation.proceed(ReflectiveMethodInvocation.java:163)
	at org.springframework.aop.framework.CglibAopProxy$CglibMethodInvocation.proceed(CglibAopProxy.java:765)
	at org.springframework.security.authorization.method.AuthorizationManagerBeforeMethodInterceptor.invoke(AuthorizationManagerBeforeMethodInterceptor.java:198)
	at org.springframework.aop.framework.ReflectiveMethodInvocation.proceed(ReflectiveMethodInvocation.java:184)
	at org.springframework.aop.framework.CglibAopProxy$CglibMethodInvocation.proceed(CglibAopProxy.java:765)
	at org.springframework.aop.framework.CglibAopProxy$DynamicAdvisedInterceptor.intercept(CglibAopProxy.java:717)
	at org.gb.billing.controller.SubscriptionController$$SpringCGLIB$$0.getSubscriptionById(<generated>)
	at java.base/jdk.internal.reflect.NativeMethodAccessorImpl.invoke0(Native Method)
	at java.base/jdk.internal.reflect.NativeMethodAccessorImpl.invoke(NativeMethodAccessorImpl.java:77)
	at java.base/jdk.internal.reflect.DelegatingMethodAccessorImpl.invoke(DelegatingMethodAccessorImpl.java:43)
	at java.base/java.lang.reflect.Method.invoke(Method.java:569)
	at org.springframework.web.method.support.InvocableHandlerMethod.doInvoke(InvocableHandlerMethod.java:261)
	at org.springframework.web.method.support.InvocableHandlerMethod.invokeForRequest(InvocableHandlerMethod.java:189)
	at org.springframework.web.servlet.mvc.method.annotation.ServletInvocableHandlerMethod.invokeAndHandle(ServletInvocableHandlerMethod.java:118)
	at org.springframework.web.servlet.mvc.method.annotation.RequestMappingHandlerAdapter.invokeHandlerMethod(RequestMappingHandlerAdapter.java:917)
	at org.springframework.web.servlet.mvc.method.annotation.RequestMappingHandlerAdapter.handleInternal(RequestMappingHandlerAdapter.java:829)
	at org.springframework.web.servlet.mvc.method.AbstractHandlerMethodAdapter.handle(AbstractHandlerMethodAdapter.java:87)
	at org.springframework.web.servlet.DispatcherServlet.doDispatch(DispatcherServlet.java:1089)
	at org.springframework.web.servlet.DispatcherServlet.doService(DispatcherServlet.java:979)
	at org.springframework.web.servlet.FrameworkServlet.processRequest(FrameworkServlet.java:1014)
	at org.springframework.web.servlet.FrameworkServlet.doGet(FrameworkServlet.java:903)
	at jakarta.servlet.http.HttpServlet.service(HttpServlet.java:564)
	at org.springframework.web.servlet.FrameworkServlet.service(FrameworkServlet.java:885)
	at org.springframework.test.web.servlet.TestDispatcherServlet.service(TestDispatcherServlet.java:72)
	at jakarta.servlet.http.HttpServlet.service(HttpServlet.java:658)
	at org.springframework.mock.web.MockFilterChain$ServletFilterProxy.doFilter(MockFilterChain.java:165)
	at org.springframework.mock.web.MockFilterChain.doFilter(MockFilterChain.java:132)
	at org.springframework.web.filter.OncePerRequestFilter.doFilter(OncePerRequestFilter.java:110)
	at org.springframework.test.web.servlet.setup.MockMvcFilterDecorator.doFilter(MockMvcFilterDecorator.java:151)
	at org.springframework.mock.web.MockFilterChain.doFilter(MockFilterChain.java:132)
	at org.springframework.web.filter.OncePerRequestFilter.doFilter(OncePerRequestFilter.java:110)
	at org.springframework.test.web.servlet.setup.MockMvcFilterDecorator.doFilter(MockMvcFilterDecorator.java:151)
	at org.springframework.mock.web.MockFilterChain.doFilter(MockFilterChain.java:132)
	at org.springframework.web.filter.CompositeFilter$VirtualFilterChain.doFilter(CompositeFilter.java:108)
	at org.springframework.security.web.FilterChainProxy.lambda$doFilterInternal$3(FilterChainProxy.java:231)
	at org.springframework.security.web.FilterChainProxy$VirtualFilterChain.doFilter(FilterChainProxy.java:365)
	at org.springframework.security.web.access.intercept.AuthorizationFilter.doFilter(AuthorizationFilter.java:100)
	at org.springframework.security.web.FilterChainProxy$VirtualFilterChain.doFilter(FilterChainProxy.java:374)
	at org.springframework.security.web.access.ExceptionTranslationFilter.doFilter(ExceptionTranslationFilter.java:126)
	at org.springframework.security.web.access.ExceptionTranslationFilter.doFilter(ExceptionTranslationFilter.java:120)
	at org.springframework.security.web.FilterChainProxy$VirtualFilterChain.doFilter(FilterChainProxy.java:374)
	at org.springframework.security.web.session.SessionManagementFilter.doFilter(SessionManagementFilter.java:131)
	at org.springframework.security.web.session.SessionManagementFilter.doFilter(SessionManagementFilter.java:85)
	at org.springframework.security.web.FilterChainProxy$VirtualFilterChain.doFilter(FilterChainProxy.java:374)
	at org.springframework.security.web.authentication.AnonymousAuthenticationFilter.doFilter(AnonymousAuthenticationFilter.java:100)
	at org.springframework.security.web.FilterChainProxy$VirtualFilterChain.doFilter(FilterChainProxy.java:374)
	at org.springframework.security.web.servletapi.SecurityContextHolderAwareRequestFilter.doFilter(SecurityContextHolderAwareRequestFilter.java:179)
	at org.springframework.security.web.FilterChainProxy$VirtualFilterChain.doFilter(FilterChainProxy.java:374)
	at org.springframework.security.web.savedrequest.RequestCacheAwareFilter.doFilter(RequestCacheAwareFilter.java:63)
	at org.springframework.security.web.FilterChainProxy$VirtualFilterChain.doFilter(FilterChainProxy.java:374)
	at org.gb.billing.security.JwtAuthenticationFilter.doFilterInternal(JwtAuthenticationFilter.java:74)
	at org.springframework.web.filter.OncePerRequestFilter.doFilter(OncePerRequestFilter.java:116)
	at org.springframework.security.web.FilterChainProxy$VirtualFilterChain.doFilter(FilterChainProxy.java:374)
	at org.gb.billing.security.RateLimitingFilter.doFilterInternal(RateLimitingFilter.java:70)
	at org.springframework.web.filter.OncePerRequestFilter.doFilter(OncePerRequestFilter.java:116)
	at org.springframework.security.web.FilterChainProxy$VirtualFilterChain.doFilter(FilterChainProxy.java:374)
	at org.springframework.security.web.authentication.logout.LogoutFilter.doFilter(LogoutFilter.java:107)
	at org.springframework.security.web.authentication.logout.LogoutFilter.doFilter(LogoutFilter.java:93)
	at org.springframework.security.web.FilterChainProxy$VirtualFilterChain.doFilter(FilterChainProxy.java:374)
	at org.springframework.web.filter.CorsFilter.doFilterInternal(CorsFilter.java:91)
	at org.springframework.web.filter.OncePerRequestFilter.doFilter(OncePerRequestFilter.java:116)
	at org.springframework.security.web.FilterChainProxy$VirtualFilterChain.doFilter(FilterChainProxy.java:374)
	at org.springframework.security.web.header.HeaderWriterFilter.doHeadersAfter(HeaderWriterFilter.java:90)
	at org.springframework.security.web.header.HeaderWriterFilter.doFilterInternal(HeaderWriterFilter.java:75)
	at org.springframework.web.filter.OncePerRequestFilter.doFilter(OncePerRequestFilter.java:116)
	at org.springframework.security.web.FilterChainProxy$VirtualFilterChain.doFilter(FilterChainProxy.java:374)
	at org.springframework.security.web.context.SecurityContextHolderFilter.doFilter(SecurityContextHolderFilter.java:82)
	at org.springframework.security.web.context.SecurityContextHolderFilter.doFilter(SecurityContextHolderFilter.java:69)
	at org.springframework.security.web.FilterChainProxy$VirtualFilterChain.doFilter(FilterChainProxy.java:374)
	at org.springframework.security.web.context.request.async.WebAsyncManagerIntegrationFilter.doFilterInternal(WebAsyncManagerIntegrationFilter.java:62)
	at org.springframework.web.filter.OncePerRequestFilter.doFilter(OncePerRequestFilter.java:116)
	at org.springframework.security.web.FilterChainProxy$VirtualFilterChain.doFilter(FilterChainProxy.java:374)
	at org.springframework.security.web.session.DisableEncodeUrlFilter.doFilterInternal(DisableEncodeUrlFilter.java:42)
	at org.springframework.web.filter.OncePerRequestFilter.doFilter(OncePerRequestFilter.java:116)
	at org.springframework.security.web.FilterChainProxy$VirtualFilterChain.doFilter(FilterChainProxy.java:374)
	at org.springframework.security.web.FilterChainProxy.doFilterInternal(FilterChainProxy.java:233)
	at org.springframework.security.web.FilterChainProxy.doFilter(FilterChainProxy.java:191)
	at org.springframework.web.filter.CompositeFilter$VirtualFilterChain.doFilter(CompositeFilter.java:113)
	at org.springframework.web.servlet.handler.HandlerMappingIntrospector.lambda$createCacheFilter$3(HandlerMappingIntrospector.java:195)
	at org.springframework.web.filter.CompositeFilter$VirtualFilterChain.doFilter(CompositeFilter.java:113)
	at org.springframework.web.filter.CompositeFilter.doFilter(CompositeFilter.java:74)
	at org.springframework.security.config.annotation.web.configuration.WebMvcSecurityConfiguration$CompositeFilterChainProxy.doFilter(WebMvcSecurityConfiguration.java:225)
	at org.springframework.web.filter.DelegatingFilterProxy.invokeDelegate(DelegatingFilterProxy.java:352)
	at org.springframework.web.filter.DelegatingFilterProxy.doFilter(DelegatingFilterProxy.java:268)
	at org.springframework.test.web.servlet.setup.MockMvcFilterDecorator.doFilter(MockMvcFilterDecorator.java:151)
	at org.springframework.mock.web.MockFilterChain.doFilter(MockFilterChain.java:132)
	at org.springframework.web.filter.RequestContextFilter.doFilterInternal(RequestContextFilter.java:100)
	at org.springframework.web.filter.OncePerRequestFilter.doFilter(OncePerRequestFilter.java:116)
	at org.springframework.test.web.servlet.setup.MockMvcFilterDecorator.doFilter(MockMvcFilterDecorator.java:151)
	at org.springframework.mock.web.MockFilterChain.doFilter(MockFilterChain.java:132)
	at org.springframework.web.filter.FormContentFilter.doFilterInternal(FormContentFilter.java:93)
	at org.springframework.web.filter.OncePerRequestFilter.doFilter(OncePerRequestFilter.java:116)
	at org.springframework.test.web.servlet.setup.MockMvcFilterDecorator.doFilter(MockMvcFilterDecorator.java:151)
	at org.springframework.mock.web.MockFilterChain.doFilter(MockFilterChain.java:132)
	at org.springframework.web.filter.CharacterEncodingFilter.doFilterInternal(CharacterEncodingFilter.java:201)
	at org.springframework.web.filter.OncePerRequestFilter.doFilter(OncePerRequestFilter.java:116)
	at org.springframework.test.web.servlet.setup.MockMvcFilterDecorator.doFilter(MockMvcFilterDecorator.java:151)
	at org.springframework.mock.web.MockFilterChain.doFilter(MockFilterChain.java:132)
	at org.springframework.test.web.servlet.MockMvc.perform(MockMvc.java:201)
	at org.gb.billing.controller.SubscriptionApiTest.shouldGetSubscriptionById(SubscriptionApiTest.java:125)
	at java.base/jdk.internal.reflect.NativeMethodAccessorImpl.invoke0(Native Method)
	at java.base/jdk.internal.reflect.NativeMethodAccessorImpl.invoke(NativeMethodAccessorImpl.java:77)
	at java.base/jdk.internal.reflect.DelegatingMethodAccessorImpl.invoke(DelegatingMethodAccessorImpl.java:43)
	at java.base/java.lang.reflect.Method.invoke(Method.java:569)
	at org.junit.platform.commons.util.ReflectionUtils.invokeMethod(ReflectionUtils.java:728)
	at org.junit.jupiter.engine.execution.MethodInvocation.proceed(MethodInvocation.java:60)
	at org.junit.jupiter.engine.execution.InvocationInterceptorChain$ValidatingInvocation.proceed(InvocationInterceptorChain.java:131)
	at org.junit.jupiter.engine.extension.TimeoutExtension.intercept(TimeoutExtension.java:156)
	at org.junit.jupiter.engine.extension.TimeoutExtension.interceptTestableMethod(TimeoutExtension.java:147)
	at org.junit.jupiter.engine.extension.TimeoutExtension.interceptTestMethod(TimeoutExtension.java:86)
	at org.junit.jupiter.engine.execution.InterceptingExecutableInvoker$ReflectiveInterceptorCall.lambda$ofVoidMethod$0(InterceptingExecutableInvoker.java:103)
	at org.junit.jupiter.engine.execution.InterceptingExecutableInvoker.lambda$invoke$0(InterceptingExecutableInvoker.java:93)
	at org.junit.jupiter.engine.execution.InvocationInterceptorChain$InterceptedInvocation.proceed(InvocationInterceptorChain.java:106)
	at org.junit.jupiter.engine.execution.InvocationInterceptorChain.proceed(InvocationInterceptorChain.java:64)
	at org.junit.jupiter.engine.execution.InvocationInterceptorChain.chainAndInvoke(InvocationInterceptorChain.java:45)
	at org.junit.jupiter.engine.execution.InvocationInterceptorChain.invoke(InvocationInterceptorChain.java:37)
	at org.junit.jupiter.engine.execution.InterceptingExecutableInvoker.invoke(InterceptingExecutableInvoker.java:92)
	at org.junit.jupiter.engine.execution.InterceptingExecutableInvoker.invoke(InterceptingExecutableInvoker.java:86)
	at org.junit.jupiter.engine.descriptor.TestMethodTestDescriptor.lambda$invokeTestMethod$7(TestMethodTestDescriptor.java:218)
	at org.junit.platform.engine.support.hierarchical.ThrowableCollector.execute(ThrowableCollector.java:73)
	at org.junit.jupiter.engine.descriptor.TestMethodTestDescriptor.invokeTestMethod(TestMethodTestDescriptor.java:214)
	at org.junit.jupiter.engine.descriptor.TestMethodTestDescriptor.execute(TestMethodTestDescriptor.java:139)
	at org.junit.jupiter.engine.descriptor.TestMethodTestDescriptor.execute(TestMethodTestDescriptor.java:69)
	at org.junit.platform.engine.support.hierarchical.NodeTestTask.lambda$executeRecursively$6(NodeTestTask.java:151)
	at org.junit.platform.engine.support.hierarchical.ThrowableCollector.execute(ThrowableCollector.java:73)
	at org.junit.platform.engine.support.hierarchical.NodeTestTask.lambda$executeRecursively$8(NodeTestTask.java:141)
	at org.junit.platform.engine.support.hierarchical.Node.around(Node.java:137)
	at org.junit.platform.engine.support.hierarchical.NodeTestTask.lambda$executeRecursively$9(NodeTestTask.java:139)
	at org.junit.platform.engine.support.hierarchical.ThrowableCollector.execute(ThrowableCollector.java:73)
	at org.junit.platform.engine.support.hierarchical.NodeTestTask.executeRecursively(NodeTestTask.java:138)
	at org.junit.platform.engine.support.hierarchical.NodeTestTask.execute(NodeTestTask.java:95)
	at java.base/java.util.ArrayList.forEach(ArrayList.java:1511)
	at org.junit.platform.engine.support.hierarchical.SameThreadHierarchicalTestExecutorService.invokeAll(SameThreadHierarchicalTestExecutorService.java:41)
	at org.junit.platform.engine.support.hierarchical.NodeTestTask.lambda$executeRecursively$6(NodeTestTask.java:155)
	at org.junit.platform.engine.support.hierarchical.ThrowableCollector.execute(ThrowableCollector.java:73)
	at org.junit.platform.engine.support.hierarchical.NodeTestTask.lambda$executeRecursively$8(NodeTestTask.java:141)
	at org.junit.platform.engine.support.hierarchical.Node.around(Node.java:137)
	at org.junit.platform.engine.support.hierarchical.NodeTestTask.lambda$executeRecursively$9(NodeTestTask.java:139)
	at org.junit.platform.engine.support.hierarchical.ThrowableCollector.execute(ThrowableCollector.java:73)
	at org.junit.platform.engine.support.hierarchical.NodeTestTask.executeRecursively(NodeTestTask.java:138)
	at org.junit.platform.engine.support.hierarchical.NodeTestTask.execute(NodeTestTask.java:95)
	at java.base/java.util.ArrayList.forEach(ArrayList.java:1511)
	at org.junit.platform.engine.support.hierarchical.SameThreadHierarchicalTestExecutorService.invokeAll(SameThreadHierarchicalTestExecutorService.java:41)
	at org.junit.platform.engine.support.hierarchical.NodeTestTask.lambda$executeRecursively$6(NodeTestTask.java:155)
	at org.junit.platform.engine.support.hierarchical.ThrowableCollector.execute(ThrowableCollector.java:73)
	at org.junit.platform.engine.support.hierarchical.NodeTestTask.lambda$executeRecursively$8(NodeTestTask.java:141)
	at org.junit.platform.engine.support.hierarchical.Node.around(Node.java:137)
	at org.junit.platform.engine.support.hierarchical.NodeTestTask.lambda$executeRecursively$9(NodeTestTask.java:139)
	at org.junit.platform.engine.support.hierarchical.ThrowableCollector.execute(ThrowableCollector.java:73)
	at org.junit.platform.engine.support.hierarchical.NodeTestTask.executeRecursively(NodeTestTask.java:138)
	at org.junit.platform.engine.support.hierarchical.NodeTestTask.execute(NodeTestTask.java:95)
	at org.junit.platform.engine.support.hierarchical.SameThreadHierarchicalTestExecutorService.submit(SameThreadHierarchicalTestExecutorService.java:35)
	at org.junit.platform.engine.support.hierarchical.HierarchicalTestExecutor.execute(HierarchicalTestExecutor.java:57)
	at org.junit.platform.engine.support.hierarchical.HierarchicalTestEngine.execute(HierarchicalTestEngine.java:54)
	at org.junit.platform.launcher.core.EngineExecutionOrchestrator.execute(EngineExecutionOrchestrator.java:198)
	at org.junit.platform.launcher.core.EngineExecutionOrchestrator.execute(EngineExecutionOrchestrator.java:169)
	at org.junit.platform.launcher.core.EngineExecutionOrchestrator.execute(EngineExecutionOrchestrator.java:93)
	at org.junit.platform.launcher.core.EngineExecutionOrchestrator.lambda$execute$0(EngineExecutionOrchestrator.java:58)
	at org.junit.platform.launcher.core.EngineExecutionOrchestrator.withInterceptedStreams(EngineExecutionOrchestrator.java:141)
	at org.junit.platform.launcher.core.EngineExecutionOrchestrator.execute(EngineExecutionOrchestrator.java:57)
	at org.junit.platform.launcher.core.DefaultLauncher.execute(DefaultLauncher.java:103)
	at org.junit.platform.launcher.core.DefaultLauncher.execute(DefaultLauncher.java:85)
	at org.junit.platform.launcher.core.DelegatingLauncher.execute(DelegatingLauncher.java:47)
	at org.apache.maven.surefire.junitplatform.LazyLauncher.execute(LazyLauncher.java:56)
	at org.apache.maven.surefire.junitplatform.JUnitPlatformProvider.execute(JUnitPlatformProvider.java:184)
	at org.apache.maven.surefire.junitplatform.JUnitPlatformProvider.invokeAllTests(JUnitPlatformProvider.java:148)
	at org.apache.maven.surefire.junitplatform.JUnitPlatformProvider.invoke(JUnitPlatformProvider.java:122)
	at org.apache.maven.surefire.booter.ForkedBooter.runSuitesInProcess(ForkedBooter.java:385)
	at org.apache.maven.surefire.booter.ForkedBooter.execute(ForkedBooter.java:162)
	at org.apache.maven.surefire.booter.ForkedBooter.run(ForkedBooter.java:507)
	at org.apache.maven.surefire.booter.ForkedBooter.main(ForkedBooter.java:495)

MockHttpServletRequest:
      HTTP Method = GET
      Request URI = /api/v1/subscriptions/a5d8d3c3-f5d0-495c-a640-e21a92c33a7e
       Parameters = {}
          Headers = []
             Body = null
    Session Attrs = {}

Handler:
             Type = org.gb.billing.controller.SubscriptionController
           Method = org.gb.billing.controller.SubscriptionController#getSubscriptionById(UUID, User)

Async:
    Async started = false
     Async result = null

Resolved Exception:
             Type = java.lang.NullPointerException

ModelAndView:
        View name = null
             View = null
            Model = null

FlashMap:
       Attributes = null

MockHttpServletResponse:
           Status = 500
    Error message = null
          Headers = [Vary:"Origin", "Access-Control-Request-Method", "Access-Control-Request-Headers", Content-Type:"application/json", X-Content-Type-Options:"nosniff", X-XSS-Protection:"0", Cache-Control:"no-cache, no-store, max-age=0, must-revalidate", Pragma:"no-cache", Expires:"0", X-Frame-Options:"DENY"]
     Content type = application/json
             Body = {"status":500,"error":"Internal Server Error","errorCode":"INTERNAL_SERVER_ERROR","message":"An unexpected error occurred. Please reference error ID: a03d8c9f-936f-4d43-9a08-874d70d1dc62","timestamp":"2026-01-31T13:01:12.842932100Z","path":"/api/v1/subscriptions/a5d8d3c3-f5d0-495c-a640-e21a92c33a7e","errorId":"a03d8c9f-936f-4d43-9a08-874d70d1dc62"}
    Forwarded URL = null
   Redirected URL = null
          Cookies = []
2026-01-31 18:31:12 - Securing POST /api/v1/subscriptions
2026-01-31 18:31:12 - Secured POST /api/v1/subscriptions
2026-01-31 18:31:12 - Validation errors for path /api/v1/subscriptions: 1 field(s) failed validation
2026-01-31 18:31:12 - Securing POST /api/v1/subscriptions
2026-01-31 18:31:12 - Secured POST /api/v1/subscriptions
2026-01-31 18:31:12 - Authorizing method invocation ReflectiveMethodInvocation: public org.springframework.http.ResponseEntity org.gb.billing.controller.SubscriptionController.createSubscription(org.gb.billing.dto.request.SubscribeRequest,org.gb.billing.entity.User); target is of class [org.gb.billing.controller.SubscriptionController]
2026-01-31 18:31:12 - Authorized method invocation ReflectiveMethodInvocation: public org.springframework.http.ResponseEntity org.gb.billing.controller.SubscriptionController.createSubscription(org.gb.billing.dto.request.SubscribeRequest,org.gb.billing.entity.User); target is of class [org.gb.billing.controller.SubscriptionController]
2026-01-31 18:31:12 - Unexpected error [ID: 20524ec7-83ee-4d24-825e-0e8c7663254d] for path /api/v1/subscriptions: Cannot invoke "org.gb.billing.entity.User.getId()" because "user" is null
java.lang.NullPointerException: Cannot invoke "org.gb.billing.entity.User.getId()" because "user" is null
	at org.gb.billing.controller.SubscriptionController.createSubscription(SubscriptionController.java:81)
	at java.base/jdk.internal.reflect.NativeMethodAccessorImpl.invoke0(Native Method)
	at java.base/jdk.internal.reflect.NativeMethodAccessorImpl.invoke(NativeMethodAccessorImpl.java:77)
	at java.base/jdk.internal.reflect.DelegatingMethodAccessorImpl.invoke(DelegatingMethodAccessorImpl.java:43)
	at java.base/java.lang.reflect.Method.invoke(Method.java:569)
	at org.springframework.aop.support.AopUtils.invokeJoinpointUsingReflection(AopUtils.java:351)
	at org.springframework.aop.framework.ReflectiveMethodInvocation.invokeJoinpoint(ReflectiveMethodInvocation.java:196)
	at org.springframework.aop.framework.ReflectiveMethodInvocation.proceed(ReflectiveMethodInvocation.java:163)
	at org.springframework.aop.framework.CglibAopProxy$CglibMethodInvocation.proceed(CglibAopProxy.java:765)
	at org.springframework.security.authorization.method.AuthorizationManagerBeforeMethodInterceptor.invoke(AuthorizationManagerBeforeMethodInterceptor.java:198)
	at org.springframework.aop.framework.ReflectiveMethodInvocation.proceed(ReflectiveMethodInvocation.java:184)
	at org.springframework.aop.framework.CglibAopProxy$CglibMethodInvocation.proceed(CglibAopProxy.java:765)
	at org.springframework.aop.framework.CglibAopProxy$DynamicAdvisedInterceptor.intercept(CglibAopProxy.java:717)
	at org.gb.billing.controller.SubscriptionController$$SpringCGLIB$$0.createSubscription(<generated>)
	at java.base/jdk.internal.reflect.NativeMethodAccessorImpl.invoke0(Native Method)
	at java.base/jdk.internal.reflect.NativeMethodAccessorImpl.invoke(NativeMethodAccessorImpl.java:77)
	at java.base/jdk.internal.reflect.DelegatingMethodAccessorImpl.invoke(DelegatingMethodAccessorImpl.java:43)
	at java.base/java.lang.reflect.Method.invoke(Method.java:569)
	at org.springframework.web.method.support.InvocableHandlerMethod.doInvoke(InvocableHandlerMethod.java:261)
	at org.springframework.web.method.support.InvocableHandlerMethod.invokeForRequest(InvocableHandlerMethod.java:189)
	at org.springframework.web.servlet.mvc.method.annotation.ServletInvocableHandlerMethod.invokeAndHandle(ServletInvocableHandlerMethod.java:118)
	at org.springframework.web.servlet.mvc.method.annotation.RequestMappingHandlerAdapter.invokeHandlerMethod(RequestMappingHandlerAdapter.java:917)
	at org.springframework.web.servlet.mvc.method.annotation.RequestMappingHandlerAdapter.handleInternal(RequestMappingHandlerAdapter.java:829)
	at org.springframework.web.servlet.mvc.method.AbstractHandlerMethodAdapter.handle(AbstractHandlerMethodAdapter.java:87)
	at org.springframework.web.servlet.DispatcherServlet.doDispatch(DispatcherServlet.java:1089)
	at org.springframework.web.servlet.DispatcherServlet.doService(DispatcherServlet.java:979)
	at org.springframework.web.servlet.FrameworkServlet.processRequest(FrameworkServlet.java:1014)
	at org.springframework.web.servlet.FrameworkServlet.doPost(FrameworkServlet.java:914)
	at jakarta.servlet.http.HttpServlet.service(HttpServlet.java:590)
	at org.springframework.web.servlet.FrameworkServlet.service(FrameworkServlet.java:885)
	at org.springframework.test.web.servlet.TestDispatcherServlet.service(TestDispatcherServlet.java:72)
	at jakarta.servlet.http.HttpServlet.service(HttpServlet.java:658)
	at org.springframework.mock.web.MockFilterChain$ServletFilterProxy.doFilter(MockFilterChain.java:165)
	at org.springframework.mock.web.MockFilterChain.doFilter(MockFilterChain.java:132)
	at org.springframework.web.filter.OncePerRequestFilter.doFilter(OncePerRequestFilter.java:110)
	at org.springframework.test.web.servlet.setup.MockMvcFilterDecorator.doFilter(MockMvcFilterDecorator.java:151)
	at org.springframework.mock.web.MockFilterChain.doFilter(MockFilterChain.java:132)
	at org.springframework.web.filter.OncePerRequestFilter.doFilter(OncePerRequestFilter.java:110)
	at org.springframework.test.web.servlet.setup.MockMvcFilterDecorator.doFilter(MockMvcFilterDecorator.java:151)
	at org.springframework.mock.web.MockFilterChain.doFilter(MockFilterChain.java:132)
	at org.springframework.web.filter.CompositeFilter$VirtualFilterChain.doFilter(CompositeFilter.java:108)
	at org.springframework.security.web.FilterChainProxy.lambda$doFilterInternal$3(FilterChainProxy.java:231)
	at org.springframework.security.web.FilterChainProxy$VirtualFilterChain.doFilter(FilterChainProxy.java:365)
	at org.springframework.security.web.access.intercept.AuthorizationFilter.doFilter(AuthorizationFilter.java:100)
	at org.springframework.security.web.FilterChainProxy$VirtualFilterChain.doFilter(FilterChainProxy.java:374)
	at org.springframework.security.web.access.ExceptionTranslationFilter.doFilter(ExceptionTranslationFilter.java:126)
	at org.springframework.security.web.access.ExceptionTranslationFilter.doFilter(ExceptionTranslationFilter.java:120)
	at org.springframework.security.web.FilterChainProxy$VirtualFilterChain.doFilter(FilterChainProxy.java:374)
	at org.springframework.security.web.session.SessionManagementFilter.doFilter(SessionManagementFilter.java:131)
	at org.springframework.security.web.session.SessionManagementFilter.doFilter(SessionManagementFilter.java:85)
	at org.springframework.security.web.FilterChainProxy$VirtualFilterChain.doFilter(FilterChainProxy.java:374)
	at org.springframework.security.web.authentication.AnonymousAuthenticationFilter.doFilter(AnonymousAuthenticationFilter.java:100)
	at org.springframework.security.web.FilterChainProxy$VirtualFilterChain.doFilter(FilterChainProxy.java:374)
	at org.springframework.security.web.servletapi.SecurityContextHolderAwareRequestFilter.doFilter(SecurityContextHolderAwareRequestFilter.java:179)
	at org.springframework.security.web.FilterChainProxy$VirtualFilterChain.doFilter(FilterChainProxy.java:374)
	at org.springframework.security.web.savedrequest.RequestCacheAwareFilter.doFilter(RequestCacheAwareFilter.java:63)
	at org.springframework.security.web.FilterChainProxy$VirtualFilterChain.doFilter(FilterChainProxy.java:374)
	at org.gb.billing.security.JwtAuthenticationFilter.doFilterInternal(JwtAuthenticationFilter.java:74)
	at org.springframework.web.filter.OncePerRequestFilter.doFilter(OncePerRequestFilter.java:116)
	at org.springframework.security.web.FilterChainProxy$VirtualFilterChain.doFilter(FilterChainProxy.java:374)
	at org.gb.billing.security.RateLimitingFilter.doFilterInternal(RateLimitingFilter.java:70)
	at org.springframework.web.filter.OncePerRequestFilter.doFilter(OncePerRequestFilter.java:116)
	at org.springframework.security.web.FilterChainProxy$VirtualFilterChain.doFilter(FilterChainProxy.java:374)
	at org.springframework.security.web.authentication.logout.LogoutFilter.doFilter(LogoutFilter.java:107)
	at org.springframework.security.web.authentication.logout.LogoutFilter.doFilter(LogoutFilter.java:93)
	at org.springframework.security.web.FilterChainProxy$VirtualFilterChain.doFilter(FilterChainProxy.java:374)
	at org.springframework.web.filter.CorsFilter.doFilterInternal(CorsFilter.java:91)
	at org.springframework.web.filter.OncePerRequestFilter.doFilter(OncePerRequestFilter.java:116)
	at org.springframework.security.web.FilterChainProxy$VirtualFilterChain.doFilter(FilterChainProxy.java:374)
	at org.springframework.security.web.header.HeaderWriterFilter.doHeadersAfter(HeaderWriterFilter.java:90)
	at org.springframework.security.web.header.HeaderWriterFilter.doFilterInternal(HeaderWriterFilter.java:75)
	at org.springframework.web.filter.OncePerRequestFilter.doFilter(OncePerRequestFilter.java:116)
	at org.springframework.security.web.FilterChainProxy$VirtualFilterChain.doFilter(FilterChainProxy.java:374)
	at org.springframework.security.web.context.SecurityContextHolderFilter.doFilter(SecurityContextHolderFilter.java:82)
	at org.springframework.security.web.context.SecurityContextHolderFilter.doFilter(SecurityContextHolderFilter.java:69)
	at org.springframework.security.web.FilterChainProxy$VirtualFilterChain.doFilter(FilterChainProxy.java:374)
	at org.springframework.security.web.context.request.async.WebAsyncManagerIntegrationFilter.doFilterInternal(WebAsyncManagerIntegrationFilter.java:62)
	at org.springframework.web.filter.OncePerRequestFilter.doFilter(OncePerRequestFilter.java:116)
	at org.springframework.security.web.FilterChainProxy$VirtualFilterChain.doFilter(FilterChainProxy.java:374)
	at org.springframework.security.web.session.DisableEncodeUrlFilter.doFilterInternal(DisableEncodeUrlFilter.java:42)
	at org.springframework.web.filter.OncePerRequestFilter.doFilter(OncePerRequestFilter.java:116)
	at org.springframework.security.web.FilterChainProxy$VirtualFilterChain.doFilter(FilterChainProxy.java:374)
	at org.springframework.security.web.FilterChainProxy.doFilterInternal(FilterChainProxy.java:233)
	at org.springframework.security.web.FilterChainProxy.doFilter(FilterChainProxy.java:191)
	at org.springframework.web.filter.CompositeFilter$VirtualFilterChain.doFilter(CompositeFilter.java:113)
	at org.springframework.web.servlet.handler.HandlerMappingIntrospector.lambda$createCacheFilter$3(HandlerMappingIntrospector.java:195)
	at org.springframework.web.filter.CompositeFilter$VirtualFilterChain.doFilter(CompositeFilter.java:113)
	at org.springframework.web.filter.CompositeFilter.doFilter(CompositeFilter.java:74)
	at org.springframework.security.config.annotation.web.configuration.WebMvcSecurityConfiguration$CompositeFilterChainProxy.doFilter(WebMvcSecurityConfiguration.java:225)
	at org.springframework.web.filter.DelegatingFilterProxy.invokeDelegate(DelegatingFilterProxy.java:352)
	at org.springframework.web.filter.DelegatingFilterProxy.doFilter(DelegatingFilterProxy.java:268)
	at org.springframework.test.web.servlet.setup.MockMvcFilterDecorator.doFilter(MockMvcFilterDecorator.java:151)
	at org.springframework.mock.web.MockFilterChain.doFilter(MockFilterChain.java:132)
	at org.springframework.web.filter.RequestContextFilter.doFilterInternal(RequestContextFilter.java:100)
	at org.springframework.web.filter.OncePerRequestFilter.doFilter(OncePerRequestFilter.java:116)
	at org.springframework.test.web.servlet.setup.MockMvcFilterDecorator.doFilter(MockMvcFilterDecorator.java:151)
	at org.springframework.mock.web.MockFilterChain.doFilter(MockFilterChain.java:132)
	at org.springframework.web.filter.FormContentFilter.doFilterInternal(FormContentFilter.java:93)
	at org.springframework.web.filter.OncePerRequestFilter.doFilter(OncePerRequestFilter.java:116)
	at org.springframework.test.web.servlet.setup.MockMvcFilterDecorator.doFilter(MockMvcFilterDecorator.java:151)
	at org.springframework.mock.web.MockFilterChain.doFilter(MockFilterChain.java:132)
	at org.springframework.web.filter.CharacterEncodingFilter.doFilterInternal(CharacterEncodingFilter.java:201)
	at org.springframework.web.filter.OncePerRequestFilter.doFilter(OncePerRequestFilter.java:116)
	at org.springframework.test.web.servlet.setup.MockMvcFilterDecorator.doFilter(MockMvcFilterDecorator.java:151)
	at org.springframework.mock.web.MockFilterChain.doFilter(MockFilterChain.java:132)
	at org.springframework.test.web.servlet.MockMvc.perform(MockMvc.java:201)
	at org.gb.billing.controller.SubscriptionApiTest.shouldCreateSubscription(SubscriptionApiTest.java:78)
	at java.base/jdk.internal.reflect.NativeMethodAccessorImpl.invoke0(Native Method)
	at java.base/jdk.internal.reflect.NativeMethodAccessorImpl.invoke(NativeMethodAccessorImpl.java:77)
	at java.base/jdk.internal.reflect.DelegatingMethodAccessorImpl.invoke(DelegatingMethodAccessorImpl.java:43)
	at java.base/java.lang.reflect.Method.invoke(Method.java:569)
	at org.junit.platform.commons.util.ReflectionUtils.invokeMethod(ReflectionUtils.java:728)
	at org.junit.jupiter.engine.execution.MethodInvocation.proceed(MethodInvocation.java:60)
	at org.junit.jupiter.engine.execution.InvocationInterceptorChain$ValidatingInvocation.proceed(InvocationInterceptorChain.java:131)
	at org.junit.jupiter.engine.extension.TimeoutExtension.intercept(TimeoutExtension.java:156)
	at org.junit.jupiter.engine.extension.TimeoutExtension.interceptTestableMethod(TimeoutExtension.java:147)
	at org.junit.jupiter.engine.extension.TimeoutExtension.interceptTestMethod(TimeoutExtension.java:86)
	at org.junit.jupiter.engine.execution.InterceptingExecutableInvoker$ReflectiveInterceptorCall.lambda$ofVoidMethod$0(InterceptingExecutableInvoker.java:103)
	at org.junit.jupiter.engine.execution.InterceptingExecutableInvoker.lambda$invoke$0(InterceptingExecutableInvoker.java:93)
	at org.junit.jupiter.engine.execution.InvocationInterceptorChain$InterceptedInvocation.proceed(InvocationInterceptorChain.java:106)
	at org.junit.jupiter.engine.execution.InvocationInterceptorChain.proceed(InvocationInterceptorChain.java:64)
	at org.junit.jupiter.engine.execution.InvocationInterceptorChain.chainAndInvoke(InvocationInterceptorChain.java:45)
	at org.junit.jupiter.engine.execution.InvocationInterceptorChain.invoke(InvocationInterceptorChain.java:37)
	at org.junit.jupiter.engine.execution.InterceptingExecutableInvoker.invoke(InterceptingExecutableInvoker.java:92)
	at org.junit.jupiter.engine.execution.InterceptingExecutableInvoker.invoke(InterceptingExecutableInvoker.java:86)
	at org.junit.jupiter.engine.descriptor.TestMethodTestDescriptor.lambda$invokeTestMethod$7(TestMethodTestDescriptor.java:218)
	at org.junit.platform.engine.support.hierarchical.ThrowableCollector.execute(ThrowableCollector.java:73)
	at org.junit.jupiter.engine.descriptor.TestMethodTestDescriptor.invokeTestMethod(TestMethodTestDescriptor.java:214)
	at org.junit.jupiter.engine.descriptor.TestMethodTestDescriptor.execute(TestMethodTestDescriptor.java:139)
	at org.junit.jupiter.engine.descriptor.TestMethodTestDescriptor.execute(TestMethodTestDescriptor.java:69)
	at org.junit.platform.engine.support.hierarchical.NodeTestTask.lambda$executeRecursively$6(NodeTestTask.java:151)
	at org.junit.platform.engine.support.hierarchical.ThrowableCollector.execute(ThrowableCollector.java:73)
	at org.junit.platform.engine.support.hierarchical.NodeTestTask.lambda$executeRecursively$8(NodeTestTask.java:141)
	at org.junit.platform.engine.support.hierarchical.Node.around(Node.java:137)
	at org.junit.platform.engine.support.hierarchical.NodeTestTask.lambda$executeRecursively$9(NodeTestTask.java:139)
	at org.junit.platform.engine.support.hierarchical.ThrowableCollector.execute(ThrowableCollector.java:73)
	at org.junit.platform.engine.support.hierarchical.NodeTestTask.executeRecursively(NodeTestTask.java:138)
	at org.junit.platform.engine.support.hierarchical.NodeTestTask.execute(NodeTestTask.java:95)
	at java.base/java.util.ArrayList.forEach(ArrayList.java:1511)
	at org.junit.platform.engine.support.hierarchical.SameThreadHierarchicalTestExecutorService.invokeAll(SameThreadHierarchicalTestExecutorService.java:41)
	at org.junit.platform.engine.support.hierarchical.NodeTestTask.lambda$executeRecursively$6(NodeTestTask.java:155)
	at org.junit.platform.engine.support.hierarchical.ThrowableCollector.execute(ThrowableCollector.java:73)
	at org.junit.platform.engine.support.hierarchical.NodeTestTask.lambda$executeRecursively$8(NodeTestTask.java:141)
	at org.junit.platform.engine.support.hierarchical.Node.around(Node.java:137)
	at org.junit.platform.engine.support.hierarchical.NodeTestTask.lambda$executeRecursively$9(NodeTestTask.java:139)
	at org.junit.platform.engine.support.hierarchical.ThrowableCollector.execute(ThrowableCollector.java:73)
	at org.junit.platform.engine.support.hierarchical.NodeTestTask.executeRecursively(NodeTestTask.java:138)
	at org.junit.platform.engine.support.hierarchical.NodeTestTask.execute(NodeTestTask.java:95)
	at java.base/java.util.ArrayList.forEach(ArrayList.java:1511)
	at org.junit.platform.engine.support.hierarchical.SameThreadHierarchicalTestExecutorService.invokeAll(SameThreadHierarchicalTestExecutorService.java:41)
	at org.junit.platform.engine.support.hierarchical.NodeTestTask.lambda$executeRecursively$6(NodeTestTask.java:155)
	at org.junit.platform.engine.support.hierarchical.ThrowableCollector.execute(ThrowableCollector.java:73)
	at org.junit.platform.engine.support.hierarchical.NodeTestTask.lambda$executeRecursively$8(NodeTestTask.java:141)
	at org.junit.platform.engine.support.hierarchical.Node.around(Node.java:137)
	at org.junit.platform.engine.support.hierarchical.NodeTestTask.lambda$executeRecursively$9(NodeTestTask.java:139)
	at org.junit.platform.engine.support.hierarchical.ThrowableCollector.execute(ThrowableCollector.java:73)
	at org.junit.platform.engine.support.hierarchical.NodeTestTask.executeRecursively(NodeTestTask.java:138)
	at org.junit.platform.engine.support.hierarchical.NodeTestTask.execute(NodeTestTask.java:95)
	at org.junit.platform.engine.support.hierarchical.SameThreadHierarchicalTestExecutorService.submit(SameThreadHierarchicalTestExecutorService.java:35)
	at org.junit.platform.engine.support.hierarchical.HierarchicalTestExecutor.execute(HierarchicalTestExecutor.java:57)
	at org.junit.platform.engine.support.hierarchical.HierarchicalTestEngine.execute(HierarchicalTestEngine.java:54)
	at org.junit.platform.launcher.core.EngineExecutionOrchestrator.execute(EngineExecutionOrchestrator.java:198)
	at org.junit.platform.launcher.core.EngineExecutionOrchestrator.execute(EngineExecutionOrchestrator.java:169)
	at org.junit.platform.launcher.core.EngineExecutionOrchestrator.execute(EngineExecutionOrchestrator.java:93)
	at org.junit.platform.launcher.core.EngineExecutionOrchestrator.lambda$execute$0(EngineExecutionOrchestrator.java:58)
	at org.junit.platform.launcher.core.EngineExecutionOrchestrator.withInterceptedStreams(EngineExecutionOrchestrator.java:141)
	at org.junit.platform.launcher.core.EngineExecutionOrchestrator.execute(EngineExecutionOrchestrator.java:57)
	at org.junit.platform.launcher.core.DefaultLauncher.execute(DefaultLauncher.java:103)
	at org.junit.platform.launcher.core.DefaultLauncher.execute(DefaultLauncher.java:85)
	at org.junit.platform.launcher.core.DelegatingLauncher.execute(DelegatingLauncher.java:47)
	at org.apache.maven.surefire.junitplatform.LazyLauncher.execute(LazyLauncher.java:56)
	at org.apache.maven.surefire.junitplatform.JUnitPlatformProvider.execute(JUnitPlatformProvider.java:184)
	at org.apache.maven.surefire.junitplatform.JUnitPlatformProvider.invokeAllTests(JUnitPlatformProvider.java:148)
	at org.apache.maven.surefire.junitplatform.JUnitPlatformProvider.invoke(JUnitPlatformProvider.java:122)
	at org.apache.maven.surefire.booter.ForkedBooter.runSuitesInProcess(ForkedBooter.java:385)
	at org.apache.maven.surefire.booter.ForkedBooter.execute(ForkedBooter.java:162)
	at org.apache.maven.surefire.booter.ForkedBooter.run(ForkedBooter.java:507)
	at org.apache.maven.surefire.booter.ForkedBooter.main(ForkedBooter.java:495)

MockHttpServletRequest:
      HTTP Method = POST
      Request URI = /api/v1/subscriptions
       Parameters = {_csrf=[WHRuAxx5FNC_0eN6yRsyCCbgnnH_V_Bp-3UkPp8qvMxcFIQ6aRFWMCpBcLSS54VKrTYGbBbSs0nNZclEzEUVD68S3_w5d7UK]}
          Headers = [Content-Type:"application/json;charset=UTF-8", Content-Length:"49"]
             Body = {"planId":"1958ad59-d3cf-4311-a8cd-657b9f5e2300"}
    Session Attrs = {}

Handler:
             Type = org.gb.billing.controller.SubscriptionController
           Method = org.gb.billing.controller.SubscriptionController#createSubscription(SubscribeRequest, User)

Async:
    Async started = false
     Async result = null

Resolved Exception:
             Type = java.lang.NullPointerException

ModelAndView:
        View name = null
             View = null
            Model = null

FlashMap:
       Attributes = null

MockHttpServletResponse:
           Status = 500
    Error message = null
          Headers = [Vary:"Origin", "Access-Control-Request-Method", "Access-Control-Request-Headers", Content-Type:"application/json", X-Content-Type-Options:"nosniff", X-XSS-Protection:"0", Cache-Control:"no-cache, no-store, max-age=0, must-revalidate", Pragma:"no-cache", Expires:"0", X-Frame-Options:"DENY"]
     Content type = application/json
             Body = {"status":500,"error":"Internal Server Error","errorCode":"INTERNAL_SERVER_ERROR","message":"An unexpected error occurred. Please reference error ID: 20524ec7-83ee-4d24-825e-0e8c7663254d","timestamp":"2026-01-31T13:01:12.875451300Z","path":"/api/v1/subscriptions","errorId":"20524ec7-83ee-4d24-825e-0e8c7663254d"}
    Forwarded URL = null
   Redirected URL = null
          Cookies = []
[ERROR] Tests run: 8, Failures: 7, Errors: 0, Skipped: 0, Time elapsed: 0.682 s <<< FAILURE! -- in org.gb.billing.controller.SubscriptionApiTest
[ERROR] org.gb.billing.controller.SubscriptionApiTest.shouldGetMySubscription -- Time elapsed: 0.045 s <<< FAILURE!
java.lang.AssertionError: Status expected:<200> but was:<500>
	at org.springframework.test.util.AssertionErrors.fail(AssertionErrors.java:59)
	at org.springframework.test.util.AssertionErrors.assertEquals(AssertionErrors.java:122)
	at org.springframework.test.web.servlet.result.StatusResultMatchers.lambda$matcher$9(StatusResultMatchers.java:637)
	at org.springframework.test.web.servlet.MockMvc$1.andExpect(MockMvc.java:214)
	at org.gb.billing.controller.SubscriptionApiTest.shouldGetMySubscription(SubscriptionApiTest.java:99)
	at java.base/java.lang.reflect.Method.invoke(Method.java:569)
	at java.base/java.util.ArrayList.forEach(ArrayList.java:1511)
	at java.base/java.util.ArrayList.forEach(ArrayList.java:1511)

[ERROR] org.gb.billing.controller.SubscriptionApiTest.shouldReturn404WhenNoActiveSubscription -- Time elapsed: 0.013 s <<< FAILURE!
java.lang.AssertionError: Status expected:<404> but was:<500>
	at org.springframework.test.util.AssertionErrors.fail(AssertionErrors.java:59)
	at org.springframework.test.util.AssertionErrors.assertEquals(AssertionErrors.java:122)
	at org.springframework.test.web.servlet.result.StatusResultMatchers.lambda$matcher$9(StatusResultMatchers.java:637)
	at org.springframework.test.web.servlet.MockMvc$1.andExpect(MockMvc.java:214)
	at org.gb.billing.controller.SubscriptionApiTest.shouldReturn404WhenNoActiveSubscription(SubscriptionApiTest.java:109)
	at java.base/java.lang.reflect.Method.invoke(Method.java:569)
	at java.base/java.util.ArrayList.forEach(ArrayList.java:1511)
	at java.base/java.util.ArrayList.forEach(ArrayList.java:1511)

[ERROR] org.gb.billing.controller.SubscriptionApiTest.shouldUpgradeSubscription -- Time elapsed: 0.025 s <<< FAILURE!
java.lang.AssertionError: Status expected:<200> but was:<500>
	at org.springframework.test.util.AssertionErrors.fail(AssertionErrors.java:59)
	at org.springframework.test.util.AssertionErrors.assertEquals(AssertionErrors.java:122)
	at org.springframework.test.web.servlet.result.StatusResultMatchers.lambda$matcher$9(StatusResultMatchers.java:637)
	at org.springframework.test.web.servlet.MockMvc$1.andExpect(MockMvc.java:214)
	at org.gb.billing.controller.SubscriptionApiTest.shouldUpgradeSubscription(SubscriptionApiTest.java:161)
	at java.base/java.lang.reflect.Method.invoke(Method.java:569)
	at java.base/java.util.ArrayList.forEach(ArrayList.java:1511)
	at java.base/java.util.ArrayList.forEach(ArrayList.java:1511)

[ERROR] org.gb.billing.controller.SubscriptionApiTest.shouldReturn401WhenNotAuthenticated -- Time elapsed: 0.008 s <<< FAILURE!
java.lang.AssertionError: Status expected:<401> but was:<403>
	at org.springframework.test.util.AssertionErrors.fail(AssertionErrors.java:59)
	at org.springframework.test.util.AssertionErrors.assertEquals(AssertionErrors.java:122)
	at org.springframework.test.web.servlet.result.StatusResultMatchers.lambda$matcher$9(StatusResultMatchers.java:637)
	at org.springframework.test.web.servlet.MockMvc$1.andExpect(MockMvc.java:214)
	at org.gb.billing.controller.SubscriptionApiTest.shouldReturn401WhenNotAuthenticated(SubscriptionApiTest.java:133)
	at java.base/java.lang.reflect.Method.invoke(Method.java:569)
	at java.base/java.util.ArrayList.forEach(ArrayList.java:1511)
	at java.base/java.util.ArrayList.forEach(ArrayList.java:1511)

[ERROR] org.gb.billing.controller.SubscriptionApiTest.shouldCancelSubscription -- Time elapsed: 0.018 s <<< FAILURE!
java.lang.AssertionError: Status expected:<204> but was:<500>
	at org.springframework.test.util.AssertionErrors.fail(AssertionErrors.java:59)
	at org.springframework.test.util.AssertionErrors.assertEquals(AssertionErrors.java:122)
	at org.springframework.test.web.servlet.result.StatusResultMatchers.lambda$matcher$9(StatusResultMatchers.java:637)
	at org.springframework.test.web.servlet.MockMvc$1.andExpect(MockMvc.java:214)
	at org.gb.billing.controller.SubscriptionApiTest.shouldCancelSubscription(SubscriptionApiTest.java:171)
	at java.base/java.lang.reflect.Method.invoke(Method.java:569)
	at java.base/java.util.ArrayList.forEach(ArrayList.java:1511)
	at java.base/java.util.ArrayList.forEach(ArrayList.java:1511)

[ERROR] org.gb.billing.controller.SubscriptionApiTest.shouldGetSubscriptionById -- Time elapsed: 0.019 s <<< FAILURE!
java.lang.AssertionError: Status expected:<200> but was:<500>
	at org.springframework.test.util.AssertionErrors.fail(AssertionErrors.java:59)
	at org.springframework.test.util.AssertionErrors.assertEquals(AssertionErrors.java:122)
	at org.springframework.test.web.servlet.result.StatusResultMatchers.lambda$matcher$9(StatusResultMatchers.java:637)
	at org.springframework.test.web.servlet.MockMvc$1.andExpect(MockMvc.java:214)
	at org.gb.billing.controller.SubscriptionApiTest.shouldGetSubscriptionById(SubscriptionApiTest.java:126)
	at java.base/java.lang.reflect.Method.invoke(Method.java:569)
	at java.base/java.util.ArrayList.forEach(ArrayList.java:1511)
	at java.base/java.util.ArrayList.forEach(ArrayList.java:1511)

[ERROR] org.gb.billing.controller.SubscriptionApiTest.shouldCreateSubscription -- Time elapsed: 0.012 s <<< FAILURE!
java.lang.AssertionError: Status expected:<201> but was:<500>
	at org.springframework.test.util.AssertionErrors.fail(AssertionErrors.java:59)
	at org.springframework.test.util.AssertionErrors.assertEquals(AssertionErrors.java:122)
	at org.springframework.test.web.servlet.result.StatusResultMatchers.lambda$matcher$9(StatusResultMatchers.java:637)
	at org.springframework.test.web.servlet.MockMvc$1.andExpect(MockMvc.java:214)
	at org.gb.billing.controller.SubscriptionApiTest.shouldCreateSubscription(SubscriptionApiTest.java:82)
	at java.base/java.lang.reflect.Method.invoke(Method.java:569)
	at java.base/java.util.ArrayList.forEach(ArrayList.java:1511)
	at java.base/java.util.ArrayList.forEach(ArrayList.java:1511)

[INFO] Running org.gb.billing.exception.GlobalExceptionHandlerTest
2026-01-31 18:31:13 - Rate limit exceeded for path /api/test: API rate limit exceeded. Please try again in 30 seconds.
2026-01-31 18:31:13 - Unexpected error [ID: 0b03330a-1911-4c51-936e-9126b3312675] for path /api/test: Something went wrong
java.lang.Exception: Something went wrong
	at org.gb.billing.exception.GlobalExceptionHandlerTest.testHandleGenericException(GlobalExceptionHandlerTest.java:54)
	at java.base/jdk.internal.reflect.NativeMethodAccessorImpl.invoke0(Native Method)
	at java.base/jdk.internal.reflect.NativeMethodAccessorImpl.invoke(NativeMethodAccessorImpl.java:77)
	at java.base/jdk.internal.reflect.DelegatingMethodAccessorImpl.invoke(DelegatingMethodAccessorImpl.java:43)
	at java.base/java.lang.reflect.Method.invoke(Method.java:569)
	at org.junit.platform.commons.util.ReflectionUtils.invokeMethod(ReflectionUtils.java:728)
	at org.junit.jupiter.engine.execution.MethodInvocation.proceed(MethodInvocation.java:60)
	at org.junit.jupiter.engine.execution.InvocationInterceptorChain$ValidatingInvocation.proceed(InvocationInterceptorChain.java:131)
	at org.junit.jupiter.engine.extension.TimeoutExtension.intercept(TimeoutExtension.java:156)
	at org.junit.jupiter.engine.extension.TimeoutExtension.interceptTestableMethod(TimeoutExtension.java:147)
	at org.junit.jupiter.engine.extension.TimeoutExtension.interceptTestMethod(TimeoutExtension.java:86)
	at org.junit.jupiter.engine.execution.InterceptingExecutableInvoker$ReflectiveInterceptorCall.lambda$ofVoidMethod$0(InterceptingExecutableInvoker.java:103)
	at org.junit.jupiter.engine.execution.InterceptingExecutableInvoker.lambda$invoke$0(InterceptingExecutableInvoker.java:93)
	at org.junit.jupiter.engine.execution.InvocationInterceptorChain$InterceptedInvocation.proceed(InvocationInterceptorChain.java:106)
	at org.junit.jupiter.engine.execution.InvocationInterceptorChain.proceed(InvocationInterceptorChain.java:64)
	at org.junit.jupiter.engine.execution.InvocationInterceptorChain.chainAndInvoke(InvocationInterceptorChain.java:45)
	at org.junit.jupiter.engine.execution.InvocationInterceptorChain.invoke(InvocationInterceptorChain.java:37)
	at org.junit.jupiter.engine.execution.InterceptingExecutableInvoker.invoke(InterceptingExecutableInvoker.java:92)
	at org.junit.jupiter.engine.execution.InterceptingExecutableInvoker.invoke(InterceptingExecutableInvoker.java:86)
	at org.junit.jupiter.engine.descriptor.TestMethodTestDescriptor.lambda$invokeTestMethod$7(TestMethodTestDescriptor.java:218)
	at org.junit.platform.engine.support.hierarchical.ThrowableCollector.execute(ThrowableCollector.java:73)
	at org.junit.jupiter.engine.descriptor.TestMethodTestDescriptor.invokeTestMethod(TestMethodTestDescriptor.java:214)
	at org.junit.jupiter.engine.descriptor.TestMethodTestDescriptor.execute(TestMethodTestDescriptor.java:139)
	at org.junit.jupiter.engine.descriptor.TestMethodTestDescriptor.execute(TestMethodTestDescriptor.java:69)
	at org.junit.platform.engine.support.hierarchical.NodeTestTask.lambda$executeRecursively$6(NodeTestTask.java:151)
	at org.junit.platform.engine.support.hierarchical.ThrowableCollector.execute(ThrowableCollector.java:73)
	at org.junit.platform.engine.support.hierarchical.NodeTestTask.lambda$executeRecursively$8(NodeTestTask.java:141)
	at org.junit.platform.engine.support.hierarchical.Node.around(Node.java:137)
	at org.junit.platform.engine.support.hierarchical.NodeTestTask.lambda$executeRecursively$9(NodeTestTask.java:139)
	at org.junit.platform.engine.support.hierarchical.ThrowableCollector.execute(ThrowableCollector.java:73)
	at org.junit.platform.engine.support.hierarchical.NodeTestTask.executeRecursively(NodeTestTask.java:138)
	at org.junit.platform.engine.support.hierarchical.NodeTestTask.execute(NodeTestTask.java:95)
	at java.base/java.util.ArrayList.forEach(ArrayList.java:1511)
	at org.junit.platform.engine.support.hierarchical.SameThreadHierarchicalTestExecutorService.invokeAll(SameThreadHierarchicalTestExecutorService.java:41)
	at org.junit.platform.engine.support.hierarchical.NodeTestTask.lambda$executeRecursively$6(NodeTestTask.java:155)
	at org.junit.platform.engine.support.hierarchical.ThrowableCollector.execute(ThrowableCollector.java:73)
	at org.junit.platform.engine.support.hierarchical.NodeTestTask.lambda$executeRecursively$8(NodeTestTask.java:141)
	at org.junit.platform.engine.support.hierarchical.Node.around(Node.java:137)
	at org.junit.platform.engine.support.hierarchical.NodeTestTask.lambda$executeRecursively$9(NodeTestTask.java:139)
	at org.junit.platform.engine.support.hierarchical.ThrowableCollector.execute(ThrowableCollector.java:73)
	at org.junit.platform.engine.support.hierarchical.NodeTestTask.executeRecursively(NodeTestTask.java:138)
	at org.junit.platform.engine.support.hierarchical.NodeTestTask.execute(NodeTestTask.java:95)
	at java.base/java.util.ArrayList.forEach(ArrayList.java:1511)
	at org.junit.platform.engine.support.hierarchical.SameThreadHierarchicalTestExecutorService.invokeAll(SameThreadHierarchicalTestExecutorService.java:41)
	at org.junit.platform.engine.support.hierarchical.NodeTestTask.lambda$executeRecursively$6(NodeTestTask.java:155)
	at org.junit.platform.engine.support.hierarchical.ThrowableCollector.execute(ThrowableCollector.java:73)
	at org.junit.platform.engine.support.hierarchical.NodeTestTask.lambda$executeRecursively$8(NodeTestTask.java:141)
	at org.junit.platform.engine.support.hierarchical.Node.around(Node.java:137)
	at org.junit.platform.engine.support.hierarchical.NodeTestTask.lambda$executeRecursively$9(NodeTestTask.java:139)
	at org.junit.platform.engine.support.hierarchical.ThrowableCollector.execute(ThrowableCollector.java:73)
	at org.junit.platform.engine.support.hierarchical.NodeTestTask.executeRecursively(NodeTestTask.java:138)
	at org.junit.platform.engine.support.hierarchical.NodeTestTask.execute(NodeTestTask.java:95)
	at org.junit.platform.engine.support.hierarchical.SameThreadHierarchicalTestExecutorService.submit(SameThreadHierarchicalTestExecutorService.java:35)
	at org.junit.platform.engine.support.hierarchical.HierarchicalTestExecutor.execute(HierarchicalTestExecutor.java:57)
	at org.junit.platform.engine.support.hierarchical.HierarchicalTestEngine.execute(HierarchicalTestEngine.java:54)
	at org.junit.platform.launcher.core.EngineExecutionOrchestrator.execute(EngineExecutionOrchestrator.java:198)
	at org.junit.platform.launcher.core.EngineExecutionOrchestrator.execute(EngineExecutionOrchestrator.java:169)
	at org.junit.platform.launcher.core.EngineExecutionOrchestrator.execute(EngineExecutionOrchestrator.java:93)
	at org.junit.platform.launcher.core.EngineExecutionOrchestrator.lambda$execute$0(EngineExecutionOrchestrator.java:58)
	at org.junit.platform.launcher.core.EngineExecutionOrchestrator.withInterceptedStreams(EngineExecutionOrchestrator.java:141)
	at org.junit.platform.launcher.core.EngineExecutionOrchestrator.execute(EngineExecutionOrchestrator.java:57)
	at org.junit.platform.launcher.core.DefaultLauncher.execute(DefaultLauncher.java:103)
	at org.junit.platform.launcher.core.DefaultLauncher.execute(DefaultLauncher.java:85)
	at org.junit.platform.launcher.core.DelegatingLauncher.execute(DelegatingLauncher.java:47)
	at org.apache.maven.surefire.junitplatform.LazyLauncher.execute(LazyLauncher.java:56)
	at org.apache.maven.surefire.junitplatform.JUnitPlatformProvider.execute(JUnitPlatformProvider.java:184)
	at org.apache.maven.surefire.junitplatform.JUnitPlatformProvider.invokeAllTests(JUnitPlatformProvider.java:148)
	at org.apache.maven.surefire.junitplatform.JUnitPlatformProvider.invoke(JUnitPlatformProvider.java:122)
	at org.apache.maven.surefire.booter.ForkedBooter.runSuitesInProcess(ForkedBooter.java:385)
	at org.apache.maven.surefire.booter.ForkedBooter.execute(ForkedBooter.java:162)
	at org.apache.maven.surefire.booter.ForkedBooter.run(ForkedBooter.java:507)
	at org.apache.maven.surefire.booter.ForkedBooter.main(ForkedBooter.java:495)
2026-01-31 18:31:13 - Plan not found: Billing plan not found with ID: d3f64c84-d570-408a-b53c-d6e0280117d5
[INFO] Tests run: 3, Failures: 0, Errors: 0, Skipped: 0, Time elapsed: 0.219 s -- in org.gb.billing.exception.GlobalExceptionHandlerTest
[INFO] Running org.gb.billing.integration.RateLimitIntegrationTest
2026-01-31 18:31:13 - Could not detect default configuration classes for test class [org.gb.billing.integration.RateLimitIntegrationTest]: RateLimitIntegrationTest does not declare any static, non-private, non-final, nested classes annotated with @Configuration.
2026-01-31 18:31:13 - Found @SpringBootConfiguration org.gb.billing.BillingApplication for test class org.gb.billing.integration.RateLimitIntegrationTest

  .   ____          _            __ _ _
 /\\ / ___'_ __ _ _(_)_ __  __ _ \ \ \ \
( ( )\___ | '_ | '_| | '_ \/ _` | \ \ \ \
 \\/  ___)| |_)| | | | | || (_| |  ) ) ) )
  '  |____| .__|_| |_|_| |_\__, | / / / /
 =========|_|==============|___/=/_/_/_/
 :: Spring Boot ::                (v3.2.2)

2026-01-31 18:31:13 - Starting RateLimitIntegrationTest using Java 17.0.17 with PID 25032 (started by rishi in C:\Users\rishi\OneDrive\Desktop\spring\billing)
2026-01-31 18:31:13 - Running with Spring Boot v3.2.2, Spring v6.1.3
2026-01-31 18:31:13 - The following 1 profile is active: "test"
2026-01-31 18:31:13 - HHH90000025: H2Dialect does not need to be specified explicitly using 'hibernate.dialect' (remove the property setting and it will be selected by default)
2026-01-31 18:31:14 - 
    drop table if exists billing_plan cascade 
Hibernate: 
    drop table if exists billing_plan cascade 
2026-01-31 18:31:14 - 
    drop table if exists feature_limit cascade 
Hibernate: 
    drop table if exists feature_limit cascade 
2026-01-31 18:31:14 - 
    drop table if exists payment cascade 
Hibernate: 
    drop table if exists payment cascade 
2026-01-31 18:31:14 - 
    drop table if exists subscription cascade 
Hibernate: 
    drop table if exists subscription cascade 
2026-01-31 18:31:14 - 
    drop table if exists subscription_transition_log cascade 
Hibernate: 
    drop table if exists subscription_transition_log cascade 
2026-01-31 18:31:14 - 
    drop table if exists tenants cascade 
Hibernate: 
    drop table if exists tenants cascade 
2026-01-31 18:31:14 - 
    drop table if exists users cascade 
Hibernate: 
    drop table if exists users cascade 
2026-01-31 18:31:14 - 
    create table billing_plan (
        deleted boolean not null,
        is_active boolean not null,
        price numeric(19,4) not null,
        created_at timestamp(6) with time zone not null,
        updated_at timestamp(6) with time zone not null,
        id uuid not null,
        billing_cycle varchar(20) not null check (billing_cycle in ('MONTHLY','YEARLY')),
        name varchar(100) not null unique,
        description TEXT,
        primary key (id)
    )
Hibernate: 
    create table billing_plan (
        deleted boolean not null,
        is_active boolean not null,
        price numeric(19,4) not null,
        created_at timestamp(6) with time zone not null,
        updated_at timestamp(6) with time zone not null,
        id uuid not null,
        billing_cycle varchar(20) not null check (billing_cycle in ('MONTHLY','YEARLY')),
        name varchar(100) not null unique,
        description TEXT,
        primary key (id)
    )
2026-01-31 18:31:14 - 
    create table feature_limit (
        limit_value integer not null,
        created_at timestamp(6) with time zone not null,
        updated_at timestamp(6) with time zone not null,
        id uuid not null,
        plan_id uuid not null,
        limit_type varchar(50) not null,
        primary key (id),
        constraint unique_plan_limit_type unique (plan_id, limit_type)
    )
Hibernate: 
    create table feature_limit (
        limit_value integer not null,
        created_at timestamp(6) with time zone not null,
        updated_at timestamp(6) with time zone not null,
        id uuid not null,
        plan_id uuid not null,
        limit_type varchar(50) not null,
        primary key (id),
        constraint unique_plan_limit_type unique (plan_id, limit_type)
    )
2026-01-31 18:31:14 - 
    create table payment (
        amount numeric(10,2) not null,
        currency varchar(3) not null,
        created_at timestamp(6) with time zone not null,
        paid_at timestamp(6) with time zone,
        tenant_id bigint not null,
        user_id bigint not null,
        id uuid not null,
        subscription_id uuid not null,
        payment_method varchar(20),
        status varchar(20) not null check (status in ('PENDING','SUCCEEDED','FAILED','REFUNDED')),
        invoice_url varchar(500),
        external_payment_id varchar(255),
        primary key (id)
    )
Hibernate: 
    create table payment (
        amount numeric(10,2) not null,
        currency varchar(3) not null,
        created_at timestamp(6) with time zone not null,
        paid_at timestamp(6) with time zone,
        tenant_id bigint not null,
        user_id bigint not null,
        id uuid not null,
        subscription_id uuid not null,
        payment_method varchar(20),
        status varchar(20) not null check (status in ('PENDING','SUCCEEDED','FAILED','REFUNDED')),
        invoice_url varchar(500),
        external_payment_id varchar(255),
        primary key (id)
    )
2026-01-31 18:31:14 - 
    create table subscription (
        version integer not null,
        canceled_at timestamp(6) with time zone,
        created_at timestamp(6) with time zone not null,
        next_billing_date timestamp(6) with time zone,
        start_date timestamp(6) with time zone not null,
        tenant_id bigint not null,
        updated_at timestamp(6) with time zone not null,
        user_id bigint not null,
        id uuid not null,
        plan_id uuid not null,
        status varchar(20) not null check (status in ('ACTIVE','PAST_DUE','CANCELED')),
        primary key (id)
    )
Hibernate: 
    create table subscription (
        version integer not null,
        canceled_at timestamp(6) with time zone,
        created_at timestamp(6) with time zone not null,
        next_billing_date timestamp(6) with time zone,
        start_date timestamp(6) with time zone not null,
        tenant_id bigint not null,
        updated_at timestamp(6) with time zone not null,
        user_id bigint not null,
        id uuid not null,
        plan_id uuid not null,
        status varchar(20) not null check (status in ('ACTIVE','PAST_DUE','CANCELED')),
        primary key (id)
    )
2026-01-31 18:31:14 - 
    create table subscription_transition_log (
        transitioned_at timestamp(6) with time zone not null,
        transitioned_by bigint,
        id uuid not null,
        subscription_id uuid not null,
        from_status varchar(20),
        to_status varchar(20) not null,
        reason varchar(255),
        primary key (id)
    )
Hibernate: 
    create table subscription_transition_log (
        transitioned_at timestamp(6) with time zone not null,
        transitioned_by bigint,
        id uuid not null,
        subscription_id uuid not null,
        from_status varchar(20),
        to_status varchar(20) not null,
        reason varchar(255),
        primary key (id)
    )
2026-01-31 18:31:14 - 
    create table tenants (
        active boolean not null,
        created_date timestamp(6) not null,
        id bigint generated by default as identity,
        last_modified_date timestamp(6) not null,
        name varchar(255) not null unique,
        primary key (id)
    )
Hibernate: 
    create table tenants (
        active boolean not null,
        created_date timestamp(6) not null,
        id bigint generated by default as identity,
        last_modified_date timestamp(6) not null,
        name varchar(255) not null unique,
        primary key (id)
    )
2026-01-31 18:31:14 - 
    create table users (
        active boolean not null,
        created_date timestamp(6) not null,
        id bigint generated by default as identity,
        last_login_date timestamp(6),
        last_modified_date timestamp(6) not null,
        tenant_id bigint,
        version bigint not null,
        role varchar(50) not null check (role in ('ROLE_ADMIN','ROLE_USER')),
        password varchar(60) not null,
        first_name varchar(100),
        last_name varchar(100),
        email varchar(255) not null unique,
        primary key (id)
    )
Hibernate: 
    create table users (
        active boolean not null,
        created_date timestamp(6) not null,
        id bigint generated by default as identity,
        last_login_date timestamp(6),
        last_modified_date timestamp(6) not null,
        tenant_id bigint,
        version bigint not null,
        role varchar(50) not null check (role in ('ROLE_ADMIN','ROLE_USER')),
        password varchar(60) not null,
        first_name varchar(100),
        last_name varchar(100),
        email varchar(255) not null unique,
        primary key (id)
    )
2026-01-31 18:31:14 - 
    create index idx_billing_plan_deleted 
       on billing_plan (deleted)
Hibernate: 
    create index idx_billing_plan_deleted 
       on billing_plan (deleted)
2026-01-31 18:31:14 - 
    create index idx_billing_plan_active 
       on billing_plan (is_active)
Hibernate: 
    create index idx_billing_plan_active 
       on billing_plan (is_active)
2026-01-31 18:31:14 - 
    create index idx_billing_plan_name 
       on billing_plan (name)
Hibernate: 
    create index idx_billing_plan_name 
       on billing_plan (name)
2026-01-31 18:31:14 - 
    create index idx_payment_subscription 
       on payment (subscription_id)
Hibernate: 
    create index idx_payment_subscription 
       on payment (subscription_id)
2026-01-31 18:31:14 - 
    create index idx_payment_tenant 
       on payment (tenant_id)
Hibernate: 
    create index idx_payment_tenant 
       on payment (tenant_id)
2026-01-31 18:31:14 - 
    create index idx_payment_status 
       on payment (status)
Hibernate: 
    create index idx_payment_status 
       on payment (status)
2026-01-31 18:31:14 - 
    create index idx_payment_external_id 
       on payment (external_payment_id)
Hibernate: 
    create index idx_payment_external_id 
       on payment (external_payment_id)
2026-01-31 18:31:14 - 
    create index idx_subscription_user_id 
       on subscription (user_id)
Hibernate: 
    create index idx_subscription_user_id 
       on subscription (user_id)
2026-01-31 18:31:14 - 
    create index idx_subscription_tenant_id 
       on subscription (tenant_id)
Hibernate: 
    create index idx_subscription_tenant_id 
       on subscription (tenant_id)
2026-01-31 18:31:14 - 
    create index idx_subscription_status 
       on subscription (status)
Hibernate: 
    create index idx_subscription_status 
       on subscription (status)
2026-01-31 18:31:14 - 
    create index idx_subscription_tenant_status 
       on subscription (tenant_id, status)
Hibernate: 
    create index idx_subscription_tenant_status 
       on subscription (tenant_id, status)
2026-01-31 18:31:14 - 
    create index idx_subscription_plan_id 
       on subscription (plan_id)
Hibernate: 
    create index idx_subscription_plan_id 
       on subscription (plan_id)
2026-01-31 18:31:14 - 
    create index idx_subscription_next_billing 
       on subscription (next_billing_date)
Hibernate: 
    create index idx_subscription_next_billing 
       on subscription (next_billing_date)
2026-01-31 18:31:14 - 
    create index idx_transition_log_subscription_id 
       on subscription_transition_log (subscription_id)
Hibernate: 
    create index idx_transition_log_subscription_id 
       on subscription_transition_log (subscription_id)
2026-01-31 18:31:14 - 
    create index idx_transition_log_transitioned_at 
       on subscription_transition_log (transitioned_at)
Hibernate: 
    create index idx_transition_log_transitioned_at 
       on subscription_transition_log (transitioned_at)
2026-01-31 18:31:14 - 
    create index idx_transition_log_to_status 
       on subscription_transition_log (to_status)
Hibernate: 
    create index idx_transition_log_to_status 
       on subscription_transition_log (to_status)
2026-01-31 18:31:14 - 
    create index idx_tenants_name 
       on tenants (name)
Hibernate: 
    create index idx_tenants_name 
       on tenants (name)
2026-01-31 18:31:14 - 
    create index idx_tenants_active 
       on tenants (active)
Hibernate: 
    create index idx_tenants_active 
       on tenants (active)
2026-01-31 18:31:14 - 
    create index idx_users_tenant_id 
       on users (tenant_id)
Hibernate: 
    create index idx_users_tenant_id 
       on users (tenant_id)
2026-01-31 18:31:14 - 
    create index idx_users_role 
       on users (role)
Hibernate: 
    create index idx_users_role 
       on users (role)
2026-01-31 18:31:14 - 
    create index idx_users_active 
       on users (active)
Hibernate: 
    create index idx_users_active 
       on users (active)
2026-01-31 18:31:14 - 
    alter table if exists feature_limit 
       add constraint fk_feature_limit_plan 
       foreign key (plan_id) 
       references billing_plan
Hibernate: 
    alter table if exists feature_limit 
       add constraint fk_feature_limit_plan 
       foreign key (plan_id) 
       references billing_plan
2026-01-31 18:31:14 - 
    alter table if exists subscription 
       add constraint fk_subscription_plan 
       foreign key (plan_id) 
       references billing_plan
Hibernate: 
    alter table if exists subscription 
       add constraint fk_subscription_plan 
       foreign key (plan_id) 
       references billing_plan
2026-01-31 18:31:14 - 
    alter table if exists users 
       add constraint fk_user_tenant 
       foreign key (tenant_id) 
       references tenants
Hibernate: 
    alter table if exists users 
       add constraint fk_user_tenant 
       foreign key (tenant_id) 
       references tenants
2026-01-31 18:31:14 - spring.jpa.open-in-view is enabled by default. Therefore, database queries may be performed during view rendering. Explicitly configure spring.jpa.open-in-view to disable this warning
2026-01-31 18:31:15 - Filter 'jwtAuthenticationFilter' configured for use
2026-01-31 18:31:15 - Filter 'rateLimitingFilter' configured for use
2026-01-31 18:31:15 - Started RateLimitIntegrationTest in 2.729 seconds (process running for 27.682)
2026-01-31 18:31:15 - ? JWT secret validation passed (length: 60 characters)
2026-01-31 18:31:15 - No tenant ID in context, skipping tenant filter (likely admin user)
2026-01-31 18:31:16 - 
    insert 
    into
        tenants
        (active, created_date, last_modified_date, name, id) 
    values
        (?, ?, ?, ?, default)
Hibernate: 
    insert 
    into
        tenants
        (active, created_date, last_modified_date, name, id) 
    values
        (?, ?, ?, ?, default)
2026-01-31 18:31:16 - No tenant ID in context, skipping tenant filter (likely admin user)
2026-01-31 18:31:16 - 
    insert 
    into
        tenants
        (active, created_date, last_modified_date, name, id) 
    values
        (?, ?, ?, ?, default)
Hibernate: 
    insert 
    into
        tenants
        (active, created_date, last_modified_date, name, id) 
    values
        (?, ?, ?, ?, default)
2026-01-31 18:31:17 - No tenant ID in context, skipping tenant filter (likely admin user)
2026-01-31 18:31:17 - 
    insert 
    into
        users
        (active, created_date, email, first_name, last_login_date, last_modified_date, last_name, password, role, tenant_id, version, id) 
    values
        (?, ?, ?, ?, ?, ?, ?, ?, ?, ?, ?, default)
Hibernate: 
    insert 
    into
        users
        (active, created_date, email, first_name, last_login_date, last_modified_date, last_name, password, role, tenant_id, version, id) 
    values
        (?, ?, ?, ?, ?, ?, ?, ?, ?, ?, ?, default)
2026-01-31 18:31:17 - No tenant ID in context, skipping tenant filter (likely admin user)
2026-01-31 18:31:17 - Generated JWT token for user: free@example.com with role: ROLE_USER
2026-01-31 18:31:17 - No tenant ID in context, skipping tenant filter (likely admin user)
2026-01-31 18:31:17 - 
    insert 
    into
        billing_plan
        (billing_cycle, created_at, deleted, description, is_active, name, price, updated_at, id) 
    values
        (?, ?, ?, ?, ?, ?, ?, ?, ?)
Hibernate: 
    insert 
    into
        billing_plan
        (billing_cycle, created_at, deleted, description, is_active, name, price, updated_at, id) 
    values
        (?, ?, ?, ?, ?, ?, ?, ?, ?)
2026-01-31 18:31:17 - 
    insert 
    into
        users
        (active, created_date, email, first_name, last_login_date, last_modified_date, last_name, password, role, tenant_id, version, id) 
    values
        (?, ?, ?, ?, ?, ?, ?, ?, ?, ?, ?, default)
Hibernate: 
    insert 
    into
        users
        (active, created_date, email, first_name, last_login_date, last_modified_date, last_name, password, role, tenant_id, version, id) 
    values
        (?, ?, ?, ?, ?, ?, ?, ?, ?, ?, ?, default)
2026-01-31 18:31:17 - Generated JWT token for user: pro@example.com with role: ROLE_USER
2026-01-31 18:31:18 - Set tenant context: tenantId=2
2026-01-31 18:31:18 - Authenticated user: pro@example.com with role: ROLE_USER
2026-01-31 18:31:18 - Fetching all plans
2026-01-31 18:31:18 - Fetching all billing plans
2026-01-31 18:31:18 - Enabled tenant filter with tenantId: 2
2026-01-31 18:31:18 - 
    select
        bp1_0.id,
        bp1_0.billing_cycle,
        bp1_0.created_at,
        bp1_0.deleted,
        bp1_0.description,
        bp1_0.is_active,
        bp1_0.name,
        bp1_0.price,
        bp1_0.updated_at 
    from
        billing_plan bp1_0 
    where
        bp1_0.deleted=false
Hibernate: 
    select
        bp1_0.id,
        bp1_0.billing_cycle,
        bp1_0.created_at,
        bp1_0.deleted,
        bp1_0.description,
        bp1_0.is_active,
        bp1_0.name,
        bp1_0.price,
        bp1_0.updated_at 
    from
        billing_plan bp1_0 
    where
        bp1_0.deleted=false

MockHttpServletRequest:
      HTTP Method = GET
      Request URI = /api/v1/plans
       Parameters = {}
          Headers = [Authorization:"Bearer eyJhbGciOiJIUzI1NiJ9.eyJzdWIiOiIyIiwicm9sZSI6IlJPTEVfVVNFUiIsInRlbmFudElkIjoyLCJlbWFpbCI6InByb0BleGFtcGxlLmNvbSIsImlhdCI6MTc2OTg2NDQ3NywiZXhwIjoxNzY5OTUwODc3fQ.TDWPh0mgQyaZ6j8ZfmgbYlR1qJObK2O7bEzDKx2qIPY"]
             Body = null
    Session Attrs = {}

Handler:
             Type = org.gb.billing.controller.PlanController
           Method = org.gb.billing.controller.PlanController#getAllPlans()

Async:
    Async started = false
     Async result = null

Resolved Exception:
             Type = null

ModelAndView:
        View name = null
             View = null
            Model = null

FlashMap:
       Attributes = null

MockHttpServletResponse:
           Status = 200
    Error message = null
          Headers = [Vary:"Origin", "Access-Control-Request-Method", "Access-Control-Request-Headers", Content-Type:"application/json", X-Content-Type-Options:"nosniff", X-XSS-Protection:"0", Cache-Control:"no-cache, no-store, max-age=0, must-revalidate", Pragma:"no-cache", Expires:"0", X-Frame-Options:"DENY"]
     Content type = application/json
             Body = [{"id":"d5aa7b4c-24a4-4ed6-8853-5033aed611b9","name":"Free","description":null,"price":0,"billingCycle":"MONTHLY","isActive":true,"featureLimits":[],"createdAt":"2026-01-31T13:01:17.924774Z","updatedAt":"2026-01-31T13:01:17.924774Z"}]
    Forwarded URL = null
   Redirected URL = null
          Cookies = []
2026-01-31 18:31:18 - No tenant ID in context, skipping tenant filter (likely admin user)
2026-01-31 18:31:18 - 
    insert 
    into
        tenants
        (active, created_date, last_modified_date, name, id) 
    values
        (?, ?, ?, ?, default)
Hibernate: 
    insert 
    into
        tenants
        (active, created_date, last_modified_date, name, id) 
    values
        (?, ?, ?, ?, default)
2026-01-31 18:31:18 - No tenant ID in context, skipping tenant filter (likely admin user)
2026-01-31 18:31:18 - 
    insert 
    into
        tenants
        (active, created_date, last_modified_date, name, id) 
    values
        (?, ?, ?, ?, default)
Hibernate: 
    insert 
    into
        tenants
        (active, created_date, last_modified_date, name, id) 
    values
        (?, ?, ?, ?, default)
2026-01-31 18:31:19 - No tenant ID in context, skipping tenant filter (likely admin user)
2026-01-31 18:31:19 - 
    insert 
    into
        users
        (active, created_date, email, first_name, last_login_date, last_modified_date, last_name, password, role, tenant_id, version, id) 
    values
        (?, ?, ?, ?, ?, ?, ?, ?, ?, ?, ?, default)
Hibernate: 
    insert 
    into
        users
        (active, created_date, email, first_name, last_login_date, last_modified_date, last_name, password, role, tenant_id, version, id) 
    values
        (?, ?, ?, ?, ?, ?, ?, ?, ?, ?, ?, default)
2026-01-31 18:31:19 - No tenant ID in context, skipping tenant filter (likely admin user)
2026-01-31 18:31:19 - Generated JWT token for user: free@example.com with role: ROLE_USER
2026-01-31 18:31:19 - No tenant ID in context, skipping tenant filter (likely admin user)
2026-01-31 18:31:19 - 
    insert 
    into
        billing_plan
        (billing_cycle, created_at, deleted, description, is_active, name, price, updated_at, id) 
    values
        (?, ?, ?, ?, ?, ?, ?, ?, ?)
Hibernate: 
    insert 
    into
        billing_plan
        (billing_cycle, created_at, deleted, description, is_active, name, price, updated_at, id) 
    values
        (?, ?, ?, ?, ?, ?, ?, ?, ?)
2026-01-31 18:31:19 - 
    insert 
    into
        users
        (active, created_date, email, first_name, last_login_date, last_modified_date, last_name, password, role, tenant_id, version, id) 
    values
        (?, ?, ?, ?, ?, ?, ?, ?, ?, ?, ?, default)
Hibernate: 
    insert 
    into
        users
        (active, created_date, email, first_name, last_login_date, last_modified_date, last_name, password, role, tenant_id, version, id) 
    values
        (?, ?, ?, ?, ?, ?, ?, ?, ?, ?, ?, default)
2026-01-31 18:31:19 - Generated JWT token for user: pro@example.com with role: ROLE_USER
2026-01-31 18:31:19 - Set tenant context: tenantId=3
2026-01-31 18:31:19 - Authenticated user: free@example.com with role: ROLE_USER
2026-01-31 18:31:19 - Fetching all plans

MockHttpServletRequest:
      HTTP Method = GET
      Request URI = /api/v1/plans
       Parameters = {}
          Headers = [Authorization:"Bearer eyJhbGciOiJIUzI1NiJ9.eyJzdWIiOiIzIiwicm9sZSI6IlJPTEVfVVNFUiIsInRlbmFudElkIjozLCJlbWFpbCI6ImZyZWVAZXhhbXBsZS5jb20iLCJpYXQiOjE3Njk4NjQ0NzksImV4cCI6MTc2OTk1MDg3OX0.jmwnHbdq0OJytQEEv3Lqp3viy9l-T6buueQU9gcMUFg"]
             Body = null
    Session Attrs = {}

Handler:
             Type = org.gb.billing.controller.PlanController
           Method = org.gb.billing.controller.PlanController#getAllPlans()

Async:
    Async started = false
     Async result = null

Resolved Exception:
             Type = null

ModelAndView:
        View name = null
             View = null
            Model = null

FlashMap:
       Attributes = null

MockHttpServletResponse:
           Status = 200
    Error message = null
          Headers = [Vary:"Origin", "Access-Control-Request-Method", "Access-Control-Request-Headers", Content-Type:"application/json", X-Content-Type-Options:"nosniff", X-XSS-Protection:"0", Cache-Control:"no-cache, no-store, max-age=0, must-revalidate", Pragma:"no-cache", Expires:"0", X-Frame-Options:"DENY"]
     Content type = application/json
             Body = [{"id":"d5aa7b4c-24a4-4ed6-8853-5033aed611b9","name":"Free","description":null,"price":0,"billingCycle":"MONTHLY","isActive":true,"featureLimits":[],"createdAt":"2026-01-31T13:01:17.924774Z","updatedAt":"2026-01-31T13:01:17.924774Z"}]
    Forwarded URL = null
   Redirected URL = null
          Cookies = []
[ERROR] Tests run: 2, Failures: 2, Errors: 0, Skipped: 0, Time elapsed: 6.730 s <<< FAILURE! -- in org.gb.billing.integration.RateLimitIntegrationTest
[ERROR] org.gb.billing.integration.RateLimitIntegrationTest.testProUserHigherLimit -- Time elapsed: 3.113 s <<< FAILURE!
java.lang.AssertionError: Response header 'X-RateLimit-Limit' expected:<100> but was:<null>
	at org.springframework.test.util.AssertionErrors.fail(AssertionErrors.java:59)
	at org.springframework.test.util.AssertionErrors.assertEquals(AssertionErrors.java:122)
	at org.springframework.test.web.servlet.result.HeaderResultMatchers.lambda$string$2(HeaderResultMatchers.java:79)
	at org.springframework.test.web.servlet.MockMvc$1.andExpect(MockMvc.java:214)
	at org.gb.billing.integration.RateLimitIntegrationTest.testProUserHigherLimit(RateLimitIntegrationTest.java:123)
	at java.base/java.lang.reflect.Method.invoke(Method.java:569)
	at java.base/java.util.ArrayList.forEach(ArrayList.java:1511)
	at java.base/java.util.ArrayList.forEach(ArrayList.java:1511)

[ERROR] org.gb.billing.integration.RateLimitIntegrationTest.testFreeUserRateLimit -- Time elapsed: 0.849 s <<< FAILURE!
java.lang.AssertionError: Response should contain header 'X-RateLimit-Remaining'
	at org.springframework.test.util.AssertionErrors.fail(AssertionErrors.java:37)
	at org.springframework.test.util.AssertionErrors.assertTrue(AssertionErrors.java:70)
	at org.springframework.test.web.servlet.result.HeaderResultMatchers.lambda$exists$4(HeaderResultMatchers.java:98)
	at org.springframework.test.web.servlet.MockMvc$1.andExpect(MockMvc.java:214)
	at org.gb.billing.integration.RateLimitIntegrationTest.testFreeUserRateLimit(RateLimitIntegrationTest.java:104)
	at java.base/java.lang.reflect.Method.invoke(Method.java:569)
	at java.base/java.util.ArrayList.forEach(ArrayList.java:1511)
	at java.base/java.util.ArrayList.forEach(ArrayList.java:1511)

[INFO] Running org.gb.billing.repository.PlanRepositoryTest

  .   ____          _            __ _ _
 /\\ / ___'_ __ _ _(_)_ __  __ _ \ \ \ \
( ( )\___ | '_ | '_| | '_ \/ _` | \ \ \ \
 \\/  ___)| |_)| | | | | || (_| |  ) ) ) )
  '  |____| .__|_| |_|_| |_\__, | / / / /
 =========|_|==============|___/=/_/_/_/
 :: Spring Boot ::                (v3.2.2)

2026-01-31 18:31:19 - Starting PlanRepositoryTest using Java 17.0.17 with PID 25032 (started by rishi in C:\Users\rishi\OneDrive\Desktop\spring\billing)
2026-01-31 18:31:19 - Running with Spring Boot v3.2.2, Spring v6.1.3
2026-01-31 18:31:19 - The following 1 profile is active: "test"
2026-01-31 18:31:20 - HHH90000025: H2Dialect does not need to be specified explicitly using 'hibernate.dialect' (remove the property setting and it will be selected by default)
2026-01-31 18:31:20 - 
    drop table if exists billing_plan cascade 
Hibernate: 
    drop table if exists billing_plan cascade 
2026-01-31 18:31:20 - 
    drop table if exists feature_limit cascade 
Hibernate: 
    drop table if exists feature_limit cascade 
2026-01-31 18:31:20 - 
    drop table if exists payment cascade 
Hibernate: 
    drop table if exists payment cascade 
2026-01-31 18:31:20 - 
    drop table if exists subscription cascade 
Hibernate: 
    drop table if exists subscription cascade 
2026-01-31 18:31:20 - 
    drop table if exists subscription_transition_log cascade 
Hibernate: 
    drop table if exists subscription_transition_log cascade 
2026-01-31 18:31:20 - 
    drop table if exists tenants cascade 
Hibernate: 
    drop table if exists tenants cascade 
2026-01-31 18:31:20 - 
    drop table if exists users cascade 
Hibernate: 
    drop table if exists users cascade 
2026-01-31 18:31:20 - 
    create table billing_plan (
        deleted boolean not null,
        is_active boolean not null,
        price numeric(19,4) not null,
        created_at timestamp(6) with time zone not null,
        updated_at timestamp(6) with time zone not null,
        id uuid not null,
        billing_cycle varchar(20) not null check (billing_cycle in ('MONTHLY','YEARLY')),
        name varchar(100) not null unique,
        description TEXT,
        primary key (id)
    )
Hibernate: 
    create table billing_plan (
        deleted boolean not null,
        is_active boolean not null,
        price numeric(19,4) not null,
        created_at timestamp(6) with time zone not null,
        updated_at timestamp(6) with time zone not null,
        id uuid not null,
        billing_cycle varchar(20) not null check (billing_cycle in ('MONTHLY','YEARLY')),
        name varchar(100) not null unique,
        description TEXT,
        primary key (id)
    )
2026-01-31 18:31:20 - 
    create table feature_limit (
        limit_value integer not null,
        created_at timestamp(6) with time zone not null,
        updated_at timestamp(6) with time zone not null,
        id uuid not null,
        plan_id uuid not null,
        limit_type varchar(50) not null,
        primary key (id),
        constraint unique_plan_limit_type unique (plan_id, limit_type)
    )
Hibernate: 
    create table feature_limit (
        limit_value integer not null,
        created_at timestamp(6) with time zone not null,
        updated_at timestamp(6) with time zone not null,
        id uuid not null,
        plan_id uuid not null,
        limit_type varchar(50) not null,
        primary key (id),
        constraint unique_plan_limit_type unique (plan_id, limit_type)
    )
2026-01-31 18:31:20 - 
    create table payment (
        amount numeric(10,2) not null,
        currency varchar(3) not null,
        created_at timestamp(6) with time zone not null,
        paid_at timestamp(6) with time zone,
        tenant_id bigint not null,
        user_id bigint not null,
        id uuid not null,
        subscription_id uuid not null,
        payment_method varchar(20),
        status varchar(20) not null check (status in ('PENDING','SUCCEEDED','FAILED','REFUNDED')),
        invoice_url varchar(500),
        external_payment_id varchar(255),
        primary key (id)
    )
Hibernate: 
    create table payment (
        amount numeric(10,2) not null,
        currency varchar(3) not null,
        created_at timestamp(6) with time zone not null,
        paid_at timestamp(6) with time zone,
        tenant_id bigint not null,
        user_id bigint not null,
        id uuid not null,
        subscription_id uuid not null,
        payment_method varchar(20),
        status varchar(20) not null check (status in ('PENDING','SUCCEEDED','FAILED','REFUNDED')),
        invoice_url varchar(500),
        external_payment_id varchar(255),
        primary key (id)
    )
2026-01-31 18:31:20 - 
    create table subscription (
        version integer not null,
        canceled_at timestamp(6) with time zone,
        created_at timestamp(6) with time zone not null,
        next_billing_date timestamp(6) with time zone,
        start_date timestamp(6) with time zone not null,
        tenant_id bigint not null,
        updated_at timestamp(6) with time zone not null,
        user_id bigint not null,
        id uuid not null,
        plan_id uuid not null,
        status varchar(20) not null check (status in ('ACTIVE','PAST_DUE','CANCELED')),
        primary key (id)
    )
Hibernate: 
    create table subscription (
        version integer not null,
        canceled_at timestamp(6) with time zone,
        created_at timestamp(6) with time zone not null,
        next_billing_date timestamp(6) with time zone,
        start_date timestamp(6) with time zone not null,
        tenant_id bigint not null,
        updated_at timestamp(6) with time zone not null,
        user_id bigint not null,
        id uuid not null,
        plan_id uuid not null,
        status varchar(20) not null check (status in ('ACTIVE','PAST_DUE','CANCELED')),
        primary key (id)
    )
2026-01-31 18:31:20 - 
    create table subscription_transition_log (
        transitioned_at timestamp(6) with time zone not null,
        transitioned_by bigint,
        id uuid not null,
        subscription_id uuid not null,
        from_status varchar(20),
        to_status varchar(20) not null,
        reason varchar(255),
        primary key (id)
    )
Hibernate: 
    create table subscription_transition_log (
        transitioned_at timestamp(6) with time zone not null,
        transitioned_by bigint,
        id uuid not null,
        subscription_id uuid not null,
        from_status varchar(20),
        to_status varchar(20) not null,
        reason varchar(255),
        primary key (id)
    )
2026-01-31 18:31:20 - 
    create table tenants (
        active boolean not null,
        created_date timestamp(6) not null,
        id bigint generated by default as identity,
        last_modified_date timestamp(6) not null,
        name varchar(255) not null unique,
        primary key (id)
    )
Hibernate: 
    create table tenants (
        active boolean not null,
        created_date timestamp(6) not null,
        id bigint generated by default as identity,
        last_modified_date timestamp(6) not null,
        name varchar(255) not null unique,
        primary key (id)
    )
2026-01-31 18:31:20 - 
    create table users (
        active boolean not null,
        created_date timestamp(6) not null,
        id bigint generated by default as identity,
        last_login_date timestamp(6),
        last_modified_date timestamp(6) not null,
        tenant_id bigint,
        version bigint not null,
        role varchar(50) not null check (role in ('ROLE_ADMIN','ROLE_USER')),
        password varchar(60) not null,
        first_name varchar(100),
        last_name varchar(100),
        email varchar(255) not null unique,
        primary key (id)
    )
Hibernate: 
    create table users (
        active boolean not null,
        created_date timestamp(6) not null,
        id bigint generated by default as identity,
        last_login_date timestamp(6),
        last_modified_date timestamp(6) not null,
        tenant_id bigint,
        version bigint not null,
        role varchar(50) not null check (role in ('ROLE_ADMIN','ROLE_USER')),
        password varchar(60) not null,
        first_name varchar(100),
        last_name varchar(100),
        email varchar(255) not null unique,
        primary key (id)
    )
2026-01-31 18:31:20 - 
    create index idx_billing_plan_deleted 
       on billing_plan (deleted)
Hibernate: 
    create index idx_billing_plan_deleted 
       on billing_plan (deleted)
2026-01-31 18:31:20 - 
    create index idx_billing_plan_active 
       on billing_plan (is_active)
Hibernate: 
    create index idx_billing_plan_active 
       on billing_plan (is_active)
2026-01-31 18:31:20 - 
    create index idx_billing_plan_name 
       on billing_plan (name)
Hibernate: 
    create index idx_billing_plan_name 
       on billing_plan (name)
2026-01-31 18:31:20 - 
    create index idx_payment_subscription 
       on payment (subscription_id)
Hibernate: 
    create index idx_payment_subscription 
       on payment (subscription_id)
2026-01-31 18:31:20 - 
    create index idx_payment_tenant 
       on payment (tenant_id)
Hibernate: 
    create index idx_payment_tenant 
       on payment (tenant_id)
2026-01-31 18:31:20 - 
    create index idx_payment_status 
       on payment (status)
Hibernate: 
    create index idx_payment_status 
       on payment (status)
2026-01-31 18:31:20 - 
    create index idx_payment_external_id 
       on payment (external_payment_id)
Hibernate: 
    create index idx_payment_external_id 
       on payment (external_payment_id)
2026-01-31 18:31:20 - 
    create index idx_subscription_user_id 
       on subscription (user_id)
Hibernate: 
    create index idx_subscription_user_id 
       on subscription (user_id)
2026-01-31 18:31:20 - 
    create index idx_subscription_tenant_id 
       on subscription (tenant_id)
Hibernate: 
    create index idx_subscription_tenant_id 
       on subscription (tenant_id)
2026-01-31 18:31:20 - 
    create index idx_subscription_status 
       on subscription (status)
Hibernate: 
    create index idx_subscription_status 
       on subscription (status)
2026-01-31 18:31:20 - 
    create index idx_subscription_tenant_status 
       on subscription (tenant_id, status)
Hibernate: 
    create index idx_subscription_tenant_status 
       on subscription (tenant_id, status)
2026-01-31 18:31:20 - 
    create index idx_subscription_plan_id 
       on subscription (plan_id)
Hibernate: 
    create index idx_subscription_plan_id 
       on subscription (plan_id)
2026-01-31 18:31:20 - 
    create index idx_subscription_next_billing 
       on subscription (next_billing_date)
Hibernate: 
    create index idx_subscription_next_billing 
       on subscription (next_billing_date)
2026-01-31 18:31:20 - 
    create index idx_transition_log_subscription_id 
       on subscription_transition_log (subscription_id)
Hibernate: 
    create index idx_transition_log_subscription_id 
       on subscription_transition_log (subscription_id)
2026-01-31 18:31:20 - 
    create index idx_transition_log_transitioned_at 
       on subscription_transition_log (transitioned_at)
Hibernate: 
    create index idx_transition_log_transitioned_at 
       on subscription_transition_log (transitioned_at)
2026-01-31 18:31:20 - 
    create index idx_transition_log_to_status 
       on subscription_transition_log (to_status)
Hibernate: 
    create index idx_transition_log_to_status 
       on subscription_transition_log (to_status)
2026-01-31 18:31:20 - 
    create index idx_tenants_name 
       on tenants (name)
Hibernate: 
    create index idx_tenants_name 
       on tenants (name)
2026-01-31 18:31:20 - 
    create index idx_tenants_active 
       on tenants (active)
Hibernate: 
    create index idx_tenants_active 
       on tenants (active)
2026-01-31 18:31:20 - 
    create index idx_users_tenant_id 
       on users (tenant_id)
Hibernate: 
    create index idx_users_tenant_id 
       on users (tenant_id)
2026-01-31 18:31:20 - 
    create index idx_users_role 
       on users (role)
Hibernate: 
    create index idx_users_role 
       on users (role)
2026-01-31 18:31:20 - 
    create index idx_users_active 
       on users (active)
Hibernate: 
    create index idx_users_active 
       on users (active)
2026-01-31 18:31:20 - 
    alter table if exists feature_limit 
       add constraint fk_feature_limit_plan 
       foreign key (plan_id) 
       references billing_plan
Hibernate: 
    alter table if exists feature_limit 
       add constraint fk_feature_limit_plan 
       foreign key (plan_id) 
       references billing_plan
2026-01-31 18:31:20 - 
    alter table if exists subscription 
       add constraint fk_subscription_plan 
       foreign key (plan_id) 
       references billing_plan
Hibernate: 
    alter table if exists subscription 
       add constraint fk_subscription_plan 
       foreign key (plan_id) 
       references billing_plan
2026-01-31 18:31:20 - 
    alter table if exists users 
       add constraint fk_user_tenant 
       foreign key (tenant_id) 
       references tenants
Hibernate: 
    alter table if exists users 
       add constraint fk_user_tenant 
       foreign key (tenant_id) 
       references tenants
2026-01-31 18:31:20 - Started PlanRepositoryTest in 0.631 seconds (process running for 32.332)
2026-01-31 18:31:20 - 
    select
        bp1_0.id,
        bp1_0.billing_cycle,
        bp1_0.created_at,
        bp1_0.deleted,
        bp1_0.description,
        bp1_0.is_active,
        bp1_0.name,
        bp1_0.price,
        bp1_0.updated_at 
    from
        billing_plan bp1_0
Hibernate: 
    select
        bp1_0.id,
        bp1_0.billing_cycle,
        bp1_0.created_at,
        bp1_0.deleted,
        bp1_0.description,
        bp1_0.is_active,
        bp1_0.name,
        bp1_0.price,
        bp1_0.updated_at 
    from
        billing_plan bp1_0
2026-01-31 18:31:20 - 
    insert 
    into
        billing_plan
        (billing_cycle, created_at, deleted, description, is_active, name, price, updated_at, id) 
    values
        (?, ?, ?, ?, ?, ?, ?, ?, ?)
Hibernate: 
    insert 
    into
        billing_plan
        (billing_cycle, created_at, deleted, description, is_active, name, price, updated_at, id) 
    values
        (?, ?, ?, ?, ?, ?, ?, ?, ?)
2026-01-31 18:31:20 - 
    insert 
    into
        billing_plan
        (billing_cycle, created_at, deleted, description, is_active, name, price, updated_at, id) 
    values
        (?, ?, ?, ?, ?, ?, ?, ?, ?)
Hibernate: 
    insert 
    into
        billing_plan
        (billing_cycle, created_at, deleted, description, is_active, name, price, updated_at, id) 
    values
        (?, ?, ?, ?, ?, ?, ?, ?, ?)
2026-01-31 18:31:20 - 
    insert 
    into
        billing_plan
        (billing_cycle, created_at, deleted, description, is_active, name, price, updated_at, id) 
    values
        (?, ?, ?, ?, ?, ?, ?, ?, ?)
Hibernate: 
    insert 
    into
        billing_plan
        (billing_cycle, created_at, deleted, description, is_active, name, price, updated_at, id) 
    values
        (?, ?, ?, ?, ?, ?, ?, ?, ?)
2026-01-31 18:31:20 - 
    update
        billing_plan 
    set
        billing_cycle=?,
        deleted=?,
        description=?,
        is_active=?,
        name=?,
        price=?,
        updated_at=? 
    where
        id=?
Hibernate: 
    update
        billing_plan 
    set
        billing_cycle=?,
        deleted=?,
        description=?,
        is_active=?,
        name=?,
        price=?,
        updated_at=? 
    where
        id=?
2026-01-31 18:31:20 - 
    select
        bp1_0.id,
        bp1_0.billing_cycle,
        bp1_0.created_at,
        bp1_0.deleted,
        bp1_0.description,
        bp1_0.is_active,
        bp1_0.name,
        bp1_0.price,
        bp1_0.updated_at 
    from
        billing_plan bp1_0 
    where
        bp1_0.deleted=false
Hibernate: 
    select
        bp1_0.id,
        bp1_0.billing_cycle,
        bp1_0.created_at,
        bp1_0.deleted,
        bp1_0.description,
        bp1_0.is_active,
        bp1_0.name,
        bp1_0.price,
        bp1_0.updated_at 
    from
        billing_plan bp1_0 
    where
        bp1_0.deleted=false
2026-01-31 18:31:20 - 
    select
        bp1_0.id,
        bp1_0.billing_cycle,
        bp1_0.created_at,
        bp1_0.deleted,
        bp1_0.description,
        bp1_0.is_active,
        bp1_0.name,
        bp1_0.price,
        bp1_0.updated_at 
    from
        billing_plan bp1_0
Hibernate: 
    select
        bp1_0.id,
        bp1_0.billing_cycle,
        bp1_0.created_at,
        bp1_0.deleted,
        bp1_0.description,
        bp1_0.is_active,
        bp1_0.name,
        bp1_0.price,
        bp1_0.updated_at 
    from
        billing_plan bp1_0
2026-01-31 18:31:20 - 
    insert 
    into
        billing_plan
        (billing_cycle, created_at, deleted, description, is_active, name, price, updated_at, id) 
    values
        (?, ?, ?, ?, ?, ?, ?, ?, ?)
Hibernate: 
    insert 
    into
        billing_plan
        (billing_cycle, created_at, deleted, description, is_active, name, price, updated_at, id) 
    values
        (?, ?, ?, ?, ?, ?, ?, ?, ?)
2026-01-31 18:31:20 - 
    insert 
    into
        billing_plan
        (billing_cycle, created_at, deleted, description, is_active, name, price, updated_at, id) 
    values
        (?, ?, ?, ?, ?, ?, ?, ?, ?)
Hibernate: 
    insert 
    into
        billing_plan
        (billing_cycle, created_at, deleted, description, is_active, name, price, updated_at, id) 
    values
        (?, ?, ?, ?, ?, ?, ?, ?, ?)
2026-01-31 18:31:20 - 
    insert 
    into
        billing_plan
        (billing_cycle, created_at, deleted, description, is_active, name, price, updated_at, id) 
    values
        (?, ?, ?, ?, ?, ?, ?, ?, ?)
Hibernate: 
    insert 
    into
        billing_plan
        (billing_cycle, created_at, deleted, description, is_active, name, price, updated_at, id) 
    values
        (?, ?, ?, ?, ?, ?, ?, ?, ?)
2026-01-31 18:31:20 - 
    update
        billing_plan 
    set
        billing_cycle=?,
        deleted=?,
        description=?,
        is_active=?,
        name=?,
        price=?,
        updated_at=? 
    where
        id=?
Hibernate: 
    update
        billing_plan 
    set
        billing_cycle=?,
        deleted=?,
        description=?,
        is_active=?,
        name=?,
        price=?,
        updated_at=? 
    where
        id=?
2026-01-31 18:31:20 - 
    select
        bp1_0.id,
        bp1_0.billing_cycle,
        bp1_0.created_at,
        bp1_0.deleted,
        bp1_0.description,
        bp1_0.is_active,
        bp1_0.name,
        bp1_0.price,
        bp1_0.updated_at 
    from
        billing_plan bp1_0 
    where
        bp1_0.deleted=false 
        and bp1_0.is_active=true
Hibernate: 
    select
        bp1_0.id,
        bp1_0.billing_cycle,
        bp1_0.created_at,
        bp1_0.deleted,
        bp1_0.description,
        bp1_0.is_active,
        bp1_0.name,
        bp1_0.price,
        bp1_0.updated_at 
    from
        billing_plan bp1_0 
    where
        bp1_0.deleted=false 
        and bp1_0.is_active=true
2026-01-31 18:31:20 - 
    select
        bp1_0.id,
        bp1_0.billing_cycle,
        bp1_0.created_at,
        bp1_0.deleted,
        bp1_0.description,
        bp1_0.is_active,
        bp1_0.name,
        bp1_0.price,
        bp1_0.updated_at 
    from
        billing_plan bp1_0
Hibernate: 
    select
        bp1_0.id,
        bp1_0.billing_cycle,
        bp1_0.created_at,
        bp1_0.deleted,
        bp1_0.description,
        bp1_0.is_active,
        bp1_0.name,
        bp1_0.price,
        bp1_0.updated_at 
    from
        billing_plan bp1_0
2026-01-31 18:31:21 - 
    insert 
    into
        billing_plan
        (billing_cycle, created_at, deleted, description, is_active, name, price, updated_at, id) 
    values
        (?, ?, ?, ?, ?, ?, ?, ?, ?)
Hibernate: 
    insert 
    into
        billing_plan
        (billing_cycle, created_at, deleted, description, is_active, name, price, updated_at, id) 
    values
        (?, ?, ?, ?, ?, ?, ?, ?, ?)
2026-01-31 18:31:21 - 
    insert 
    into
        billing_plan
        (billing_cycle, created_at, deleted, description, is_active, name, price, updated_at, id) 
    values
        (?, ?, ?, ?, ?, ?, ?, ?, ?)
Hibernate: 
    insert 
    into
        billing_plan
        (billing_cycle, created_at, deleted, description, is_active, name, price, updated_at, id) 
    values
        (?, ?, ?, ?, ?, ?, ?, ?, ?)
2026-01-31 18:31:21 - 
    insert 
    into
        billing_plan
        (billing_cycle, created_at, deleted, description, is_active, name, price, updated_at, id) 
    values
        (?, ?, ?, ?, ?, ?, ?, ?, ?)
Hibernate: 
    insert 
    into
        billing_plan
        (billing_cycle, created_at, deleted, description, is_active, name, price, updated_at, id) 
    values
        (?, ?, ?, ?, ?, ?, ?, ?, ?)
2026-01-31 18:31:21 - 
    update
        billing_plan 
    set
        billing_cycle=?,
        deleted=?,
        description=?,
        is_active=?,
        name=?,
        price=?,
        updated_at=? 
    where
        id=?
Hibernate: 
    update
        billing_plan 
    set
        billing_cycle=?,
        deleted=?,
        description=?,
        is_active=?,
        name=?,
        price=?,
        updated_at=? 
    where
        id=?
2026-01-31 18:31:21 - 
    select
        case 
            when count(bp1_0.id)>0 
                then true 
            else false 
        end 
    from
        billing_plan bp1_0 
    where
        bp1_0.name=? 
        and bp1_0.deleted=false
Hibernate: 
    select
        case 
            when count(bp1_0.id)>0 
                then true 
            else false 
        end 
    from
        billing_plan bp1_0 
    where
        bp1_0.name=? 
        and bp1_0.deleted=false
2026-01-31 18:31:21 - 
    select
        bp1_0.id,
        bp1_0.billing_cycle,
        bp1_0.created_at,
        bp1_0.deleted,
        bp1_0.description,
        bp1_0.is_active,
        bp1_0.name,
        bp1_0.price,
        bp1_0.updated_at 
    from
        billing_plan bp1_0
Hibernate: 
    select
        bp1_0.id,
        bp1_0.billing_cycle,
        bp1_0.created_at,
        bp1_0.deleted,
        bp1_0.description,
        bp1_0.is_active,
        bp1_0.name,
        bp1_0.price,
        bp1_0.updated_at 
    from
        billing_plan bp1_0
2026-01-31 18:31:21 - 
    insert 
    into
        billing_plan
        (billing_cycle, created_at, deleted, description, is_active, name, price, updated_at, id) 
    values
        (?, ?, ?, ?, ?, ?, ?, ?, ?)
Hibernate: 
    insert 
    into
        billing_plan
        (billing_cycle, created_at, deleted, description, is_active, name, price, updated_at, id) 
    values
        (?, ?, ?, ?, ?, ?, ?, ?, ?)
2026-01-31 18:31:21 - 
    insert 
    into
        billing_plan
        (billing_cycle, created_at, deleted, description, is_active, name, price, updated_at, id) 
    values
        (?, ?, ?, ?, ?, ?, ?, ?, ?)
Hibernate: 
    insert 
    into
        billing_plan
        (billing_cycle, created_at, deleted, description, is_active, name, price, updated_at, id) 
    values
        (?, ?, ?, ?, ?, ?, ?, ?, ?)
2026-01-31 18:31:21 - 
    insert 
    into
        billing_plan
        (billing_cycle, created_at, deleted, description, is_active, name, price, updated_at, id) 
    values
        (?, ?, ?, ?, ?, ?, ?, ?, ?)
Hibernate: 
    insert 
    into
        billing_plan
        (billing_cycle, created_at, deleted, description, is_active, name, price, updated_at, id) 
    values
        (?, ?, ?, ?, ?, ?, ?, ?, ?)
2026-01-31 18:31:21 - 
    select
        bp1_0.id,
        bp1_0.billing_cycle,
        bp1_0.created_at,
        bp1_0.deleted,
        bp1_0.description,
        bp1_0.is_active,
        bp1_0.name,
        bp1_0.price,
        bp1_0.updated_at 
    from
        billing_plan bp1_0 
    where
        bp1_0.name=?
Hibernate: 
    select
        bp1_0.id,
        bp1_0.billing_cycle,
        bp1_0.created_at,
        bp1_0.deleted,
        bp1_0.description,
        bp1_0.is_active,
        bp1_0.name,
        bp1_0.price,
        bp1_0.updated_at 
    from
        billing_plan bp1_0 
    where
        bp1_0.name=?
2026-01-31 18:31:21 - 
    select
        bp1_0.id,
        bp1_0.billing_cycle,
        bp1_0.created_at,
        bp1_0.deleted,
        bp1_0.description,
        bp1_0.is_active,
        bp1_0.name,
        bp1_0.price,
        bp1_0.updated_at 
    from
        billing_plan bp1_0
Hibernate: 
    select
        bp1_0.id,
        bp1_0.billing_cycle,
        bp1_0.created_at,
        bp1_0.deleted,
        bp1_0.description,
        bp1_0.is_active,
        bp1_0.name,
        bp1_0.price,
        bp1_0.updated_at 
    from
        billing_plan bp1_0
2026-01-31 18:31:21 - 
    insert 
    into
        billing_plan
        (billing_cycle, created_at, deleted, description, is_active, name, price, updated_at, id) 
    values
        (?, ?, ?, ?, ?, ?, ?, ?, ?)
Hibernate: 
    insert 
    into
        billing_plan
        (billing_cycle, created_at, deleted, description, is_active, name, price, updated_at, id) 
    values
        (?, ?, ?, ?, ?, ?, ?, ?, ?)
2026-01-31 18:31:21 - 
    insert 
    into
        billing_plan
        (billing_cycle, created_at, deleted, description, is_active, name, price, updated_at, id) 
    values
        (?, ?, ?, ?, ?, ?, ?, ?, ?)
Hibernate: 
    insert 
    into
        billing_plan
        (billing_cycle, created_at, deleted, description, is_active, name, price, updated_at, id) 
    values
        (?, ?, ?, ?, ?, ?, ?, ?, ?)
2026-01-31 18:31:21 - 
    insert 
    into
        billing_plan
        (billing_cycle, created_at, deleted, description, is_active, name, price, updated_at, id) 
    values
        (?, ?, ?, ?, ?, ?, ?, ?, ?)
Hibernate: 
    insert 
    into
        billing_plan
        (billing_cycle, created_at, deleted, description, is_active, name, price, updated_at, id) 
    values
        (?, ?, ?, ?, ?, ?, ?, ?, ?)
2026-01-31 18:31:21 - 
    update
        billing_plan 
    set
        billing_cycle=?,
        deleted=?,
        description=?,
        is_active=?,
        name=?,
        price=?,
        updated_at=? 
    where
        id=?
Hibernate: 
    update
        billing_plan 
    set
        billing_cycle=?,
        deleted=?,
        description=?,
        is_active=?,
        name=?,
        price=?,
        updated_at=? 
    where
        id=?
2026-01-31 18:31:21 - 
    select
        bp1_0.id,
        bp1_0.billing_cycle,
        bp1_0.created_at,
        bp1_0.deleted,
        bp1_0.description,
        bp1_0.is_active,
        bp1_0.name,
        bp1_0.price,
        bp1_0.updated_at 
    from
        billing_plan bp1_0 
    where
        bp1_0.id=? 
        and bp1_0.deleted=false
Hibernate: 
    select
        bp1_0.id,
        bp1_0.billing_cycle,
        bp1_0.created_at,
        bp1_0.deleted,
        bp1_0.description,
        bp1_0.is_active,
        bp1_0.name,
        bp1_0.price,
        bp1_0.updated_at 
    from
        billing_plan bp1_0 
    where
        bp1_0.id=? 
        and bp1_0.deleted=false
2026-01-31 18:31:21 - 
    select
        bp1_0.id,
        bp1_0.billing_cycle,
        bp1_0.created_at,
        bp1_0.deleted,
        bp1_0.description,
        bp1_0.is_active,
        bp1_0.name,
        bp1_0.price,
        bp1_0.updated_at 
    from
        billing_plan bp1_0
Hibernate: 
    select
        bp1_0.id,
        bp1_0.billing_cycle,
        bp1_0.created_at,
        bp1_0.deleted,
        bp1_0.description,
        bp1_0.is_active,
        bp1_0.name,
        bp1_0.price,
        bp1_0.updated_at 
    from
        billing_plan bp1_0
2026-01-31 18:31:21 - 
    select
        bp1_0.id,
        bp1_0.billing_cycle,
        bp1_0.created_at,
        bp1_0.deleted,
        bp1_0.description,
        bp1_0.is_active,
        bp1_0.name,
        bp1_0.price,
        bp1_0.updated_at 
    from
        billing_plan bp1_0
Hibernate: 
    select
        bp1_0.id,
        bp1_0.billing_cycle,
        bp1_0.created_at,
        bp1_0.deleted,
        bp1_0.description,
        bp1_0.is_active,
        bp1_0.name,
        bp1_0.price,
        bp1_0.updated_at 
    from
        billing_plan bp1_0
2026-01-31 18:31:21 - 
    insert 
    into
        billing_plan
        (billing_cycle, created_at, deleted, description, is_active, name, price, updated_at, id) 
    values
        (?, ?, ?, ?, ?, ?, ?, ?, ?)
Hibernate: 
    insert 
    into
        billing_plan
        (billing_cycle, created_at, deleted, description, is_active, name, price, updated_at, id) 
    values
        (?, ?, ?, ?, ?, ?, ?, ?, ?)
2026-01-31 18:31:21 - 
    insert 
    into
        billing_plan
        (billing_cycle, created_at, deleted, description, is_active, name, price, updated_at, id) 
    values
        (?, ?, ?, ?, ?, ?, ?, ?, ?)
Hibernate: 
    insert 
    into
        billing_plan
        (billing_cycle, created_at, deleted, description, is_active, name, price, updated_at, id) 
    values
        (?, ?, ?, ?, ?, ?, ?, ?, ?)
2026-01-31 18:31:21 - 
    insert 
    into
        billing_plan
        (billing_cycle, created_at, deleted, description, is_active, name, price, updated_at, id) 
    values
        (?, ?, ?, ?, ?, ?, ?, ?, ?)
Hibernate: 
    insert 
    into
        billing_plan
        (billing_cycle, created_at, deleted, description, is_active, name, price, updated_at, id) 
    values
        (?, ?, ?, ?, ?, ?, ?, ?, ?)
2026-01-31 18:31:21 - 
    select
        bp1_0.id,
        bp1_0.billing_cycle,
        bp1_0.created_at,
        bp1_0.deleted,
        bp1_0.description,
        bp1_0.is_active,
        bp1_0.name,
        bp1_0.price,
        bp1_0.updated_at 
    from
        billing_plan bp1_0 
    where
        bp1_0.id=? 
        and bp1_0.deleted=false
Hibernate: 
    select
        bp1_0.id,
        bp1_0.billing_cycle,
        bp1_0.created_at,
        bp1_0.deleted,
        bp1_0.description,
        bp1_0.is_active,
        bp1_0.name,
        bp1_0.price,
        bp1_0.updated_at 
    from
        billing_plan bp1_0 
    where
        bp1_0.id=? 
        and bp1_0.deleted=false
2026-01-31 18:31:21 - 
    select
        bp1_0.id,
        bp1_0.billing_cycle,
        bp1_0.created_at,
        bp1_0.deleted,
        bp1_0.description,
        bp1_0.is_active,
        bp1_0.name,
        bp1_0.price,
        bp1_0.updated_at 
    from
        billing_plan bp1_0
Hibernate: 
    select
        bp1_0.id,
        bp1_0.billing_cycle,
        bp1_0.created_at,
        bp1_0.deleted,
        bp1_0.description,
        bp1_0.is_active,
        bp1_0.name,
        bp1_0.price,
        bp1_0.updated_at 
    from
        billing_plan bp1_0
2026-01-31 18:31:21 - 
    insert 
    into
        billing_plan
        (billing_cycle, created_at, deleted, description, is_active, name, price, updated_at, id) 
    values
        (?, ?, ?, ?, ?, ?, ?, ?, ?)
Hibernate: 
    insert 
    into
        billing_plan
        (billing_cycle, created_at, deleted, description, is_active, name, price, updated_at, id) 
    values
        (?, ?, ?, ?, ?, ?, ?, ?, ?)
2026-01-31 18:31:21 - 
    insert 
    into
        billing_plan
        (billing_cycle, created_at, deleted, description, is_active, name, price, updated_at, id) 
    values
        (?, ?, ?, ?, ?, ?, ?, ?, ?)
Hibernate: 
    insert 
    into
        billing_plan
        (billing_cycle, created_at, deleted, description, is_active, name, price, updated_at, id) 
    values
        (?, ?, ?, ?, ?, ?, ?, ?, ?)
2026-01-31 18:31:21 - 
    insert 
    into
        billing_plan
        (billing_cycle, created_at, deleted, description, is_active, name, price, updated_at, id) 
    values
        (?, ?, ?, ?, ?, ?, ?, ?, ?)
Hibernate: 
    insert 
    into
        billing_plan
        (billing_cycle, created_at, deleted, description, is_active, name, price, updated_at, id) 
    values
        (?, ?, ?, ?, ?, ?, ?, ?, ?)
2026-01-31 18:31:21 - 
    select
        bp1_0.id,
        bp1_0.billing_cycle,
        bp1_0.created_at,
        bp1_0.deleted,
        bp1_0.description,
        bp1_0.is_active,
        bp1_0.name,
        bp1_0.price,
        bp1_0.updated_at 
    from
        billing_plan bp1_0 
    where
        bp1_0.name=?
Hibernate: 
    select
        bp1_0.id,
        bp1_0.billing_cycle,
        bp1_0.created_at,
        bp1_0.deleted,
        bp1_0.description,
        bp1_0.is_active,
        bp1_0.name,
        bp1_0.price,
        bp1_0.updated_at 
    from
        billing_plan bp1_0 
    where
        bp1_0.name=?
2026-01-31 18:31:21 - 
    select
        bp1_0.id,
        bp1_0.billing_cycle,
        bp1_0.created_at,
        bp1_0.deleted,
        bp1_0.description,
        bp1_0.is_active,
        bp1_0.name,
        bp1_0.price,
        bp1_0.updated_at 
    from
        billing_plan bp1_0
Hibernate: 
    select
        bp1_0.id,
        bp1_0.billing_cycle,
        bp1_0.created_at,
        bp1_0.deleted,
        bp1_0.description,
        bp1_0.is_active,
        bp1_0.name,
        bp1_0.price,
        bp1_0.updated_at 
    from
        billing_plan bp1_0
2026-01-31 18:31:21 - 
    insert 
    into
        billing_plan
        (billing_cycle, created_at, deleted, description, is_active, name, price, updated_at, id) 
    values
        (?, ?, ?, ?, ?, ?, ?, ?, ?)
Hibernate: 
    insert 
    into
        billing_plan
        (billing_cycle, created_at, deleted, description, is_active, name, price, updated_at, id) 
    values
        (?, ?, ?, ?, ?, ?, ?, ?, ?)
2026-01-31 18:31:21 - 
    insert 
    into
        billing_plan
        (billing_cycle, created_at, deleted, description, is_active, name, price, updated_at, id) 
    values
        (?, ?, ?, ?, ?, ?, ?, ?, ?)
Hibernate: 
    insert 
    into
        billing_plan
        (billing_cycle, created_at, deleted, description, is_active, name, price, updated_at, id) 
    values
        (?, ?, ?, ?, ?, ?, ?, ?, ?)
2026-01-31 18:31:21 - 
    insert 
    into
        billing_plan
        (billing_cycle, created_at, deleted, description, is_active, name, price, updated_at, id) 
    values
        (?, ?, ?, ?, ?, ?, ?, ?, ?)
Hibernate: 
    insert 
    into
        billing_plan
        (billing_cycle, created_at, deleted, description, is_active, name, price, updated_at, id) 
    values
        (?, ?, ?, ?, ?, ?, ?, ?, ?)
2026-01-31 18:31:21 - 
    insert 
    into
        billing_plan
        (billing_cycle, created_at, deleted, description, is_active, name, price, updated_at, id) 
    values
        (?, ?, ?, ?, ?, ?, ?, ?, ?)
Hibernate: 
    insert 
    into
        billing_plan
        (billing_cycle, created_at, deleted, description, is_active, name, price, updated_at, id) 
    values
        (?, ?, ?, ?, ?, ?, ?, ?, ?)
2026-01-31 18:31:21 - SQL Error: 23505, SQLState: 23505
2026-01-31 18:31:21 - Unique index or primary key violation: "PUBLIC.CONSTRAINT_INDEX_3 ON PUBLIC.BILLING_PLAN(NAME NULLS FIRST) VALUES ( /* 23 */ 'Pro' )"; SQL statement:
insert into billing_plan (billing_cycle,created_at,deleted,description,is_active,name,price,updated_at,id) values (?,?,?,?,?,?,?,?,?) [23505-224]
2026-01-31 18:31:21 - 
    select
        bp1_0.id,
        bp1_0.billing_cycle,
        bp1_0.created_at,
        bp1_0.deleted,
        bp1_0.description,
        bp1_0.is_active,
        bp1_0.name,
        bp1_0.price,
        bp1_0.updated_at 
    from
        billing_plan bp1_0
Hibernate: 
    select
        bp1_0.id,
        bp1_0.billing_cycle,
        bp1_0.created_at,
        bp1_0.deleted,
        bp1_0.description,
        bp1_0.is_active,
        bp1_0.name,
        bp1_0.price,
        bp1_0.updated_at 
    from
        billing_plan bp1_0
2026-01-31 18:31:21 - 
    insert 
    into
        billing_plan
        (billing_cycle, created_at, deleted, description, is_active, name, price, updated_at, id) 
    values
        (?, ?, ?, ?, ?, ?, ?, ?, ?)
Hibernate: 
    insert 
    into
        billing_plan
        (billing_cycle, created_at, deleted, description, is_active, name, price, updated_at, id) 
    values
        (?, ?, ?, ?, ?, ?, ?, ?, ?)
2026-01-31 18:31:21 - 
    insert 
    into
        billing_plan
        (billing_cycle, created_at, deleted, description, is_active, name, price, updated_at, id) 
    values
        (?, ?, ?, ?, ?, ?, ?, ?, ?)
Hibernate: 
    insert 
    into
        billing_plan
        (billing_cycle, created_at, deleted, description, is_active, name, price, updated_at, id) 
    values
        (?, ?, ?, ?, ?, ?, ?, ?, ?)
2026-01-31 18:31:21 - 
    insert 
    into
        billing_plan
        (billing_cycle, created_at, deleted, description, is_active, name, price, updated_at, id) 
    values
        (?, ?, ?, ?, ?, ?, ?, ?, ?)
Hibernate: 
    insert 
    into
        billing_plan
        (billing_cycle, created_at, deleted, description, is_active, name, price, updated_at, id) 
    values
        (?, ?, ?, ?, ?, ?, ?, ?, ?)
2026-01-31 18:31:21 - 
    select
        case 
            when count(bp1_0.id)>0 
                then true 
            else false 
        end 
    from
        billing_plan bp1_0 
    where
        bp1_0.name=? 
        and bp1_0.deleted=false
Hibernate: 
    select
        case 
            when count(bp1_0.id)>0 
                then true 
            else false 
        end 
    from
        billing_plan bp1_0 
    where
        bp1_0.name=? 
        and bp1_0.deleted=false
2026-01-31 18:31:21 - 
    select
        case 
            when count(bp1_0.id)>0 
                then true 
            else false 
        end 
    from
        billing_plan bp1_0 
    where
        bp1_0.name=? 
        and bp1_0.deleted=false
Hibernate: 
    select
        case 
            when count(bp1_0.id)>0 
                then true 
            else false 
        end 
    from
        billing_plan bp1_0 
    where
        bp1_0.name=? 
        and bp1_0.deleted=false
[ERROR] Tests run: 10, Failures: 2, Errors: 0, Skipped: 0, Time elapsed: 1.559 s <<< FAILURE! -- in org.gb.billing.repository.PlanRepositoryTest
[ERROR] org.gb.billing.repository.PlanRepositoryTest.shouldSavePlanWithFeatureLimits -- Time elapsed: 0.041 s <<< FAILURE!
java.lang.AssertionError: 

Expecting actual not to be null
	at org.gb.billing.repository.PlanRepositoryTest.shouldSavePlanWithFeatureLimits(PlanRepositoryTest.java:165)
	at java.base/java.lang.reflect.Method.invoke(Method.java:569)
	at java.base/java.util.ArrayList.forEach(ArrayList.java:1511)
	at java.base/java.util.ArrayList.forEach(ArrayList.java:1511)

[ERROR] org.gb.billing.repository.PlanRepositoryTest.shouldEnforceUniquePlanName -- Time elapsed: 0.065 s <<< FAILURE!
java.lang.AssertionError: 

Expecting throwable message:
  "could not execute statement [Unique index or primary key violation: "PUBLIC.CONSTRAINT_INDEX_3 ON PUBLIC.BILLING_PLAN(NAME NULLS FIRST) VALUES ( /* 23 */ 'Pro' )"; SQL statement:
insert into billing_plan (billing_cycle,created_at,deleted,description,is_active,name,price,updated_at,id) values (?,?,?,?,?,?,?,?,?) [23505-224]] [insert into billing_plan (billing_cycle,created_at,deleted,description,is_active,name,price,updated_at,id) values (?,?,?,?,?,?,?,?,?)]; SQL [insert into billing_plan (billing_cycle,created_at,deleted,description,is_active,name,price,updated_at,id) values (?,?,?,?,?,?,?,?,?)]; constraint ["PUBLIC.CONSTRAINT_INDEX_3 ON PUBLIC.BILLING_PLAN(NAME NULLS FIRST) VALUES ( /* 23 */ 'Pro' )"; SQL statement:
insert into billing_plan (billing_cycle,created_at,deleted,description,is_active,name,price,updated_at,id) values (?,?,?,?,?,?,?,?,?) [23505-224]]"
to contain:
  "unique_plan_name"
but did not.

Throwable that failed the check:

org.springframework.dao.DataIntegrityViolationException: could not execute statement [Unique index or primary key violation: "PUBLIC.CONSTRAINT_INDEX_3 ON PUBLIC.BILLING_PLAN(NAME NULLS FIRST) VALUES ( /* 23 */ 'Pro' )"; SQL statement:
insert into billing_plan (billing_cycle,created_at,deleted,description,is_active,name,price,updated_at,id) values (?,?,?,?,?,?,?,?,?) [23505-224]] [insert into billing_plan (billing_cycle,created_at,deleted,description,is_active,name,price,updated_at,id) values (?,?,?,?,?,?,?,?,?)]; SQL [insert into billing_plan (billing_cycle,created_at,deleted,description,is_active,name,price,updated_at,id) values (?,?,?,?,?,?,?,?,?)]; constraint ["PUBLIC.CONSTRAINT_INDEX_3 ON PUBLIC.BILLING_PLAN(NAME NULLS FIRST) VALUES ( /* 23 */ 'Pro' )"; SQL statement:
insert into billing_plan (billing_cycle,created_at,deleted,description,is_active,name,price,updated_at,id) values (?,?,?,?,?,?,?,?,?) [23505-224]]
	at org.springframework.orm.jpa.vendor.HibernateJpaDialect.convertHibernateAccessException(HibernateJpaDialect.java:290)
	at org.springframework.orm.jpa.vendor.HibernateJpaDialect.translateExceptionIfPossible(HibernateJpaDialect.java:241)
	at org.springframework.orm.jpa.AbstractEntityManagerFactoryBean.translateExceptionIfPossible(AbstractEntityManagerFactoryBean.java:550)
	at org.springframework.dao.support.ChainedPersistenceExceptionTranslator.translateExceptionIfPossible(ChainedPersistenceExceptionTranslator.java:61)
	at org.springframework.dao.support.DataAccessUtils.translateIfNecessary(DataAccessUtils.java:335)
	at org.springframework.dao.support.PersistenceExceptionTranslationInterceptor.invoke(PersistenceExceptionTranslationInterceptor.java:152)
	at org.springframework.aop.framework.ReflectiveMethodInvocation.proceed(ReflectiveMethodInvocation.java:184)
	at org.springframework.data.jpa.repository.support.CrudMethodMetadataPostProcessor$CrudMethodMetadataPopulatingMethodInterceptor.invoke(CrudMethodMetadataPostProcessor.java:164)
	at org.springframework.aop.framework.ReflectiveMethodInvocation.proceed(ReflectiveMethodInvocation.java:184)
	at org.springframework.aop.interceptor.ExposeInvocationInterceptor.invoke(ExposeInvocationInterceptor.java:97)
	at org.springframework.aop.framework.ReflectiveMethodInvocation.proceed(ReflectiveMethodInvocation.java:184)
	at org.springframework.aop.framework.JdkDynamicAopProxy.invoke(JdkDynamicAopProxy.java:220)
	at jdk.proxy2/jdk.proxy2.$Proxy206.saveAndFlush(Unknown Source)
	at org.gb.billing.repository.PlanRepositoryTest.shouldEnforceUniquePlanName(PlanRepositoryTest.java:148)
	at java.base/jdk.internal.reflect.NativeMethodAccessorImpl.invoke0(Native Method)
	at java.base/jdk.internal.reflect.NativeMethodAccessorImpl.invoke(NativeMethodAccessorImpl.java:77)
	at java.base/jdk.internal.reflect.DelegatingMethodAccessorImpl.invoke(DelegatingMethodAccessorImpl.java:43)
	at java.base/java.lang.reflect.Method.invoke(Method.java:569)
	at org.junit.platform.commons.util.ReflectionUtils.invokeMethod(ReflectionUtils.java:728)
	at org.junit.jupiter.engine.execution.MethodInvocation.proceed(MethodInvocation.java:60)
	at org.junit.jupiter.engine.execution.InvocationInterceptorChain$ValidatingInvocation.proceed(InvocationInterceptorChain.java:131)
	at org.junit.jupiter.engine.extension.TimeoutExtension.intercept(TimeoutExtension.java:156)
	at org.junit.jupiter.engine.extension.TimeoutExtension.interceptTestableMethod(TimeoutExtension.java:147)
	at org.junit.jupiter.engine.extension.TimeoutExtension.interceptTestMethod(TimeoutExtension.java:86)
	at org.junit.jupiter.engine.execution.InterceptingExecutableInvoker$ReflectiveInterceptorCall.lambda$ofVoidMethod$0(InterceptingExecutableInvoker.java:103)
	at org.junit.jupiter.engine.execution.InterceptingExecutableInvoker.lambda$invoke$0(InterceptingExecutableInvoker.java:93)
	at org.junit.jupiter.engine.execution.InvocationInterceptorChain$InterceptedInvocation.proceed(InvocationInterceptorChain.java:106)
	at org.junit.jupiter.engine.execution.InvocationInterceptorChain.proceed(InvocationInterceptorChain.java:64)
	at org.junit.jupiter.engine.execution.InvocationInterceptorChain.chainAndInvoke(InvocationInterceptorChain.java:45)
	at org.junit.jupiter.engine.execution.InvocationInterceptorChain.invoke(InvocationInterceptorChain.java:37)
	at org.junit.jupiter.engine.execution.InterceptingExecutableInvoker.invoke(InterceptingExecutableInvoker.java:92)
	at org.junit.jupiter.engine.execution.InterceptingExecutableInvoker.invoke(InterceptingExecutableInvoker.java:86)
	at org.junit.jupiter.engine.descriptor.TestMethodTestDescriptor.lambda$invokeTestMethod$7(TestMethodTestDescriptor.java:218)
	at org.junit.platform.engine.support.hierarchical.ThrowableCollector.execute(ThrowableCollector.java:73)
	at org.junit.jupiter.engine.descriptor.TestMethodTestDescriptor.invokeTestMethod(TestMethodTestDescriptor.java:214)
	at org.junit.jupiter.engine.descriptor.TestMethodTestDescriptor.execute(TestMethodTestDescriptor.java:139)
	at org.junit.jupiter.engine.descriptor.TestMethodTestDescriptor.execute(TestMethodTestDescriptor.java:69)
	at org.junit.platform.engine.support.hierarchical.NodeTestTask.lambda$executeRecursively$6(NodeTestTask.java:151)
	at org.junit.platform.engine.support.hierarchical.ThrowableCollector.execute(ThrowableCollector.java:73)
	at org.junit.platform.engine.support.hierarchical.NodeTestTask.lambda$executeRecursively$8(NodeTestTask.java:141)
	at org.junit.platform.engine.support.hierarchical.Node.around(Node.java:137)
	at org.junit.platform.engine.support.hierarchical.NodeTestTask.lambda$executeRecursively$9(NodeTestTask.java:139)
	at org.junit.platform.engine.support.hierarchical.ThrowableCollector.execute(ThrowableCollector.java:73)
	at org.junit.platform.engine.support.hierarchical.NodeTestTask.executeRecursively(NodeTestTask.java:138)
	at org.junit.platform.engine.support.hierarchical.NodeTestTask.execute(NodeTestTask.java:95)
	at java.base/java.util.ArrayList.forEach(ArrayList.java:1511)
	at org.junit.platform.engine.support.hierarchical.SameThreadHierarchicalTestExecutorService.invokeAll(SameThreadHierarchicalTestExecutorService.java:41)
	at org.junit.platform.engine.support.hierarchical.NodeTestTask.lambda$executeRecursively$6(NodeTestTask.java:155)
	at org.junit.platform.engine.support.hierarchical.ThrowableCollector.execute(ThrowableCollector.java:73)
	at org.junit.platform.engine.support.hierarchical.NodeTestTask.lambda$executeRecursively$8(NodeTestTask.java:141)
	at org.junit.platform.engine.support.hierarchical.Node.around(Node.java:137)
	at org.junit.platform.engine.support.hierarchical.NodeTestTask.lambda$executeRecursively$9(NodeTestTask.java:139)
	at org.junit.platform.engine.support.hierarchical.ThrowableCollector.execute(ThrowableCollector.java:73)
	at org.junit.platform.engine.support.hierarchical.NodeTestTask.executeRecursively(NodeTestTask.java:138)
	at org.junit.platform.engine.support.hierarchical.NodeTestTask.execute(NodeTestTask.java:95)
	at java.base/java.util.ArrayList.forEach(ArrayList.java:1511)
	at org.junit.platform.engine.support.hierarchical.SameThreadHierarchicalTestExecutorService.invokeAll(SameThreadHierarchicalTestExecutorService.java:41)
	at org.junit.platform.engine.support.hierarchical.NodeTestTask.lambda$executeRecursively$6(NodeTestTask.java:155)
	at org.junit.platform.engine.support.hierarchical.ThrowableCollector.execute(ThrowableCollector.java:73)
	at org.junit.platform.engine.support.hierarchical.NodeTestTask.lambda$executeRecursively$8(NodeTestTask.java:141)
	at org.junit.platform.engine.support.hierarchical.Node.around(Node.java:137)
	at org.junit.platform.engine.support.hierarchical.NodeTestTask.lambda$executeRecursively$9(NodeTestTask.java:139)
	at org.junit.platform.engine.support.hierarchical.ThrowableCollector.execute(ThrowableCollector.java:73)
	at org.junit.platform.engine.support.hierarchical.NodeTestTask.executeRecursively(NodeTestTask.java:138)
	at org.junit.platform.engine.support.hierarchical.NodeTestTask.execute(NodeTestTask.java:95)
	at org.junit.platform.engine.support.hierarchical.SameThreadHierarchicalTestExecutorService.submit(SameThreadHierarchicalTestExecutorService.java:35)
	at org.junit.platform.engine.support.hierarchical.HierarchicalTestExecutor.execute(HierarchicalTestExecutor.java:57)
	at org.junit.platform.engine.support.hierarchical.HierarchicalTestEngine.execute(HierarchicalTestEngine.java:54)
	at org.junit.platform.launcher.core.EngineExecutionOrchestrator.execute(EngineExecutionOrchestrator.java:198)
	at org.junit.platform.launcher.core.EngineExecutionOrchestrator.execute(EngineExecutionOrchestrator.java:169)
	at org.junit.platform.launcher.core.EngineExecutionOrchestrator.execute(EngineExecutionOrchestrator.java:93)
	at org.junit.platform.launcher.core.EngineExecutionOrchestrator.lambda$execute$0(EngineExecutionOrchestrator.java:58)
	at org.junit.platform.launcher.core.EngineExecutionOrchestrator.withInterceptedStreams(EngineExecutionOrchestrator.java:141)
	at org.junit.platform.launcher.core.EngineExecutionOrchestrator.execute(EngineExecutionOrchestrator.java:57)
	at org.junit.platform.launcher.core.DefaultLauncher.execute(DefaultLauncher.java:103)
	at org.junit.platform.launcher.core.DefaultLauncher.execute(DefaultLauncher.java:85)
	at org.junit.platform.launcher.core.DelegatingLauncher.execute(DelegatingLauncher.java:47)
	at org.apache.maven.surefire.junitplatform.LazyLauncher.execute(LazyLauncher.java:56)
	at org.apache.maven.surefire.junitplatform.JUnitPlatformProvider.execute(JUnitPlatformProvider.java:184)
	at org.apache.maven.surefire.junitplatform.JUnitPlatformProvider.invokeAllTests(JUnitPlatformProvider.java:148)
	at org.apache.maven.surefire.junitplatform.JUnitPlatformProvider.invoke(JUnitPlatformProvider.java:122)
	at org.apache.maven.surefire.booter.ForkedBooter.runSuitesInProcess(ForkedBooter.java:385)
	at org.apache.maven.surefire.booter.ForkedBooter.execute(ForkedBooter.java:162)
	at org.apache.maven.surefire.booter.ForkedBooter.run(ForkedBooter.java:507)
	at org.apache.maven.surefire.booter.ForkedBooter.main(ForkedBooter.java:495)
Caused by: org.hibernate.exception.ConstraintViolationException: could not execute statement [Unique index or primary key violation: "PUBLIC.CONSTRAINT_INDEX_3 ON PUBLIC.BILLING_PLAN(NAME NULLS FIRST) VALUES ( /* 23 */ 'Pro' )"; SQL statement:
insert into billing_plan (billing_cycle,created_at,deleted,description,is_active,name,price,updated_at,id) values (?,?,?,?,?,?,?,?,?) [23505-224]] [insert into billing_plan (billing_cycle,created_at,deleted,description,is_active,name,price,updated_at,id) values (?,?,?,?,?,?,?,?,?)]
	at org.hibernate.exception.internal.SQLExceptionTypeDelegate.convert(SQLExceptionTypeDelegate.java:62)
	at org.hibernate.exception.internal.StandardSQLExceptionConverter.convert(StandardSQLExceptionConverter.java:58)
	at org.hibernate.engine.jdbc.spi.SqlExceptionHelper.convert(SqlExceptionHelper.java:108)
	at org.hibernate.engine.jdbc.internal.ResultSetReturnImpl.executeUpdate(ResultSetReturnImpl.java:197)
	at org.hibernate.engine.jdbc.mutation.internal.AbstractMutationExecutor.performNonBatchedMutation(AbstractMutationExecutor.java:107)
	at org.hibernate.engine.jdbc.mutation.internal.MutationExecutorSingleNonBatched.performNonBatchedOperations(MutationExecutorSingleNonBatched.java:40)
	at org.hibernate.engine.jdbc.mutation.internal.AbstractMutationExecutor.execute(AbstractMutationExecutor.java:52)
	at org.hibernate.persister.entity.mutation.InsertCoordinator.doStaticInserts(InsertCoordinator.java:175)
	at org.hibernate.persister.entity.mutation.InsertCoordinator.coordinateInsert(InsertCoordinator.java:113)
	at org.hibernate.persister.entity.AbstractEntityPersister.insert(AbstractEntityPersister.java:2873)
	at org.hibernate.action.internal.EntityInsertAction.execute(EntityInsertAction.java:104)
	at org.hibernate.engine.spi.ActionQueue.executeActions(ActionQueue.java:632)
	at org.hibernate.engine.spi.ActionQueue.executeActions(ActionQueue.java:499)
	at org.hibernate.event.internal.AbstractFlushingEventListener.performExecutions(AbstractFlushingEventListener.java:363)
	at org.hibernate.event.internal.DefaultFlushEventListener.onFlush(DefaultFlushEventListener.java:41)
	at org.hibernate.event.service.internal.EventListenerGroupImpl.fireEventOnEachListener(EventListenerGroupImpl.java:127)
	at org.hibernate.internal.SessionImpl.doFlush(SessionImpl.java:1423)
	at org.hibernate.internal.SessionImpl.flush(SessionImpl.java:1409)
	at java.base/jdk.internal.reflect.NativeMethodAccessorImpl.invoke0(Native Method)
	at java.base/jdk.internal.reflect.NativeMethodAccessorImpl.invoke(NativeMethodAccessorImpl.java:77)
	at java.base/jdk.internal.reflect.DelegatingMethodAccessorImpl.invoke(DelegatingMethodAccessorImpl.java:43)
	at java.base/java.lang.reflect.Method.invoke(Method.java:569)
	at org.springframework.orm.jpa.SharedEntityManagerCreator$SharedEntityManagerInvocationHandler.invoke(SharedEntityManagerCreator.java:319)
	at jdk.proxy2/jdk.proxy2.$Proxy200.flush(Unknown Source)
	at org.springframework.data.jpa.repository.support.SimpleJpaRepository.flush(SimpleJpaRepository.java:663)
	at org.springframework.data.jpa.repository.support.SimpleJpaRepository.saveAndFlush(SimpleJpaRepository.java:630)
	at java.base/jdk.internal.reflect.NativeMethodAccessorImpl.invoke0(Native Method)
	at java.base/jdk.internal.reflect.NativeMethodAccessorImpl.invoke(NativeMethodAccessorImpl.java:77)
	at java.base/jdk.internal.reflect.DelegatingMethodAccessorImpl.invoke(DelegatingMethodAccessorImpl.java:43)
	at java.base/java.lang.reflect.Method.invoke(Method.java:569)
	at org.springframework.aop.support.AopUtils.invokeJoinpointUsingReflection(AopUtils.java:351)
	at org.springframework.data.repository.core.support.RepositoryMethodInvoker$RepositoryFragmentMethodInvoker.lambda$new$0(RepositoryMethodInvoker.java:277)
	at org.springframework.data.repository.core.support.RepositoryMethodInvoker.doInvoke(RepositoryMethodInvoker.java:170)
	at org.springframework.data.repository.core.support.RepositoryMethodInvoker.invoke(RepositoryMethodInvoker.java:158)
	at org.springframework.data.repository.core.support.RepositoryComposition$RepositoryFragments.invoke(RepositoryComposition.java:516)
	at org.springframework.data.repository.core.support.RepositoryComposition.invoke(RepositoryComposition.java:285)
	at org.springframework.data.repository.core.support.RepositoryFactorySupport$ImplementationMethodExecutionInterceptor.invoke(RepositoryFactorySupport.java:628)
	at org.springframework.aop.framework.ReflectiveMethodInvocation.proceed(ReflectiveMethodInvocation.java:184)
	at org.springframework.data.repository.core.support.QueryExecutorMethodInterceptor.doInvoke(QueryExecutorMethodInterceptor.java:168)
	at org.springframework.data.repository.core.support.QueryExecutorMethodInterceptor.invoke(QueryExecutorMethodInterceptor.java:143)
	at org.springframework.aop.framework.ReflectiveMethodInvocation.proceed(ReflectiveMethodInvocation.java:184)
	at org.springframework.data.projection.DefaultMethodInvokingMethodInterceptor.invoke(DefaultMethodInvokingMethodInterceptor.java:70)
	at org.springframework.aop.framework.ReflectiveMethodInvocation.proceed(ReflectiveMethodInvocation.java:184)
	at org.springframework.transaction.interceptor.TransactionInterceptor$1.proceedWithInvocation(TransactionInterceptor.java:123)
	at org.springframework.transaction.interceptor.TransactionAspectSupport.invokeWithinTransaction(TransactionAspectSupport.java:385)
	at org.springframework.transaction.interceptor.TransactionInterceptor.invoke(TransactionInterceptor.java:119)
	at org.springframework.aop.framework.ReflectiveMethodInvocation.proceed(ReflectiveMethodInvocation.java:184)
	at org.springframework.dao.support.PersistenceExceptionTranslationInterceptor.invoke(PersistenceExceptionTranslationInterceptor.java:137)
	... 79 more
Caused by: org.h2.jdbc.JdbcSQLIntegrityConstraintViolationException: Unique index or primary key violation: "PUBLIC.CONSTRAINT_INDEX_3 ON PUBLIC.BILLING_PLAN(NAME NULLS FIRST) VALUES ( /* 23 */ 'Pro' )"; SQL statement:
insert into billing_plan (billing_cycle,created_at,deleted,description,is_active,name,price,updated_at,id) values (?,?,?,?,?,?,?,?,?) [23505-224]
	at org.h2.message.DbException.getJdbcSQLException(DbException.java:520)
	at org.h2.message.DbException.getJdbcSQLException(DbException.java:489)
	at org.h2.message.DbException.get(DbException.java:223)
	at org.h2.message.DbException.get(DbException.java:199)
	at org.h2.index.Index.getDuplicateKeyException(Index.java:527)
	at org.h2.mvstore.db.MVSecondaryIndex.checkUnique(MVSecondaryIndex.java:223)
	at org.h2.mvstore.db.MVSecondaryIndex.add(MVSecondaryIndex.java:184)
	at org.h2.mvstore.db.MVTable.addRow(MVTable.java:519)
	at org.h2.command.dml.Insert.insertRows(Insert.java:174)
	at org.h2.command.dml.Insert.update(Insert.java:135)
	at org.h2.command.dml.DataChangeStatement.update(DataChangeStatement.java:74)
	at org.h2.command.CommandContainer.update(CommandContainer.java:169)
	at org.h2.command.Command.executeUpdate(Command.java:256)
	at org.h2.jdbc.JdbcPreparedStatement.executeUpdateInternal(JdbcPreparedStatement.java:216)
	at org.h2.jdbc.JdbcPreparedStatement.executeUpdate(JdbcPreparedStatement.java:174)
	at org.hibernate.engine.jdbc.internal.ResultSetReturnImpl.executeUpdate(ResultSetReturnImpl.java:194)
	... 123 more

	at org.gb.billing.repository.PlanRepositoryTest.shouldEnforceUniquePlanName(PlanRepositoryTest.java:151)
	at java.base/java.lang.reflect.Method.invoke(Method.java:569)
	at java.base/java.util.ArrayList.forEach(ArrayList.java:1511)
	at java.base/java.util.ArrayList.forEach(ArrayList.java:1511)

[INFO] Running org.gb.billing.repository.SubscriptionRepositoryTest
2026-01-31 18:31:21 - 
    select
        s1_0.id,
        s1_0.canceled_at,
        s1_0.created_at,
        s1_0.next_billing_date,
        s1_0.plan_id,
        s1_0.start_date,
        s1_0.status,
        s1_0.tenant_id,
        s1_0.updated_at,
        s1_0.user_id,
        s1_0.version 
    from
        subscription s1_0
Hibernate: 
    select
        s1_0.id,
        s1_0.canceled_at,
        s1_0.created_at,
        s1_0.next_billing_date,
        s1_0.plan_id,
        s1_0.start_date,
        s1_0.status,
        s1_0.tenant_id,
        s1_0.updated_at,
        s1_0.user_id,
        s1_0.version 
    from
        subscription s1_0
2026-01-31 18:31:21 - 
    select
        bp1_0.id,
        bp1_0.billing_cycle,
        bp1_0.created_at,
        bp1_0.deleted,
        bp1_0.description,
        bp1_0.is_active,
        bp1_0.name,
        bp1_0.price,
        bp1_0.updated_at 
    from
        billing_plan bp1_0
Hibernate: 
    select
        bp1_0.id,
        bp1_0.billing_cycle,
        bp1_0.created_at,
        bp1_0.deleted,
        bp1_0.description,
        bp1_0.is_active,
        bp1_0.name,
        bp1_0.price,
        bp1_0.updated_at 
    from
        billing_plan bp1_0
2026-01-31 18:31:21 - 
    insert 
    into
        billing_plan
        (billing_cycle, created_at, deleted, description, is_active, name, price, updated_at, id) 
    values
        (?, ?, ?, ?, ?, ?, ?, ?, ?)
Hibernate: 
    insert 
    into
        billing_plan
        (billing_cycle, created_at, deleted, description, is_active, name, price, updated_at, id) 
    values
        (?, ?, ?, ?, ?, ?, ?, ?, ?)
2026-01-31 18:31:21 - 
    insert 
    into
        subscription
        (canceled_at, created_at, next_billing_date, plan_id, start_date, status, tenant_id, updated_at, user_id, version, id) 
    values
        (?, ?, ?, ?, ?, ?, ?, ?, ?, ?, ?)
Hibernate: 
    insert 
    into
        subscription
        (canceled_at, created_at, next_billing_date, plan_id, start_date, status, tenant_id, updated_at, user_id, version, id) 
    values
        (?, ?, ?, ?, ?, ?, ?, ?, ?, ?, ?)
2026-01-31 18:31:21 - 
    insert 
    into
        subscription
        (canceled_at, created_at, next_billing_date, plan_id, start_date, status, tenant_id, updated_at, user_id, version, id) 
    values
        (?, ?, ?, ?, ?, ?, ?, ?, ?, ?, ?)
Hibernate: 
    insert 
    into
        subscription
        (canceled_at, created_at, next_billing_date, plan_id, start_date, status, tenant_id, updated_at, user_id, version, id) 
    values
        (?, ?, ?, ?, ?, ?, ?, ?, ?, ?, ?)
2026-01-31 18:31:21 - 
    select
        s1_0.id,
        s1_0.canceled_at,
        s1_0.created_at,
        s1_0.next_billing_date,
        s1_0.plan_id,
        s1_0.start_date,
        s1_0.status,
        s1_0.tenant_id,
        s1_0.updated_at,
        s1_0.user_id,
        s1_0.version 
    from
        subscription s1_0 
    where
        s1_0.status=? 
        and s1_0.tenant_id=?
Hibernate: 
    select
        s1_0.id,
        s1_0.canceled_at,
        s1_0.created_at,
        s1_0.next_billing_date,
        s1_0.plan_id,
        s1_0.start_date,
        s1_0.status,
        s1_0.tenant_id,
        s1_0.updated_at,
        s1_0.user_id,
        s1_0.version 
    from
        subscription s1_0 
    where
        s1_0.status=? 
        and s1_0.tenant_id=?
2026-01-31 18:31:21 - 
    select
        s1_0.id,
        s1_0.canceled_at,
        s1_0.created_at,
        s1_0.next_billing_date,
        s1_0.plan_id,
        s1_0.start_date,
        s1_0.status,
        s1_0.tenant_id,
        s1_0.updated_at,
        s1_0.user_id,
        s1_0.version 
    from
        subscription s1_0 
    where
        s1_0.status=? 
        and s1_0.tenant_id=?
Hibernate: 
    select
        s1_0.id,
        s1_0.canceled_at,
        s1_0.created_at,
        s1_0.next_billing_date,
        s1_0.plan_id,
        s1_0.start_date,
        s1_0.status,
        s1_0.tenant_id,
        s1_0.updated_at,
        s1_0.user_id,
        s1_0.version 
    from
        subscription s1_0 
    where
        s1_0.status=? 
        and s1_0.tenant_id=?
2026-01-31 18:31:21 - 
    select
        s1_0.id,
        s1_0.canceled_at,
        s1_0.created_at,
        s1_0.next_billing_date,
        s1_0.plan_id,
        s1_0.start_date,
        s1_0.status,
        s1_0.tenant_id,
        s1_0.updated_at,
        s1_0.user_id,
        s1_0.version 
    from
        subscription s1_0
Hibernate: 
    select
        s1_0.id,
        s1_0.canceled_at,
        s1_0.created_at,
        s1_0.next_billing_date,
        s1_0.plan_id,
        s1_0.start_date,
        s1_0.status,
        s1_0.tenant_id,
        s1_0.updated_at,
        s1_0.user_id,
        s1_0.version 
    from
        subscription s1_0
2026-01-31 18:31:21 - 
    select
        bp1_0.id,
        bp1_0.billing_cycle,
        bp1_0.created_at,
        bp1_0.deleted,
        bp1_0.description,
        bp1_0.is_active,
        bp1_0.name,
        bp1_0.price,
        bp1_0.updated_at 
    from
        billing_plan bp1_0
Hibernate: 
    select
        bp1_0.id,
        bp1_0.billing_cycle,
        bp1_0.created_at,
        bp1_0.deleted,
        bp1_0.description,
        bp1_0.is_active,
        bp1_0.name,
        bp1_0.price,
        bp1_0.updated_at 
    from
        billing_plan bp1_0
2026-01-31 18:31:21 - 
    insert 
    into
        billing_plan
        (billing_cycle, created_at, deleted, description, is_active, name, price, updated_at, id) 
    values
        (?, ?, ?, ?, ?, ?, ?, ?, ?)
Hibernate: 
    insert 
    into
        billing_plan
        (billing_cycle, created_at, deleted, description, is_active, name, price, updated_at, id) 
    values
        (?, ?, ?, ?, ?, ?, ?, ?, ?)
2026-01-31 18:31:21 - 
    insert 
    into
        subscription
        (canceled_at, created_at, next_billing_date, plan_id, start_date, status, tenant_id, updated_at, user_id, version, id) 
    values
        (?, ?, ?, ?, ?, ?, ?, ?, ?, ?, ?)
Hibernate: 
    insert 
    into
        subscription
        (canceled_at, created_at, next_billing_date, plan_id, start_date, status, tenant_id, updated_at, user_id, version, id) 
    values
        (?, ?, ?, ?, ?, ?, ?, ?, ?, ?, ?)
2026-01-31 18:31:21 - 
    insert 
    into
        subscription
        (canceled_at, created_at, next_billing_date, plan_id, start_date, status, tenant_id, updated_at, user_id, version, id) 
    values
        (?, ?, ?, ?, ?, ?, ?, ?, ?, ?, ?)
Hibernate: 
    insert 
    into
        subscription
        (canceled_at, created_at, next_billing_date, plan_id, start_date, status, tenant_id, updated_at, user_id, version, id) 
    values
        (?, ?, ?, ?, ?, ?, ?, ?, ?, ?, ?)
2026-01-31 18:31:21 - 
    select
        s1_0.status,
        count(s1_0.id) 
    from
        subscription s1_0 
    where
        s1_0.tenant_id=? 
    group by
        s1_0.status
Hibernate: 
    select
        s1_0.status,
        count(s1_0.id) 
    from
        subscription s1_0 
    where
        s1_0.tenant_id=? 
    group by
        s1_0.status
2026-01-31 18:31:21 - 
    select
        s1_0.id,
        s1_0.canceled_at,
        s1_0.created_at,
        s1_0.next_billing_date,
        s1_0.plan_id,
        s1_0.start_date,
        s1_0.status,
        s1_0.tenant_id,
        s1_0.updated_at,
        s1_0.user_id,
        s1_0.version 
    from
        subscription s1_0
Hibernate: 
    select
        s1_0.id,
        s1_0.canceled_at,
        s1_0.created_at,
        s1_0.next_billing_date,
        s1_0.plan_id,
        s1_0.start_date,
        s1_0.status,
        s1_0.tenant_id,
        s1_0.updated_at,
        s1_0.user_id,
        s1_0.version 
    from
        subscription s1_0
2026-01-31 18:31:21 - 
    select
        bp1_0.id,
        bp1_0.billing_cycle,
        bp1_0.created_at,
        bp1_0.deleted,
        bp1_0.description,
        bp1_0.is_active,
        bp1_0.name,
        bp1_0.price,
        bp1_0.updated_at 
    from
        billing_plan bp1_0
Hibernate: 
    select
        bp1_0.id,
        bp1_0.billing_cycle,
        bp1_0.created_at,
        bp1_0.deleted,
        bp1_0.description,
        bp1_0.is_active,
        bp1_0.name,
        bp1_0.price,
        bp1_0.updated_at 
    from
        billing_plan bp1_0
2026-01-31 18:31:21 - 
    insert 
    into
        billing_plan
        (billing_cycle, created_at, deleted, description, is_active, name, price, updated_at, id) 
    values
        (?, ?, ?, ?, ?, ?, ?, ?, ?)
Hibernate: 
    insert 
    into
        billing_plan
        (billing_cycle, created_at, deleted, description, is_active, name, price, updated_at, id) 
    values
        (?, ?, ?, ?, ?, ?, ?, ?, ?)
2026-01-31 18:31:21 - 
    insert 
    into
        subscription
        (canceled_at, created_at, next_billing_date, plan_id, start_date, status, tenant_id, updated_at, user_id, version, id) 
    values
        (?, ?, ?, ?, ?, ?, ?, ?, ?, ?, ?)
Hibernate: 
    insert 
    into
        subscription
        (canceled_at, created_at, next_billing_date, plan_id, start_date, status, tenant_id, updated_at, user_id, version, id) 
    values
        (?, ?, ?, ?, ?, ?, ?, ?, ?, ?, ?)
2026-01-31 18:31:21 - 
    select
        s1_0.id,
        s1_0.canceled_at,
        s1_0.created_at,
        s1_0.next_billing_date,
        s1_0.plan_id,
        s1_0.start_date,
        s1_0.status,
        s1_0.tenant_id,
        s1_0.updated_at,
        s1_0.user_id,
        s1_0.version 
    from
        subscription s1_0 
    where
        s1_0.id=? 
        and s1_0.tenant_id=?
Hibernate: 
    select
        s1_0.id,
        s1_0.canceled_at,
        s1_0.created_at,
        s1_0.next_billing_date,
        s1_0.plan_id,
        s1_0.start_date,
        s1_0.status,
        s1_0.tenant_id,
        s1_0.updated_at,
        s1_0.user_id,
        s1_0.version 
    from
        subscription s1_0 
    where
        s1_0.id=? 
        and s1_0.tenant_id=?
2026-01-31 18:31:21 - 
    select
        s1_0.id,
        s1_0.canceled_at,
        s1_0.created_at,
        s1_0.next_billing_date,
        s1_0.plan_id,
        s1_0.start_date,
        s1_0.status,
        s1_0.tenant_id,
        s1_0.updated_at,
        s1_0.user_id,
        s1_0.version 
    from
        subscription s1_0
Hibernate: 
    select
        s1_0.id,
        s1_0.canceled_at,
        s1_0.created_at,
        s1_0.next_billing_date,
        s1_0.plan_id,
        s1_0.start_date,
        s1_0.status,
        s1_0.tenant_id,
        s1_0.updated_at,
        s1_0.user_id,
        s1_0.version 
    from
        subscription s1_0
2026-01-31 18:31:21 - 
    select
        bp1_0.id,
        bp1_0.billing_cycle,
        bp1_0.created_at,
        bp1_0.deleted,
        bp1_0.description,
        bp1_0.is_active,
        bp1_0.name,
        bp1_0.price,
        bp1_0.updated_at 
    from
        billing_plan bp1_0
Hibernate: 
    select
        bp1_0.id,
        bp1_0.billing_cycle,
        bp1_0.created_at,
        bp1_0.deleted,
        bp1_0.description,
        bp1_0.is_active,
        bp1_0.name,
        bp1_0.price,
        bp1_0.updated_at 
    from
        billing_plan bp1_0
2026-01-31 18:31:21 - 
    insert 
    into
        billing_plan
        (billing_cycle, created_at, deleted, description, is_active, name, price, updated_at, id) 
    values
        (?, ?, ?, ?, ?, ?, ?, ?, ?)
Hibernate: 
    insert 
    into
        billing_plan
        (billing_cycle, created_at, deleted, description, is_active, name, price, updated_at, id) 
    values
        (?, ?, ?, ?, ?, ?, ?, ?, ?)
2026-01-31 18:31:21 - 
    insert 
    into
        subscription
        (canceled_at, created_at, next_billing_date, plan_id, start_date, status, tenant_id, updated_at, user_id, version, id) 
    values
        (?, ?, ?, ?, ?, ?, ?, ?, ?, ?, ?)
Hibernate: 
    insert 
    into
        subscription
        (canceled_at, created_at, next_billing_date, plan_id, start_date, status, tenant_id, updated_at, user_id, version, id) 
    values
        (?, ?, ?, ?, ?, ?, ?, ?, ?, ?, ?)
2026-01-31 18:31:21 - 
    select
        s1_0.id,
        s1_0.canceled_at,
        s1_0.created_at,
        s1_0.next_billing_date,
        s1_0.plan_id,
        s1_0.start_date,
        s1_0.status,
        s1_0.tenant_id,
        s1_0.updated_at,
        s1_0.user_id,
        s1_0.version 
    from
        subscription s1_0 
    where
        s1_0.user_id=? 
        and s1_0.tenant_id=? 
        and s1_0.status in ('ACTIVE', 'PAST_DUE')
Hibernate: 
    select
        s1_0.id,
        s1_0.canceled_at,
        s1_0.created_at,
        s1_0.next_billing_date,
        s1_0.plan_id,
        s1_0.start_date,
        s1_0.status,
        s1_0.tenant_id,
        s1_0.updated_at,
        s1_0.user_id,
        s1_0.version 
    from
        subscription s1_0 
    where
        s1_0.user_id=? 
        and s1_0.tenant_id=? 
        and s1_0.status in ('ACTIVE', 'PAST_DUE')
2026-01-31 18:31:21 - 
    select
        s1_0.id,
        s1_0.canceled_at,
        s1_0.created_at,
        s1_0.next_billing_date,
        s1_0.plan_id,
        s1_0.start_date,
        s1_0.status,
        s1_0.tenant_id,
        s1_0.updated_at,
        s1_0.user_id,
        s1_0.version 
    from
        subscription s1_0
Hibernate: 
    select
        s1_0.id,
        s1_0.canceled_at,
        s1_0.created_at,
        s1_0.next_billing_date,
        s1_0.plan_id,
        s1_0.start_date,
        s1_0.status,
        s1_0.tenant_id,
        s1_0.updated_at,
        s1_0.user_id,
        s1_0.version 
    from
        subscription s1_0
2026-01-31 18:31:21 - 
    select
        bp1_0.id,
        bp1_0.billing_cycle,
        bp1_0.created_at,
        bp1_0.deleted,
        bp1_0.description,
        bp1_0.is_active,
        bp1_0.name,
        bp1_0.price,
        bp1_0.updated_at 
    from
        billing_plan bp1_0
Hibernate: 
    select
        bp1_0.id,
        bp1_0.billing_cycle,
        bp1_0.created_at,
        bp1_0.deleted,
        bp1_0.description,
        bp1_0.is_active,
        bp1_0.name,
        bp1_0.price,
        bp1_0.updated_at 
    from
        billing_plan bp1_0
2026-01-31 18:31:21 - 
    insert 
    into
        billing_plan
        (billing_cycle, created_at, deleted, description, is_active, name, price, updated_at, id) 
    values
        (?, ?, ?, ?, ?, ?, ?, ?, ?)
Hibernate: 
    insert 
    into
        billing_plan
        (billing_cycle, created_at, deleted, description, is_active, name, price, updated_at, id) 
    values
        (?, ?, ?, ?, ?, ?, ?, ?, ?)
2026-01-31 18:31:21 - 
    insert 
    into
        subscription
        (canceled_at, created_at, next_billing_date, plan_id, start_date, status, tenant_id, updated_at, user_id, version, id) 
    values
        (?, ?, ?, ?, ?, ?, ?, ?, ?, ?, ?)
Hibernate: 
    insert 
    into
        subscription
        (canceled_at, created_at, next_billing_date, plan_id, start_date, status, tenant_id, updated_at, user_id, version, id) 
    values
        (?, ?, ?, ?, ?, ?, ?, ?, ?, ?, ?)
2026-01-31 18:31:21 - 
    select
        s1_0.id,
        s1_0.canceled_at,
        s1_0.created_at,
        s1_0.next_billing_date,
        s1_0.plan_id,
        s1_0.start_date,
        s1_0.status,
        s1_0.tenant_id,
        s1_0.updated_at,
        s1_0.user_id,
        s1_0.version 
    from
        subscription s1_0 
    where
        s1_0.id=? 
        and s1_0.tenant_id=?
Hibernate: 
    select
        s1_0.id,
        s1_0.canceled_at,
        s1_0.created_at,
        s1_0.next_billing_date,
        s1_0.plan_id,
        s1_0.start_date,
        s1_0.status,
        s1_0.tenant_id,
        s1_0.updated_at,
        s1_0.user_id,
        s1_0.version 
    from
        subscription s1_0 
    where
        s1_0.id=? 
        and s1_0.tenant_id=?
2026-01-31 18:31:21 - 
    select
        s1_0.id,
        s1_0.canceled_at,
        s1_0.created_at,
        s1_0.next_billing_date,
        s1_0.plan_id,
        s1_0.start_date,
        s1_0.status,
        s1_0.tenant_id,
        s1_0.updated_at,
        s1_0.user_id,
        s1_0.version 
    from
        subscription s1_0
Hibernate: 
    select
        s1_0.id,
        s1_0.canceled_at,
        s1_0.created_at,
        s1_0.next_billing_date,
        s1_0.plan_id,
        s1_0.start_date,
        s1_0.status,
        s1_0.tenant_id,
        s1_0.updated_at,
        s1_0.user_id,
        s1_0.version 
    from
        subscription s1_0
2026-01-31 18:31:21 - 
    select
        bp1_0.id,
        bp1_0.billing_cycle,
        bp1_0.created_at,
        bp1_0.deleted,
        bp1_0.description,
        bp1_0.is_active,
        bp1_0.name,
        bp1_0.price,
        bp1_0.updated_at 
    from
        billing_plan bp1_0
Hibernate: 
    select
        bp1_0.id,
        bp1_0.billing_cycle,
        bp1_0.created_at,
        bp1_0.deleted,
        bp1_0.description,
        bp1_0.is_active,
        bp1_0.name,
        bp1_0.price,
        bp1_0.updated_at 
    from
        billing_plan bp1_0
2026-01-31 18:31:21 - 
    insert 
    into
        billing_plan
        (billing_cycle, created_at, deleted, description, is_active, name, price, updated_at, id) 
    values
        (?, ?, ?, ?, ?, ?, ?, ?, ?)
Hibernate: 
    insert 
    into
        billing_plan
        (billing_cycle, created_at, deleted, description, is_active, name, price, updated_at, id) 
    values
        (?, ?, ?, ?, ?, ?, ?, ?, ?)
2026-01-31 18:31:21 - 
    insert 
    into
        subscription
        (canceled_at, created_at, next_billing_date, plan_id, start_date, status, tenant_id, updated_at, user_id, version, id) 
    values
        (?, ?, ?, ?, ?, ?, ?, ?, ?, ?, ?)
Hibernate: 
    insert 
    into
        subscription
        (canceled_at, created_at, next_billing_date, plan_id, start_date, status, tenant_id, updated_at, user_id, version, id) 
    values
        (?, ?, ?, ?, ?, ?, ?, ?, ?, ?, ?)
2026-01-31 18:31:21 - 
    insert 
    into
        subscription
        (canceled_at, created_at, next_billing_date, plan_id, start_date, status, tenant_id, updated_at, user_id, version, id) 
    values
        (?, ?, ?, ?, ?, ?, ?, ?, ?, ?, ?)
Hibernate: 
    insert 
    into
        subscription
        (canceled_at, created_at, next_billing_date, plan_id, start_date, status, tenant_id, updated_at, user_id, version, id) 
    values
        (?, ?, ?, ?, ?, ?, ?, ?, ?, ?, ?)
2026-01-31 18:31:21 - 
    select
        s1_0.id,
        s1_0.canceled_at,
        s1_0.created_at,
        s1_0.next_billing_date,
        s1_0.plan_id,
        s1_0.start_date,
        s1_0.status,
        s1_0.tenant_id,
        s1_0.updated_at,
        s1_0.user_id,
        s1_0.version 
    from
        subscription s1_0 
    where
        s1_0.status=? 
        and s1_0.tenant_id=?
Hibernate: 
    select
        s1_0.id,
        s1_0.canceled_at,
        s1_0.created_at,
        s1_0.next_billing_date,
        s1_0.plan_id,
        s1_0.start_date,
        s1_0.status,
        s1_0.tenant_id,
        s1_0.updated_at,
        s1_0.user_id,
        s1_0.version 
    from
        subscription s1_0 
    where
        s1_0.status=? 
        and s1_0.tenant_id=?
2026-01-31 18:31:21 - 
    select
        s1_0.id,
        s1_0.canceled_at,
        s1_0.created_at,
        s1_0.next_billing_date,
        s1_0.plan_id,
        s1_0.start_date,
        s1_0.status,
        s1_0.tenant_id,
        s1_0.updated_at,
        s1_0.user_id,
        s1_0.version 
    from
        subscription s1_0 
    where
        s1_0.status=? 
        and s1_0.tenant_id=?
Hibernate: 
    select
        s1_0.id,
        s1_0.canceled_at,
        s1_0.created_at,
        s1_0.next_billing_date,
        s1_0.plan_id,
        s1_0.start_date,
        s1_0.status,
        s1_0.tenant_id,
        s1_0.updated_at,
        s1_0.user_id,
        s1_0.version 
    from
        subscription s1_0 
    where
        s1_0.status=? 
        and s1_0.tenant_id=?
2026-01-31 18:31:21 - 
    select
        s1_0.id,
        s1_0.canceled_at,
        s1_0.created_at,
        s1_0.next_billing_date,
        s1_0.plan_id,
        s1_0.start_date,
        s1_0.status,
        s1_0.tenant_id,
        s1_0.updated_at,
        s1_0.user_id,
        s1_0.version 
    from
        subscription s1_0
Hibernate: 
    select
        s1_0.id,
        s1_0.canceled_at,
        s1_0.created_at,
        s1_0.next_billing_date,
        s1_0.plan_id,
        s1_0.start_date,
        s1_0.status,
        s1_0.tenant_id,
        s1_0.updated_at,
        s1_0.user_id,
        s1_0.version 
    from
        subscription s1_0
2026-01-31 18:31:21 - 
    select
        bp1_0.id,
        bp1_0.billing_cycle,
        bp1_0.created_at,
        bp1_0.deleted,
        bp1_0.description,
        bp1_0.is_active,
        bp1_0.name,
        bp1_0.price,
        bp1_0.updated_at 
    from
        billing_plan bp1_0
Hibernate: 
    select
        bp1_0.id,
        bp1_0.billing_cycle,
        bp1_0.created_at,
        bp1_0.deleted,
        bp1_0.description,
        bp1_0.is_active,
        bp1_0.name,
        bp1_0.price,
        bp1_0.updated_at 
    from
        billing_plan bp1_0
2026-01-31 18:31:21 - 
    insert 
    into
        billing_plan
        (billing_cycle, created_at, deleted, description, is_active, name, price, updated_at, id) 
    values
        (?, ?, ?, ?, ?, ?, ?, ?, ?)
Hibernate: 
    insert 
    into
        billing_plan
        (billing_cycle, created_at, deleted, description, is_active, name, price, updated_at, id) 
    values
        (?, ?, ?, ?, ?, ?, ?, ?, ?)
2026-01-31 18:31:21 - 
    insert 
    into
        subscription
        (canceled_at, created_at, next_billing_date, plan_id, start_date, status, tenant_id, updated_at, user_id, version, id) 
    values
        (?, ?, ?, ?, ?, ?, ?, ?, ?, ?, ?)
Hibernate: 
    insert 
    into
        subscription
        (canceled_at, created_at, next_billing_date, plan_id, start_date, status, tenant_id, updated_at, user_id, version, id) 
    values
        (?, ?, ?, ?, ?, ?, ?, ?, ?, ?, ?)
2026-01-31 18:31:21 - 
    insert 
    into
        subscription
        (canceled_at, created_at, next_billing_date, plan_id, start_date, status, tenant_id, updated_at, user_id, version, id) 
    values
        (?, ?, ?, ?, ?, ?, ?, ?, ?, ?, ?)
Hibernate: 
    insert 
    into
        subscription
        (canceled_at, created_at, next_billing_date, plan_id, start_date, status, tenant_id, updated_at, user_id, version, id) 
    values
        (?, ?, ?, ?, ?, ?, ?, ?, ?, ?, ?)
2026-01-31 18:31:21 - 
    select
        s1_0.plan_id,
        p1_0.name,
        count(s1_0.id) 
    from
        subscription s1_0 
    join
        billing_plan p1_0 
            on p1_0.id=s1_0.plan_id 
    where
        s1_0.tenant_id=? 
        and s1_0.status in ('ACTIVE', 'PAST_DUE') 
    group by
        s1_0.plan_id,
        p1_0.name
Hibernate: 
    select
        s1_0.plan_id,
        p1_0.name,
        count(s1_0.id) 
    from
        subscription s1_0 
    join
        billing_plan p1_0 
            on p1_0.id=s1_0.plan_id 
    where
        s1_0.tenant_id=? 
        and s1_0.status in ('ACTIVE', 'PAST_DUE') 
    group by
        s1_0.plan_id,
        p1_0.name
2026-01-31 18:31:21 - 
    select
        s1_0.id,
        s1_0.canceled_at,
        s1_0.created_at,
        s1_0.next_billing_date,
        s1_0.plan_id,
        s1_0.start_date,
        s1_0.status,
        s1_0.tenant_id,
        s1_0.updated_at,
        s1_0.user_id,
        s1_0.version 
    from
        subscription s1_0
Hibernate: 
    select
        s1_0.id,
        s1_0.canceled_at,
        s1_0.created_at,
        s1_0.next_billing_date,
        s1_0.plan_id,
        s1_0.start_date,
        s1_0.status,
        s1_0.tenant_id,
        s1_0.updated_at,
        s1_0.user_id,
        s1_0.version 
    from
        subscription s1_0
2026-01-31 18:31:21 - 
    select
        bp1_0.id,
        bp1_0.billing_cycle,
        bp1_0.created_at,
        bp1_0.deleted,
        bp1_0.description,
        bp1_0.is_active,
        bp1_0.name,
        bp1_0.price,
        bp1_0.updated_at 
    from
        billing_plan bp1_0
Hibernate: 
    select
        bp1_0.id,
        bp1_0.billing_cycle,
        bp1_0.created_at,
        bp1_0.deleted,
        bp1_0.description,
        bp1_0.is_active,
        bp1_0.name,
        bp1_0.price,
        bp1_0.updated_at 
    from
        billing_plan bp1_0
2026-01-31 18:31:21 - 
    insert 
    into
        billing_plan
        (billing_cycle, created_at, deleted, description, is_active, name, price, updated_at, id) 
    values
        (?, ?, ?, ?, ?, ?, ?, ?, ?)
Hibernate: 
    insert 
    into
        billing_plan
        (billing_cycle, created_at, deleted, description, is_active, name, price, updated_at, id) 
    values
        (?, ?, ?, ?, ?, ?, ?, ?, ?)
2026-01-31 18:31:21 - 
    insert 
    into
        subscription
        (canceled_at, created_at, next_billing_date, plan_id, start_date, status, tenant_id, updated_at, user_id, version, id) 
    values
        (?, ?, ?, ?, ?, ?, ?, ?, ?, ?, ?)
Hibernate: 
    insert 
    into
        subscription
        (canceled_at, created_at, next_billing_date, plan_id, start_date, status, tenant_id, updated_at, user_id, version, id) 
    values
        (?, ?, ?, ?, ?, ?, ?, ?, ?, ?, ?)
2026-01-31 18:31:21 - 
    insert 
    into
        subscription
        (canceled_at, created_at, next_billing_date, plan_id, start_date, status, tenant_id, updated_at, user_id, version, id) 
    values
        (?, ?, ?, ?, ?, ?, ?, ?, ?, ?, ?)
Hibernate: 
    insert 
    into
        subscription
        (canceled_at, created_at, next_billing_date, plan_id, start_date, status, tenant_id, updated_at, user_id, version, id) 
    values
        (?, ?, ?, ?, ?, ?, ?, ?, ?, ?, ?)
2026-01-31 18:31:21 - 
    select
        s1_0.id,
        s1_0.canceled_at,
        s1_0.created_at,
        s1_0.next_billing_date,
        s1_0.plan_id,
        s1_0.start_date,
        s1_0.status,
        s1_0.tenant_id,
        s1_0.updated_at,
        s1_0.user_id,
        s1_0.version 
    from
        subscription s1_0 
    where
        s1_0.user_id=? 
        and s1_0.tenant_id=?
Hibernate: 
    select
        s1_0.id,
        s1_0.canceled_at,
        s1_0.created_at,
        s1_0.next_billing_date,
        s1_0.plan_id,
        s1_0.start_date,
        s1_0.status,
        s1_0.tenant_id,
        s1_0.updated_at,
        s1_0.user_id,
        s1_0.version 
    from
        subscription s1_0 
    where
        s1_0.user_id=? 
        and s1_0.tenant_id=?
2026-01-31 18:31:21 - 
    select
        s1_0.id,
        s1_0.canceled_at,
        s1_0.created_at,
        s1_0.next_billing_date,
        s1_0.plan_id,
        s1_0.start_date,
        s1_0.status,
        s1_0.tenant_id,
        s1_0.updated_at,
        s1_0.user_id,
        s1_0.version 
    from
        subscription s1_0
Hibernate: 
    select
        s1_0.id,
        s1_0.canceled_at,
        s1_0.created_at,
        s1_0.next_billing_date,
        s1_0.plan_id,
        s1_0.start_date,
        s1_0.status,
        s1_0.tenant_id,
        s1_0.updated_at,
        s1_0.user_id,
        s1_0.version 
    from
        subscription s1_0
2026-01-31 18:31:21 - 
    select
        bp1_0.id,
        bp1_0.billing_cycle,
        bp1_0.created_at,
        bp1_0.deleted,
        bp1_0.description,
        bp1_0.is_active,
        bp1_0.name,
        bp1_0.price,
        bp1_0.updated_at 
    from
        billing_plan bp1_0
Hibernate: 
    select
        bp1_0.id,
        bp1_0.billing_cycle,
        bp1_0.created_at,
        bp1_0.deleted,
        bp1_0.description,
        bp1_0.is_active,
        bp1_0.name,
        bp1_0.price,
        bp1_0.updated_at 
    from
        billing_plan bp1_0
2026-01-31 18:31:21 - 
    insert 
    into
        billing_plan
        (billing_cycle, created_at, deleted, description, is_active, name, price, updated_at, id) 
    values
        (?, ?, ?, ?, ?, ?, ?, ?, ?)
Hibernate: 
    insert 
    into
        billing_plan
        (billing_cycle, created_at, deleted, description, is_active, name, price, updated_at, id) 
    values
        (?, ?, ?, ?, ?, ?, ?, ?, ?)
2026-01-31 18:31:21 - 
    insert 
    into
        subscription
        (canceled_at, created_at, next_billing_date, plan_id, start_date, status, tenant_id, updated_at, user_id, version, id) 
    values
        (?, ?, ?, ?, ?, ?, ?, ?, ?, ?, ?)
Hibernate: 
    insert 
    into
        subscription
        (canceled_at, created_at, next_billing_date, plan_id, start_date, status, tenant_id, updated_at, user_id, version, id) 
    values
        (?, ?, ?, ?, ?, ?, ?, ?, ?, ?, ?)
2026-01-31 18:31:21 - 
    insert 
    into
        subscription
        (canceled_at, created_at, next_billing_date, plan_id, start_date, status, tenant_id, updated_at, user_id, version, id) 
    values
        (?, ?, ?, ?, ?, ?, ?, ?, ?, ?, ?)
Hibernate: 
    insert 
    into
        subscription
        (canceled_at, created_at, next_billing_date, plan_id, start_date, status, tenant_id, updated_at, user_id, version, id) 
    values
        (?, ?, ?, ?, ?, ?, ?, ?, ?, ?, ?)
2026-01-31 18:31:21 - 
    insert 
    into
        subscription
        (canceled_at, created_at, next_billing_date, plan_id, start_date, status, tenant_id, updated_at, user_id, version, id) 
    values
        (?, ?, ?, ?, ?, ?, ?, ?, ?, ?, ?)
Hibernate: 
    insert 
    into
        subscription
        (canceled_at, created_at, next_billing_date, plan_id, start_date, status, tenant_id, updated_at, user_id, version, id) 
    values
        (?, ?, ?, ?, ?, ?, ?, ?, ?, ?, ?)
2026-01-31 18:31:21 - 
    select
        count(s1_0.id) 
    from
        subscription s1_0 
    where
        s1_0.plan_id=? 
        and s1_0.status in ('ACTIVE', 'PAST_DUE')
Hibernate: 
    select
        count(s1_0.id) 
    from
        subscription s1_0 
    where
        s1_0.plan_id=? 
        and s1_0.status in ('ACTIVE', 'PAST_DUE')
2026-01-31 18:31:21 - 
    select
        s1_0.id,
        s1_0.canceled_at,
        s1_0.created_at,
        s1_0.next_billing_date,
        s1_0.plan_id,
        s1_0.start_date,
        s1_0.status,
        s1_0.tenant_id,
        s1_0.updated_at,
        s1_0.user_id,
        s1_0.version 
    from
        subscription s1_0
Hibernate: 
    select
        s1_0.id,
        s1_0.canceled_at,
        s1_0.created_at,
        s1_0.next_billing_date,
        s1_0.plan_id,
        s1_0.start_date,
        s1_0.status,
        s1_0.tenant_id,
        s1_0.updated_at,
        s1_0.user_id,
        s1_0.version 
    from
        subscription s1_0
2026-01-31 18:31:21 - 
    select
        bp1_0.id,
        bp1_0.billing_cycle,
        bp1_0.created_at,
        bp1_0.deleted,
        bp1_0.description,
        bp1_0.is_active,
        bp1_0.name,
        bp1_0.price,
        bp1_0.updated_at 
    from
        billing_plan bp1_0
Hibernate: 
    select
        bp1_0.id,
        bp1_0.billing_cycle,
        bp1_0.created_at,
        bp1_0.deleted,
        bp1_0.description,
        bp1_0.is_active,
        bp1_0.name,
        bp1_0.price,
        bp1_0.updated_at 
    from
        billing_plan bp1_0
2026-01-31 18:31:21 - 
    insert 
    into
        billing_plan
        (billing_cycle, created_at, deleted, description, is_active, name, price, updated_at, id) 
    values
        (?, ?, ?, ?, ?, ?, ?, ?, ?)
Hibernate: 
    insert 
    into
        billing_plan
        (billing_cycle, created_at, deleted, description, is_active, name, price, updated_at, id) 
    values
        (?, ?, ?, ?, ?, ?, ?, ?, ?)
2026-01-31 18:31:21 - 
    insert 
    into
        subscription
        (canceled_at, created_at, next_billing_date, plan_id, start_date, status, tenant_id, updated_at, user_id, version, id) 
    values
        (?, ?, ?, ?, ?, ?, ?, ?, ?, ?, ?)
Hibernate: 
    insert 
    into
        subscription
        (canceled_at, created_at, next_billing_date, plan_id, start_date, status, tenant_id, updated_at, user_id, version, id) 
    values
        (?, ?, ?, ?, ?, ?, ?, ?, ?, ?, ?)
2026-01-31 18:31:21 - 
    select
        s1_0.id,
        s1_0.canceled_at,
        s1_0.created_at,
        s1_0.next_billing_date,
        s1_0.plan_id,
        s1_0.start_date,
        s1_0.status,
        s1_0.tenant_id,
        s1_0.updated_at,
        s1_0.user_id,
        s1_0.version 
    from
        subscription s1_0 
    where
        s1_0.user_id=? 
        and s1_0.tenant_id=? 
        and s1_0.status in ('ACTIVE', 'PAST_DUE')
Hibernate: 
    select
        s1_0.id,
        s1_0.canceled_at,
        s1_0.created_at,
        s1_0.next_billing_date,
        s1_0.plan_id,
        s1_0.start_date,
        s1_0.status,
        s1_0.tenant_id,
        s1_0.updated_at,
        s1_0.user_id,
        s1_0.version 
    from
        subscription s1_0 
    where
        s1_0.user_id=? 
        and s1_0.tenant_id=? 
        and s1_0.status in ('ACTIVE', 'PAST_DUE')
2026-01-31 18:31:21 - 
    select
        s1_0.id,
        s1_0.canceled_at,
        s1_0.created_at,
        s1_0.next_billing_date,
        s1_0.plan_id,
        s1_0.start_date,
        s1_0.status,
        s1_0.tenant_id,
        s1_0.updated_at,
        s1_0.user_id,
        s1_0.version 
    from
        subscription s1_0
Hibernate: 
    select
        s1_0.id,
        s1_0.canceled_at,
        s1_0.created_at,
        s1_0.next_billing_date,
        s1_0.plan_id,
        s1_0.start_date,
        s1_0.status,
        s1_0.tenant_id,
        s1_0.updated_at,
        s1_0.user_id,
        s1_0.version 
    from
        subscription s1_0
2026-01-31 18:31:21 - 
    select
        bp1_0.id,
        bp1_0.billing_cycle,
        bp1_0.created_at,
        bp1_0.deleted,
        bp1_0.description,
        bp1_0.is_active,
        bp1_0.name,
        bp1_0.price,
        bp1_0.updated_at 
    from
        billing_plan bp1_0
Hibernate: 
    select
        bp1_0.id,
        bp1_0.billing_cycle,
        bp1_0.created_at,
        bp1_0.deleted,
        bp1_0.description,
        bp1_0.is_active,
        bp1_0.name,
        bp1_0.price,
        bp1_0.updated_at 
    from
        billing_plan bp1_0
2026-01-31 18:31:21 - 
    insert 
    into
        billing_plan
        (billing_cycle, created_at, deleted, description, is_active, name, price, updated_at, id) 
    values
        (?, ?, ?, ?, ?, ?, ?, ?, ?)
Hibernate: 
    insert 
    into
        billing_plan
        (billing_cycle, created_at, deleted, description, is_active, name, price, updated_at, id) 
    values
        (?, ?, ?, ?, ?, ?, ?, ?, ?)
2026-01-31 18:31:21 - 
    insert 
    into
        subscription
        (canceled_at, created_at, next_billing_date, plan_id, start_date, status, tenant_id, updated_at, user_id, version, id) 
    values
        (?, ?, ?, ?, ?, ?, ?, ?, ?, ?, ?)
Hibernate: 
    insert 
    into
        subscription
        (canceled_at, created_at, next_billing_date, plan_id, start_date, status, tenant_id, updated_at, user_id, version, id) 
    values
        (?, ?, ?, ?, ?, ?, ?, ?, ?, ?, ?)
2026-01-31 18:31:21 - 
    select
        s1_0.id,
        s1_0.canceled_at,
        s1_0.created_at,
        s1_0.next_billing_date,
        s1_0.plan_id,
        s1_0.start_date,
        s1_0.status,
        s1_0.tenant_id,
        s1_0.updated_at,
        s1_0.user_id,
        s1_0.version 
    from
        subscription s1_0 
    where
        s1_0.user_id=? 
        and s1_0.tenant_id=? 
        and s1_0.status in ('ACTIVE', 'PAST_DUE')
Hibernate: 
    select
        s1_0.id,
        s1_0.canceled_at,
        s1_0.created_at,
        s1_0.next_billing_date,
        s1_0.plan_id,
        s1_0.start_date,
        s1_0.status,
        s1_0.tenant_id,
        s1_0.updated_at,
        s1_0.user_id,
        s1_0.version 
    from
        subscription s1_0 
    where
        s1_0.user_id=? 
        and s1_0.tenant_id=? 
        and s1_0.status in ('ACTIVE', 'PAST_DUE')
[ERROR] Tests run: 11, Failures: 5, Errors: 0, Skipped: 0, Time elapsed: 0.334 s <<< FAILURE! -- in org.gb.billing.repository.SubscriptionRepositoryTest
[ERROR] org.gb.billing.repository.SubscriptionRepositoryTest.shouldFindSubscriptionsByStatus -- Time elapsed: 0.067 s <<< FAILURE!
java.lang.AssertionError: 

Expected size: 1 but was: 2 in:
[Subscription{id=e8fdb591-a3fa-49f7-a8ae-0ea0a8257336, userId=101, tenantId=1, status=ACTIVE, startDate=2026-01-31T13:01:21.438111Z, nextBillingDate=2026-02-27T18:30:00Z},
    Subscription{id=de2eb77a-75c7-4120-abb1-815d89c76e5d, userId=102, tenantId=1, status=ACTIVE, startDate=2026-01-31T13:01:21.438111Z, nextBillingDate=2026-02-27T18:30:00Z}]
	at org.gb.billing.repository.SubscriptionRepositoryTest.shouldFindSubscriptionsByStatus(SubscriptionRepositoryTest.java:173)
	at java.base/java.lang.reflect.Method.invoke(Method.java:569)
	at java.base/java.util.ArrayList.forEach(ArrayList.java:1511)
	at java.base/java.util.ArrayList.forEach(ArrayList.java:1511)

[ERROR] org.gb.billing.repository.SubscriptionRepositoryTest.shouldCountSubscriptionsByStatus -- Time elapsed: 0.028 s <<< FAILURE!
java.lang.AssertionError: 

Expected size: 2 but was: 1 in:
[[ACTIVE, 2L]]
	at org.gb.billing.repository.SubscriptionRepositoryTest.shouldCountSubscriptionsByStatus(SubscriptionRepositoryTest.java:209)
	at java.base/java.lang.reflect.Method.invoke(Method.java:569)
	at java.base/java.util.ArrayList.forEach(ArrayList.java:1511)
	at java.base/java.util.ArrayList.forEach(ArrayList.java:1511)

[ERROR] org.gb.billing.repository.SubscriptionRepositoryTest.shouldFindPastDueSubscriptionForUser -- Time elapsed: 0.035 s <<< FAILURE!
org.opentest4j.AssertionFailedError: 

expected: PAST_DUE
 but was: ACTIVE
	at java.base/jdk.internal.reflect.NativeConstructorAccessorImpl.newInstance0(Native Method)
	at java.base/jdk.internal.reflect.NativeConstructorAccessorImpl.newInstance(NativeConstructorAccessorImpl.java:77)
	at java.base/jdk.internal.reflect.DelegatingConstructorAccessorImpl.newInstance(DelegatingConstructorAccessorImpl.java:45)
	at java.base/java.lang.reflect.Constructor.newInstanceWithCaller(Constructor.java:500)
	at org.gb.billing.repository.SubscriptionRepositoryTest.shouldFindPastDueSubscriptionForUser(SubscriptionRepositoryTest.java:109)
	at java.base/java.lang.reflect.Method.invoke(Method.java:569)
	at java.base/java.util.ArrayList.forEach(ArrayList.java:1511)
	at java.base/java.util.ArrayList.forEach(ArrayList.java:1511)

[ERROR] org.gb.billing.repository.SubscriptionRepositoryTest.shouldCountActiveSubscriptionsByPlan -- Time elapsed: 0.021 s <<< FAILURE!
org.opentest4j.AssertionFailedError: 

expected: 2L
 but was: 3L
	at java.base/jdk.internal.reflect.NativeConstructorAccessorImpl.newInstance0(Native Method)
	at java.base/jdk.internal.reflect.NativeConstructorAccessorImpl.newInstance(NativeConstructorAccessorImpl.java:77)
	at java.base/jdk.internal.reflect.DelegatingConstructorAccessorImpl.newInstance(DelegatingConstructorAccessorImpl.java:45)
	at java.base/java.lang.reflect.Constructor.newInstanceWithCaller(Constructor.java:500)
	at org.gb.billing.repository.SubscriptionRepositoryTest.shouldCountActiveSubscriptionsByPlan(SubscriptionRepositoryTest.java:156)
	at java.base/java.lang.reflect.Method.invoke(Method.java:569)
	at java.base/java.util.ArrayList.forEach(ArrayList.java:1511)
	at java.base/java.util.ArrayList.forEach(ArrayList.java:1511)

[ERROR] org.gb.billing.repository.SubscriptionRepositoryTest.shouldNotFindCanceledSubscriptionForUser -- Time elapsed: 0.019 s <<< FAILURE!
java.lang.AssertionError: 

Expecting an empty Optional but was containing value: Subscription{id=f4279209-b583-442a-a17f-911a93d9a990, userId=101, tenantId=1, status=ACTIVE, startDate=2026-01-31T13:01:21.707807300Z, nextBillingDate=null}
	at org.gb.billing.repository.SubscriptionRepositoryTest.shouldNotFindCanceledSubscriptionForUser(SubscriptionRepositoryTest.java:123)
	at java.base/java.lang.reflect.Method.invoke(Method.java:569)
	at java.base/java.util.ArrayList.forEach(ArrayList.java:1511)
	at java.base/java.util.ArrayList.forEach(ArrayList.java:1511)

[INFO] Running org.gb.billing.repository.TenantRepositoryTest
2026-01-31 18:31:21 - 
    insert 
    into
        tenants
        (active, created_date, last_modified_date, name, id) 
    values
        (?, ?, ?, ?, default)
Hibernate: 
    insert 
    into
        tenants
        (active, created_date, last_modified_date, name, id) 
    values
        (?, ?, ?, ?, default)
2026-01-31 18:31:21 - 
    insert 
    into
        tenants
        (active, created_date, last_modified_date, name, id) 
    values
        (?, ?, ?, ?, default)
Hibernate: 
    insert 
    into
        tenants
        (active, created_date, last_modified_date, name, id) 
    values
        (?, ?, ?, ?, default)
2026-01-31 18:31:21 - 
    insert 
    into
        tenants
        (active, created_date, last_modified_date, name, id) 
    values
        (?, ?, ?, ?, default)
Hibernate: 
    insert 
    into
        tenants
        (active, created_date, last_modified_date, name, id) 
    values
        (?, ?, ?, ?, default)
2026-01-31 18:31:21 - SQL Error: 23505, SQLState: 23505
2026-01-31 18:31:21 - Unique index or primary key violation: "PUBLIC.CONSTRAINT_INDEX_D ON PUBLIC.TENANTS(NAME NULLS FIRST) VALUES ( /* 2 */ 'Duplicate Corp' )"; SQL statement:
insert into tenants (active,created_date,last_modified_date,name,id) values (?,?,?,?,default) [23505-224]
2026-01-31 18:31:21 - 
    insert 
    into
        tenants
        (active, created_date, last_modified_date, name, id) 
    values
        (?, ?, ?, ?, default)
Hibernate: 
    insert 
    into
        tenants
        (active, created_date, last_modified_date, name, id) 
    values
        (?, ?, ?, ?, default)
2026-01-31 18:31:21 - 
    select
        t1_0.id,
        t1_0.active,
        t1_0.created_date,
        t1_0.last_modified_date,
        t1_0.name 
    from
        tenants t1_0 
    where
        t1_0.name=?
Hibernate: 
    select
        t1_0.id,
        t1_0.active,
        t1_0.created_date,
        t1_0.last_modified_date,
        t1_0.name 
    from
        tenants t1_0 
    where
        t1_0.name=?
2026-01-31 18:31:21 - 
    select
        t1_0.id,
        t1_0.active,
        t1_0.created_date,
        t1_0.last_modified_date,
        t1_0.name 
    from
        tenants t1_0 
    where
        t1_0.name=?
Hibernate: 
    select
        t1_0.id,
        t1_0.active,
        t1_0.created_date,
        t1_0.last_modified_date,
        t1_0.name 
    from
        tenants t1_0 
    where
        t1_0.name=?
[INFO] Tests run: 4, Failures: 0, Errors: 0, Skipped: 0, Time elapsed: 0.088 s -- in org.gb.billing.repository.TenantRepositoryTest
[INFO] Running org.gb.billing.repository.UserRepositoryTest
2026-01-31 18:31:21 - 
    select
        u1_0.id,
        u1_0.active,
        u1_0.created_date,
        u1_0.email,
        u1_0.first_name,
        u1_0.last_login_date,
        u1_0.last_modified_date,
        u1_0.last_name,
        u1_0.password,
        u1_0.role,
        u1_0.tenant_id,
        u1_0.version 
    from
        users u1_0 
    where
        u1_0.email=?
Hibernate: 
    select
        u1_0.id,
        u1_0.active,
        u1_0.created_date,
        u1_0.email,
        u1_0.first_name,
        u1_0.last_login_date,
        u1_0.last_modified_date,
        u1_0.last_name,
        u1_0.password,
        u1_0.role,
        u1_0.tenant_id,
        u1_0.version 
    from
        users u1_0 
    where
        u1_0.email=?
[ERROR] Tests run: 5, Failures: 0, Errors: 4, Skipped: 0, Time elapsed: 0.060 s <<< FAILURE! -- in org.gb.billing.repository.UserRepositoryTest
[ERROR] org.gb.billing.repository.UserRepositoryTest.testOptimisticLocking_VersionIncrement -- Time elapsed: 0.009 s <<< ERROR!
jakarta.validation.ConstraintViolationException: 
Validation failed for classes [org.gb.billing.entity.User] during persist time for groups [jakarta.validation.groups.Default, ]
List of constraint violations:[
	ConstraintViolationImpl{interpolatedMessage='Password must be BCrypt-hashed (60 characters)', propertyPath=password, rootBeanClass=class org.gb.billing.entity.User, messageTemplate='Password must be BCrypt-hashed (60 characters)'}
]
	at org.hibernate.boot.beanvalidation.BeanValidationEventListener.validate(BeanValidationEventListener.java:151)
	at org.hibernate.boot.beanvalidation.BeanValidationEventListener.onPreInsert(BeanValidationEventListener.java:81)
	at org.hibernate.action.internal.EntityIdentityInsertAction.preInsert(EntityIdentityInsertAction.java:186)
	at org.hibernate.action.internal.EntityIdentityInsertAction.execute(EntityIdentityInsertAction.java:75)
	at org.hibernate.engine.spi.ActionQueue.execute(ActionQueue.java:670)
	at org.hibernate.engine.spi.ActionQueue.addResolvedEntityInsertAction(ActionQueue.java:291)
	at org.hibernate.engine.spi.ActionQueue.addInsertAction(ActionQueue.java:272)
	at org.hibernate.engine.spi.ActionQueue.addAction(ActionQueue.java:322)
	at org.hibernate.event.internal.AbstractSaveEventListener.addInsertAction(AbstractSaveEventListener.java:386)
	at org.hibernate.event.internal.AbstractSaveEventListener.performSaveOrReplicate(AbstractSaveEventListener.java:300)
	at org.hibernate.event.internal.AbstractSaveEventListener.performSave(AbstractSaveEventListener.java:219)
	at org.hibernate.event.internal.AbstractSaveEventListener.saveWithGeneratedId(AbstractSaveEventListener.java:134)
	at org.hibernate.event.internal.DefaultMergeEventListener.saveTransientEntity(DefaultMergeEventListener.java:315)
	at org.hibernate.event.internal.DefaultMergeEventListener.entityIsTransient(DefaultMergeEventListener.java:234)
	at org.hibernate.event.internal.DefaultMergeEventListener.merge(DefaultMergeEventListener.java:153)
	at org.hibernate.event.internal.DefaultMergeEventListener.doMerge(DefaultMergeEventListener.java:143)
	at org.hibernate.event.internal.DefaultMergeEventListener.onMerge(DefaultMergeEventListener.java:127)
	at org.hibernate.event.internal.DefaultMergeEventListener.onMerge(DefaultMergeEventListener.java:81)
	at org.hibernate.event.service.internal.EventListenerGroupImpl.fireEventOnEachListener(EventListenerGroupImpl.java:127)
	at org.hibernate.internal.SessionImpl.fireMerge(SessionImpl.java:867)
	at org.hibernate.internal.SessionImpl.merge(SessionImpl.java:853)
	at jdk.internal.reflect.GeneratedMethodAccessor82.invoke(Unknown Source)
	at java.base/jdk.internal.reflect.DelegatingMethodAccessorImpl.invoke(DelegatingMethodAccessorImpl.java:43)
	at java.base/java.lang.reflect.Method.invoke(Method.java:569)
	at org.springframework.orm.jpa.SharedEntityManagerCreator$SharedEntityManagerInvocationHandler.invoke(SharedEntityManagerCreator.java:319)
	at jdk.proxy2/jdk.proxy2.$Proxy200.merge(Unknown Source)
	at org.springframework.data.jpa.repository.support.SimpleJpaRepository.save(SimpleJpaRepository.java:621)
	at jdk.internal.reflect.GeneratedMethodAccessor74.invoke(Unknown Source)
	at java.base/jdk.internal.reflect.DelegatingMethodAccessorImpl.invoke(DelegatingMethodAccessorImpl.java:43)
	at java.base/java.lang.reflect.Method.invoke(Method.java:569)
	at org.springframework.aop.support.AopUtils.invokeJoinpointUsingReflection(AopUtils.java:351)
	at org.springframework.data.repository.core.support.RepositoryMethodInvoker$RepositoryFragmentMethodInvoker.lambda$new$0(RepositoryMethodInvoker.java:277)
	at org.springframework.data.repository.core.support.RepositoryMethodInvoker.doInvoke(RepositoryMethodInvoker.java:170)
	at org.springframework.data.repository.core.support.RepositoryMethodInvoker.invoke(RepositoryMethodInvoker.java:158)
	at org.springframework.data.repository.core.support.RepositoryComposition$RepositoryFragments.invoke(RepositoryComposition.java:516)
	at org.springframework.data.repository.core.support.RepositoryComposition.invoke(RepositoryComposition.java:285)
	at org.springframework.data.repository.core.support.RepositoryFactorySupport$ImplementationMethodExecutionInterceptor.invoke(RepositoryFactorySupport.java:628)
	at org.springframework.aop.framework.ReflectiveMethodInvocation.proceed(ReflectiveMethodInvocation.java:184)
	at org.springframework.data.repository.core.support.QueryExecutorMethodInterceptor.doInvoke(QueryExecutorMethodInterceptor.java:168)
	at org.springframework.data.repository.core.support.QueryExecutorMethodInterceptor.invoke(QueryExecutorMethodInterceptor.java:143)
	at org.springframework.aop.framework.ReflectiveMethodInvocation.proceed(ReflectiveMethodInvocation.java:184)
	at org.springframework.data.projection.DefaultMethodInvokingMethodInterceptor.invoke(DefaultMethodInvokingMethodInterceptor.java:70)
	at org.springframework.aop.framework.ReflectiveMethodInvocation.proceed(ReflectiveMethodInvocation.java:184)
	at org.springframework.transaction.interceptor.TransactionInterceptor$1.proceedWithInvocation(TransactionInterceptor.java:123)
	at org.springframework.transaction.interceptor.TransactionAspectSupport.invokeWithinTransaction(TransactionAspectSupport.java:385)
	at org.springframework.transaction.interceptor.TransactionInterceptor.invoke(TransactionInterceptor.java:119)
	at org.springframework.aop.framework.ReflectiveMethodInvocation.proceed(ReflectiveMethodInvocation.java:184)
	at org.springframework.dao.support.PersistenceExceptionTranslationInterceptor.invoke(PersistenceExceptionTranslationInterceptor.java:137)
	at org.springframework.aop.framework.ReflectiveMethodInvocation.proceed(ReflectiveMethodInvocation.java:184)
	at org.springframework.data.jpa.repository.support.CrudMethodMetadataPostProcessor$CrudMethodMetadataPopulatingMethodInterceptor.invoke(CrudMethodMetadataPostProcessor.java:164)
	at org.springframework.aop.framework.ReflectiveMethodInvocation.proceed(ReflectiveMethodInvocation.java:184)
	at org.springframework.aop.interceptor.ExposeInvocationInterceptor.invoke(ExposeInvocationInterceptor.java:97)
	at org.springframework.aop.framework.ReflectiveMethodInvocation.proceed(ReflectiveMethodInvocation.java:184)
	at org.springframework.aop.framework.JdkDynamicAopProxy.invoke(JdkDynamicAopProxy.java:220)
	at jdk.proxy2/jdk.proxy2.$Proxy215.save(Unknown Source)
	at org.gb.billing.repository.UserRepositoryTest.testOptimisticLocking_VersionIncrement(UserRepositoryTest.java:77)
	at java.base/java.lang.reflect.Method.invoke(Method.java:569)
	at java.base/java.util.ArrayList.forEach(ArrayList.java:1511)
	at java.base/java.util.ArrayList.forEach(ArrayList.java:1511)

[ERROR] org.gb.billing.repository.UserRepositoryTest.testSave_DuplicateEmail -- Time elapsed: 0.008 s <<< ERROR!
jakarta.validation.ConstraintViolationException: 
Validation failed for classes [org.gb.billing.entity.User] during persist time for groups [jakarta.validation.groups.Default, ]
List of constraint violations:[
	ConstraintViolationImpl{interpolatedMessage='Password must be BCrypt-hashed (60 characters)', propertyPath=password, rootBeanClass=class org.gb.billing.entity.User, messageTemplate='Password must be BCrypt-hashed (60 characters)'}
]
	at org.hibernate.boot.beanvalidation.BeanValidationEventListener.validate(BeanValidationEventListener.java:151)
	at org.hibernate.boot.beanvalidation.BeanValidationEventListener.onPreInsert(BeanValidationEventListener.java:81)
	at org.hibernate.action.internal.EntityIdentityInsertAction.preInsert(EntityIdentityInsertAction.java:186)
	at org.hibernate.action.internal.EntityIdentityInsertAction.execute(EntityIdentityInsertAction.java:75)
	at org.hibernate.engine.spi.ActionQueue.execute(ActionQueue.java:670)
	at org.hibernate.engine.spi.ActionQueue.addResolvedEntityInsertAction(ActionQueue.java:291)
	at org.hibernate.engine.spi.ActionQueue.addInsertAction(ActionQueue.java:272)
	at org.hibernate.engine.spi.ActionQueue.addAction(ActionQueue.java:322)
	at org.hibernate.event.internal.AbstractSaveEventListener.addInsertAction(AbstractSaveEventListener.java:386)
	at org.hibernate.event.internal.AbstractSaveEventListener.performSaveOrReplicate(AbstractSaveEventListener.java:300)
	at org.hibernate.event.internal.AbstractSaveEventListener.performSave(AbstractSaveEventListener.java:219)
	at org.hibernate.event.internal.AbstractSaveEventListener.saveWithGeneratedId(AbstractSaveEventListener.java:134)
	at org.hibernate.event.internal.DefaultMergeEventListener.saveTransientEntity(DefaultMergeEventListener.java:315)
	at org.hibernate.event.internal.DefaultMergeEventListener.entityIsTransient(DefaultMergeEventListener.java:234)
	at org.hibernate.event.internal.DefaultMergeEventListener.merge(DefaultMergeEventListener.java:153)
	at org.hibernate.event.internal.DefaultMergeEventListener.doMerge(DefaultMergeEventListener.java:143)
	at org.hibernate.event.internal.DefaultMergeEventListener.onMerge(DefaultMergeEventListener.java:127)
	at org.hibernate.event.internal.DefaultMergeEventListener.onMerge(DefaultMergeEventListener.java:81)
	at org.hibernate.event.service.internal.EventListenerGroupImpl.fireEventOnEachListener(EventListenerGroupImpl.java:127)
	at org.hibernate.internal.SessionImpl.fireMerge(SessionImpl.java:867)
	at org.hibernate.internal.SessionImpl.merge(SessionImpl.java:853)
	at jdk.internal.reflect.GeneratedMethodAccessor82.invoke(Unknown Source)
	at java.base/jdk.internal.reflect.DelegatingMethodAccessorImpl.invoke(DelegatingMethodAccessorImpl.java:43)
	at java.base/java.lang.reflect.Method.invoke(Method.java:569)
	at org.springframework.orm.jpa.SharedEntityManagerCreator$SharedEntityManagerInvocationHandler.invoke(SharedEntityManagerCreator.java:319)
	at jdk.proxy2/jdk.proxy2.$Proxy200.merge(Unknown Source)
	at org.springframework.data.jpa.repository.support.SimpleJpaRepository.save(SimpleJpaRepository.java:621)
	at jdk.internal.reflect.GeneratedMethodAccessor74.invoke(Unknown Source)
	at java.base/jdk.internal.reflect.DelegatingMethodAccessorImpl.invoke(DelegatingMethodAccessorImpl.java:43)
	at java.base/java.lang.reflect.Method.invoke(Method.java:569)
	at org.springframework.aop.support.AopUtils.invokeJoinpointUsingReflection(AopUtils.java:351)
	at org.springframework.data.repository.core.support.RepositoryMethodInvoker$RepositoryFragmentMethodInvoker.lambda$new$0(RepositoryMethodInvoker.java:277)
	at org.springframework.data.repository.core.support.RepositoryMethodInvoker.doInvoke(RepositoryMethodInvoker.java:170)
	at org.springframework.data.repository.core.support.RepositoryMethodInvoker.invoke(RepositoryMethodInvoker.java:158)
	at org.springframework.data.repository.core.support.RepositoryComposition$RepositoryFragments.invoke(RepositoryComposition.java:516)
	at org.springframework.data.repository.core.support.RepositoryComposition.invoke(RepositoryComposition.java:285)
	at org.springframework.data.repository.core.support.RepositoryFactorySupport$ImplementationMethodExecutionInterceptor.invoke(RepositoryFactorySupport.java:628)
	at org.springframework.aop.framework.ReflectiveMethodInvocation.proceed(ReflectiveMethodInvocation.java:184)
	at org.springframework.data.repository.core.support.QueryExecutorMethodInterceptor.doInvoke(QueryExecutorMethodInterceptor.java:168)
	at org.springframework.data.repository.core.support.QueryExecutorMethodInterceptor.invoke(QueryExecutorMethodInterceptor.java:143)
	at org.springframework.aop.framework.ReflectiveMethodInvocation.proceed(ReflectiveMethodInvocation.java:184)
	at org.springframework.data.projection.DefaultMethodInvokingMethodInterceptor.invoke(DefaultMethodInvokingMethodInterceptor.java:70)
	at org.springframework.aop.framework.ReflectiveMethodInvocation.proceed(ReflectiveMethodInvocation.java:184)
	at org.springframework.transaction.interceptor.TransactionInterceptor$1.proceedWithInvocation(TransactionInterceptor.java:123)
	at org.springframework.transaction.interceptor.TransactionAspectSupport.invokeWithinTransaction(TransactionAspectSupport.java:385)
	at org.springframework.transaction.interceptor.TransactionInterceptor.invoke(TransactionInterceptor.java:119)
	at org.springframework.aop.framework.ReflectiveMethodInvocation.proceed(ReflectiveMethodInvocation.java:184)
	at org.springframework.dao.support.PersistenceExceptionTranslationInterceptor.invoke(PersistenceExceptionTranslationInterceptor.java:137)
	at org.springframework.aop.framework.ReflectiveMethodInvocation.proceed(ReflectiveMethodInvocation.java:184)
	at org.springframework.data.jpa.repository.support.CrudMethodMetadataPostProcessor$CrudMethodMetadataPopulatingMethodInterceptor.invoke(CrudMethodMetadataPostProcessor.java:164)
	at org.springframework.aop.framework.ReflectiveMethodInvocation.proceed(ReflectiveMethodInvocation.java:184)
	at org.springframework.aop.interceptor.ExposeInvocationInterceptor.invoke(ExposeInvocationInterceptor.java:97)
	at org.springframework.aop.framework.ReflectiveMethodInvocation.proceed(ReflectiveMethodInvocation.java:184)
	at org.springframework.aop.framework.JdkDynamicAopProxy.invoke(JdkDynamicAopProxy.java:220)
	at jdk.proxy2/jdk.proxy2.$Proxy215.save(Unknown Source)
	at org.gb.billing.repository.UserRepositoryTest.testSave_DuplicateEmail(UserRepositoryTest.java:61)
	at java.base/java.lang.reflect.Method.invoke(Method.java:569)
	at java.base/java.util.ArrayList.forEach(ArrayList.java:1511)
	at java.base/java.util.ArrayList.forEach(ArrayList.java:1511)

[ERROR] org.gb.billing.repository.UserRepositoryTest.testSave_AllFields -- Time elapsed: 0.005 s <<< ERROR!
jakarta.validation.ConstraintViolationException: 
Validation failed for classes [org.gb.billing.entity.User] during persist time for groups [jakarta.validation.groups.Default, ]
List of constraint violations:[
	ConstraintViolationImpl{interpolatedMessage='Password must be BCrypt-hashed (60 characters)', propertyPath=password, rootBeanClass=class org.gb.billing.entity.User, messageTemplate='Password must be BCrypt-hashed (60 characters)'}
]
	at org.hibernate.boot.beanvalidation.BeanValidationEventListener.validate(BeanValidationEventListener.java:151)
	at org.hibernate.boot.beanvalidation.BeanValidationEventListener.onPreInsert(BeanValidationEventListener.java:81)
	at org.hibernate.action.internal.EntityIdentityInsertAction.preInsert(EntityIdentityInsertAction.java:186)
	at org.hibernate.action.internal.EntityIdentityInsertAction.execute(EntityIdentityInsertAction.java:75)
	at org.hibernate.engine.spi.ActionQueue.execute(ActionQueue.java:670)
	at org.hibernate.engine.spi.ActionQueue.addResolvedEntityInsertAction(ActionQueue.java:291)
	at org.hibernate.engine.spi.ActionQueue.addInsertAction(ActionQueue.java:272)
	at org.hibernate.engine.spi.ActionQueue.addAction(ActionQueue.java:322)
	at org.hibernate.event.internal.AbstractSaveEventListener.addInsertAction(AbstractSaveEventListener.java:386)
	at org.hibernate.event.internal.AbstractSaveEventListener.performSaveOrReplicate(AbstractSaveEventListener.java:300)
	at org.hibernate.event.internal.AbstractSaveEventListener.performSave(AbstractSaveEventListener.java:219)
	at org.hibernate.event.internal.AbstractSaveEventListener.saveWithGeneratedId(AbstractSaveEventListener.java:134)
	at org.hibernate.event.internal.DefaultMergeEventListener.saveTransientEntity(DefaultMergeEventListener.java:315)
	at org.hibernate.event.internal.DefaultMergeEventListener.entityIsTransient(DefaultMergeEventListener.java:234)
	at org.hibernate.event.internal.DefaultMergeEventListener.merge(DefaultMergeEventListener.java:153)
	at org.hibernate.event.internal.DefaultMergeEventListener.doMerge(DefaultMergeEventListener.java:143)
	at org.hibernate.event.internal.DefaultMergeEventListener.onMerge(DefaultMergeEventListener.java:127)
	at org.hibernate.event.internal.DefaultMergeEventListener.onMerge(DefaultMergeEventListener.java:81)
	at org.hibernate.event.service.internal.EventListenerGroupImpl.fireEventOnEachListener(EventListenerGroupImpl.java:127)
	at org.hibernate.internal.SessionImpl.fireMerge(SessionImpl.java:867)
	at org.hibernate.internal.SessionImpl.merge(SessionImpl.java:853)
	at jdk.internal.reflect.GeneratedMethodAccessor82.invoke(Unknown Source)
	at java.base/jdk.internal.reflect.DelegatingMethodAccessorImpl.invoke(DelegatingMethodAccessorImpl.java:43)
	at java.base/java.lang.reflect.Method.invoke(Method.java:569)
	at org.springframework.orm.jpa.SharedEntityManagerCreator$SharedEntityManagerInvocationHandler.invoke(SharedEntityManagerCreator.java:319)
	at jdk.proxy2/jdk.proxy2.$Proxy200.merge(Unknown Source)
	at org.springframework.data.jpa.repository.support.SimpleJpaRepository.save(SimpleJpaRepository.java:621)
	at jdk.internal.reflect.GeneratedMethodAccessor74.invoke(Unknown Source)
	at java.base/jdk.internal.reflect.DelegatingMethodAccessorImpl.invoke(DelegatingMethodAccessorImpl.java:43)
	at java.base/java.lang.reflect.Method.invoke(Method.java:569)
	at org.springframework.aop.support.AopUtils.invokeJoinpointUsingReflection(AopUtils.java:351)
	at org.springframework.data.repository.core.support.RepositoryMethodInvoker$RepositoryFragmentMethodInvoker.lambda$new$0(RepositoryMethodInvoker.java:277)
	at org.springframework.data.repository.core.support.RepositoryMethodInvoker.doInvoke(RepositoryMethodInvoker.java:170)
	at org.springframework.data.repository.core.support.RepositoryMethodInvoker.invoke(RepositoryMethodInvoker.java:158)
	at org.springframework.data.repository.core.support.RepositoryComposition$RepositoryFragments.invoke(RepositoryComposition.java:516)
	at org.springframework.data.repository.core.support.RepositoryComposition.invoke(RepositoryComposition.java:285)
	at org.springframework.data.repository.core.support.RepositoryFactorySupport$ImplementationMethodExecutionInterceptor.invoke(RepositoryFactorySupport.java:628)
	at org.springframework.aop.framework.ReflectiveMethodInvocation.proceed(ReflectiveMethodInvocation.java:184)
	at org.springframework.data.repository.core.support.QueryExecutorMethodInterceptor.doInvoke(QueryExecutorMethodInterceptor.java:168)
	at org.springframework.data.repository.core.support.QueryExecutorMethodInterceptor.invoke(QueryExecutorMethodInterceptor.java:143)
	at org.springframework.aop.framework.ReflectiveMethodInvocation.proceed(ReflectiveMethodInvocation.java:184)
	at org.springframework.data.projection.DefaultMethodInvokingMethodInterceptor.invoke(DefaultMethodInvokingMethodInterceptor.java:70)
	at org.springframework.aop.framework.ReflectiveMethodInvocation.proceed(ReflectiveMethodInvocation.java:184)
	at org.springframework.transaction.interceptor.TransactionInterceptor$1.proceedWithInvocation(TransactionInterceptor.java:123)
	at org.springframework.transaction.interceptor.TransactionAspectSupport.invokeWithinTransaction(TransactionAspectSupport.java:385)
	at org.springframework.transaction.interceptor.TransactionInterceptor.invoke(TransactionInterceptor.java:119)
	at org.springframework.aop.framework.ReflectiveMethodInvocation.proceed(ReflectiveMethodInvocation.java:184)
	at org.springframework.dao.support.PersistenceExceptionTranslationInterceptor.invoke(PersistenceExceptionTranslationInterceptor.java:137)
	at org.springframework.aop.framework.ReflectiveMethodInvocation.proceed(ReflectiveMethodInvocation.java:184)
	at org.springframework.data.jpa.repository.support.CrudMethodMetadataPostProcessor$CrudMethodMetadataPopulatingMethodInterceptor.invoke(CrudMethodMetadataPostProcessor.java:164)
	at org.springframework.aop.framework.ReflectiveMethodInvocation.proceed(ReflectiveMethodInvocation.java:184)
	at org.springframework.aop.interceptor.ExposeInvocationInterceptor.invoke(ExposeInvocationInterceptor.java:97)
	at org.springframework.aop.framework.ReflectiveMethodInvocation.proceed(ReflectiveMethodInvocation.java:184)
	at org.springframework.aop.framework.JdkDynamicAopProxy.invoke(JdkDynamicAopProxy.java:220)
	at jdk.proxy2/jdk.proxy2.$Proxy215.save(Unknown Source)
	at org.gb.billing.repository.UserRepositoryTest.testSave_AllFields(UserRepositoryTest.java:98)
	at java.base/java.lang.reflect.Method.invoke(Method.java:569)
	at java.base/java.util.ArrayList.forEach(ArrayList.java:1511)
	at java.base/java.util.ArrayList.forEach(ArrayList.java:1511)

[ERROR] org.gb.billing.repository.UserRepositoryTest.testFindByEmail_UserExists -- Time elapsed: 0.007 s <<< ERROR!
jakarta.validation.ConstraintViolationException: 
Validation failed for classes [org.gb.billing.entity.User] during persist time for groups [jakarta.validation.groups.Default, ]
List of constraint violations:[
	ConstraintViolationImpl{interpolatedMessage='Password must be BCrypt-hashed (60 characters)', propertyPath=password, rootBeanClass=class org.gb.billing.entity.User, messageTemplate='Password must be BCrypt-hashed (60 characters)'}
]
	at org.hibernate.boot.beanvalidation.BeanValidationEventListener.validate(BeanValidationEventListener.java:151)
	at org.hibernate.boot.beanvalidation.BeanValidationEventListener.onPreInsert(BeanValidationEventListener.java:81)
	at org.hibernate.action.internal.EntityIdentityInsertAction.preInsert(EntityIdentityInsertAction.java:186)
	at org.hibernate.action.internal.EntityIdentityInsertAction.execute(EntityIdentityInsertAction.java:75)
	at org.hibernate.engine.spi.ActionQueue.execute(ActionQueue.java:670)
	at org.hibernate.engine.spi.ActionQueue.addResolvedEntityInsertAction(ActionQueue.java:291)
	at org.hibernate.engine.spi.ActionQueue.addInsertAction(ActionQueue.java:272)
	at org.hibernate.engine.spi.ActionQueue.addAction(ActionQueue.java:322)
	at org.hibernate.event.internal.AbstractSaveEventListener.addInsertAction(AbstractSaveEventListener.java:386)
	at org.hibernate.event.internal.AbstractSaveEventListener.performSaveOrReplicate(AbstractSaveEventListener.java:300)
	at org.hibernate.event.internal.AbstractSaveEventListener.performSave(AbstractSaveEventListener.java:219)
	at org.hibernate.event.internal.AbstractSaveEventListener.saveWithGeneratedId(AbstractSaveEventListener.java:134)
	at org.hibernate.event.internal.DefaultMergeEventListener.saveTransientEntity(DefaultMergeEventListener.java:315)
	at org.hibernate.event.internal.DefaultMergeEventListener.entityIsTransient(DefaultMergeEventListener.java:234)
	at org.hibernate.event.internal.DefaultMergeEventListener.merge(DefaultMergeEventListener.java:153)
	at org.hibernate.event.internal.DefaultMergeEventListener.doMerge(DefaultMergeEventListener.java:143)
	at org.hibernate.event.internal.DefaultMergeEventListener.onMerge(DefaultMergeEventListener.java:127)
	at org.hibernate.event.internal.DefaultMergeEventListener.onMerge(DefaultMergeEventListener.java:81)
	at org.hibernate.event.service.internal.EventListenerGroupImpl.fireEventOnEachListener(EventListenerGroupImpl.java:127)
	at org.hibernate.internal.SessionImpl.fireMerge(SessionImpl.java:867)
	at org.hibernate.internal.SessionImpl.merge(SessionImpl.java:853)
	at jdk.internal.reflect.GeneratedMethodAccessor82.invoke(Unknown Source)
	at java.base/jdk.internal.reflect.DelegatingMethodAccessorImpl.invoke(DelegatingMethodAccessorImpl.java:43)
	at java.base/java.lang.reflect.Method.invoke(Method.java:569)
	at org.springframework.orm.jpa.SharedEntityManagerCreator$SharedEntityManagerInvocationHandler.invoke(SharedEntityManagerCreator.java:319)
	at jdk.proxy2/jdk.proxy2.$Proxy200.merge(Unknown Source)
	at org.springframework.data.jpa.repository.support.SimpleJpaRepository.save(SimpleJpaRepository.java:621)
	at jdk.internal.reflect.GeneratedMethodAccessor74.invoke(Unknown Source)
	at java.base/jdk.internal.reflect.DelegatingMethodAccessorImpl.invoke(DelegatingMethodAccessorImpl.java:43)
	at java.base/java.lang.reflect.Method.invoke(Method.java:569)
	at org.springframework.aop.support.AopUtils.invokeJoinpointUsingReflection(AopUtils.java:351)
	at org.springframework.data.repository.core.support.RepositoryMethodInvoker$RepositoryFragmentMethodInvoker.lambda$new$0(RepositoryMethodInvoker.java:277)
	at org.springframework.data.repository.core.support.RepositoryMethodInvoker.doInvoke(RepositoryMethodInvoker.java:170)
	at org.springframework.data.repository.core.support.RepositoryMethodInvoker.invoke(RepositoryMethodInvoker.java:158)
	at org.springframework.data.repository.core.support.RepositoryComposition$RepositoryFragments.invoke(RepositoryComposition.java:516)
	at org.springframework.data.repository.core.support.RepositoryComposition.invoke(RepositoryComposition.java:285)
	at org.springframework.data.repository.core.support.RepositoryFactorySupport$ImplementationMethodExecutionInterceptor.invoke(RepositoryFactorySupport.java:628)
	at org.springframework.aop.framework.ReflectiveMethodInvocation.proceed(ReflectiveMethodInvocation.java:184)
	at org.springframework.data.repository.core.support.QueryExecutorMethodInterceptor.doInvoke(QueryExecutorMethodInterceptor.java:168)
	at org.springframework.data.repository.core.support.QueryExecutorMethodInterceptor.invoke(QueryExecutorMethodInterceptor.java:143)
	at org.springframework.aop.framework.ReflectiveMethodInvocation.proceed(ReflectiveMethodInvocation.java:184)
	at org.springframework.data.projection.DefaultMethodInvokingMethodInterceptor.invoke(DefaultMethodInvokingMethodInterceptor.java:70)
	at org.springframework.aop.framework.ReflectiveMethodInvocation.proceed(ReflectiveMethodInvocation.java:184)
	at org.springframework.transaction.interceptor.TransactionInterceptor$1.proceedWithInvocation(TransactionInterceptor.java:123)
	at org.springframework.transaction.interceptor.TransactionAspectSupport.invokeWithinTransaction(TransactionAspectSupport.java:385)
	at org.springframework.transaction.interceptor.TransactionInterceptor.invoke(TransactionInterceptor.java:119)
	at org.springframework.aop.framework.ReflectiveMethodInvocation.proceed(ReflectiveMethodInvocation.java:184)
	at org.springframework.dao.support.PersistenceExceptionTranslationInterceptor.invoke(PersistenceExceptionTranslationInterceptor.java:137)
	at org.springframework.aop.framework.ReflectiveMethodInvocation.proceed(ReflectiveMethodInvocation.java:184)
	at org.springframework.data.jpa.repository.support.CrudMethodMetadataPostProcessor$CrudMethodMetadataPopulatingMethodInterceptor.invoke(CrudMethodMetadataPostProcessor.java:164)
	at org.springframework.aop.framework.ReflectiveMethodInvocation.proceed(ReflectiveMethodInvocation.java:184)
	at org.springframework.aop.interceptor.ExposeInvocationInterceptor.invoke(ExposeInvocationInterceptor.java:97)
	at org.springframework.aop.framework.ReflectiveMethodInvocation.proceed(ReflectiveMethodInvocation.java:184)
	at org.springframework.aop.framework.JdkDynamicAopProxy.invoke(JdkDynamicAopProxy.java:220)
	at jdk.proxy2/jdk.proxy2.$Proxy215.save(Unknown Source)
	at org.gb.billing.repository.UserRepositoryTest.testFindByEmail_UserExists(UserRepositoryTest.java:33)
	at java.base/java.lang.reflect.Method.invoke(Method.java:569)
	at java.base/java.util.ArrayList.forEach(ArrayList.java:1511)
	at java.base/java.util.ArrayList.forEach(ArrayList.java:1511)

[INFO] Running org.gb.billing.security.JwtTokenProviderTest
2026-01-31 18:31:21 - Generated JWT token for user: admin@example.com with role: ROLE_ADMIN
2026-01-31 18:31:21 - JWT claims string is empty
2026-01-31 18:31:21 - Generated JWT token for user: admin@example.com with role: ROLE_ADMIN
2026-01-31 18:31:21 - Generated JWT token for user: admin@example.com with role: ROLE_ADMIN
2026-01-31 18:31:21 - JWT token has expired
2026-01-31 18:31:21 - Generated JWT token for user: user@example.com with role: ROLE_USER
2026-01-31 18:31:21 - Generated JWT token for user: admin@example.com with role: ROLE_ADMIN
2026-01-31 18:31:21 - Generated JWT token for user: admin@example.com with role: ROLE_ADMIN
2026-01-31 18:31:21 - Generated JWT token for user: admin@example.com with role: ROLE_USER
2026-01-31 18:31:21 - Generated JWT token for user: admin@example.com with role: ROLE_ADMIN
2026-01-31 18:31:21 - JWT validation failed: JWT signature does not match locally computed signature. JWT validity cannot be asserted and should not be trusted.
2026-01-31 18:31:21 - Invalid JWT token format
2026-01-31 18:31:21 - Generated JWT token for user: admin@example.com with role: ROLE_ADMIN
2026-01-31 18:31:21 - Generated JWT token for user: admin@example.com with role: ROLE_ADMIN
[INFO] Tests run: 12, Failures: 0, Errors: 0, Skipped: 0, Time elapsed: 0.142 s -- in org.gb.billing.security.JwtTokenProviderTest
[INFO] Running org.gb.billing.security.PasswordSecurityTest
[INFO] Tests run: 6, Failures: 0, Errors: 0, Skipped: 0, Time elapsed: 4.403 s -- in org.gb.billing.security.PasswordSecurityTest
[INFO] Running org.gb.billing.security.TenantFilterAspectTest

  .   ____          _            __ _ _
 /\\ / ___'_ __ _ _(_)_ __  __ _ \ \ \ \
( ( )\___ | '_ | '_| | '_ \/ _` | \ \ \ \
 \\/  ___)| |_)| | | | | || (_| |  ) ) ) )
  '  |____| .__|_| |_|_| |_\__, | / / / /
 =========|_|==============|___/=/_/_/_/
 :: Spring Boot ::                (v3.2.2)

2026-01-31 18:31:26 - Starting TenantFilterAspectTest using Java 17.0.17 with PID 25032 (started by rishi in C:\Users\rishi\OneDrive\Desktop\spring\billing)
2026-01-31 18:31:26 - Running with Spring Boot v3.2.2, Spring v6.1.3
2026-01-31 18:31:26 - The following 1 profile is active: "test"
2026-01-31 18:31:26 - HHH90000025: H2Dialect does not need to be specified explicitly using 'hibernate.dialect' (remove the property setting and it will be selected by default)
2026-01-31 18:31:26 - 
    drop table if exists billing_plan cascade 
Hibernate: 
    drop table if exists billing_plan cascade 
2026-01-31 18:31:26 - 
    drop table if exists feature_limit cascade 
Hibernate: 
    drop table if exists feature_limit cascade 
2026-01-31 18:31:26 - 
    drop table if exists payment cascade 
Hibernate: 
    drop table if exists payment cascade 
2026-01-31 18:31:26 - 
    drop table if exists subscription cascade 
Hibernate: 
    drop table if exists subscription cascade 
2026-01-31 18:31:26 - 
    drop table if exists subscription_transition_log cascade 
Hibernate: 
    drop table if exists subscription_transition_log cascade 
2026-01-31 18:31:26 - 
    drop table if exists tenants cascade 
Hibernate: 
    drop table if exists tenants cascade 
2026-01-31 18:31:26 - 
    drop table if exists users cascade 
Hibernate: 
    drop table if exists users cascade 
2026-01-31 18:31:26 - 
    create table billing_plan (
        deleted boolean not null,
        is_active boolean not null,
        price numeric(19,4) not null,
        created_at timestamp(6) with time zone not null,
        updated_at timestamp(6) with time zone not null,
        id uuid not null,
        billing_cycle varchar(20) not null check (billing_cycle in ('MONTHLY','YEARLY')),
        name varchar(100) not null unique,
        description TEXT,
        primary key (id)
    )
Hibernate: 
    create table billing_plan (
        deleted boolean not null,
        is_active boolean not null,
        price numeric(19,4) not null,
        created_at timestamp(6) with time zone not null,
        updated_at timestamp(6) with time zone not null,
        id uuid not null,
        billing_cycle varchar(20) not null check (billing_cycle in ('MONTHLY','YEARLY')),
        name varchar(100) not null unique,
        description TEXT,
        primary key (id)
    )
2026-01-31 18:31:26 - 
    create table feature_limit (
        limit_value integer not null,
        created_at timestamp(6) with time zone not null,
        updated_at timestamp(6) with time zone not null,
        id uuid not null,
        plan_id uuid not null,
        limit_type varchar(50) not null,
        primary key (id),
        constraint unique_plan_limit_type unique (plan_id, limit_type)
    )
Hibernate: 
    create table feature_limit (
        limit_value integer not null,
        created_at timestamp(6) with time zone not null,
        updated_at timestamp(6) with time zone not null,
        id uuid not null,
        plan_id uuid not null,
        limit_type varchar(50) not null,
        primary key (id),
        constraint unique_plan_limit_type unique (plan_id, limit_type)
    )
2026-01-31 18:31:26 - 
    create table payment (
        amount numeric(10,2) not null,
        currency varchar(3) not null,
        created_at timestamp(6) with time zone not null,
        paid_at timestamp(6) with time zone,
        tenant_id bigint not null,
        user_id bigint not null,
        id uuid not null,
        subscription_id uuid not null,
        payment_method varchar(20),
        status varchar(20) not null check (status in ('PENDING','SUCCEEDED','FAILED','REFUNDED')),
        invoice_url varchar(500),
        external_payment_id varchar(255),
        primary key (id)
    )
Hibernate: 
    create table payment (
        amount numeric(10,2) not null,
        currency varchar(3) not null,
        created_at timestamp(6) with time zone not null,
        paid_at timestamp(6) with time zone,
        tenant_id bigint not null,
        user_id bigint not null,
        id uuid not null,
        subscription_id uuid not null,
        payment_method varchar(20),
        status varchar(20) not null check (status in ('PENDING','SUCCEEDED','FAILED','REFUNDED')),
        invoice_url varchar(500),
        external_payment_id varchar(255),
        primary key (id)
    )
2026-01-31 18:31:26 - 
    create table subscription (
        version integer not null,
        canceled_at timestamp(6) with time zone,
        created_at timestamp(6) with time zone not null,
        next_billing_date timestamp(6) with time zone,
        start_date timestamp(6) with time zone not null,
        tenant_id bigint not null,
        updated_at timestamp(6) with time zone not null,
        user_id bigint not null,
        id uuid not null,
        plan_id uuid not null,
        status varchar(20) not null check (status in ('ACTIVE','PAST_DUE','CANCELED')),
        primary key (id)
    )
Hibernate: 
    create table subscription (
        version integer not null,
        canceled_at timestamp(6) with time zone,
        created_at timestamp(6) with time zone not null,
        next_billing_date timestamp(6) with time zone,
        start_date timestamp(6) with time zone not null,
        tenant_id bigint not null,
        updated_at timestamp(6) with time zone not null,
        user_id bigint not null,
        id uuid not null,
        plan_id uuid not null,
        status varchar(20) not null check (status in ('ACTIVE','PAST_DUE','CANCELED')),
        primary key (id)
    )
2026-01-31 18:31:26 - 
    create table subscription_transition_log (
        transitioned_at timestamp(6) with time zone not null,
        transitioned_by bigint,
        id uuid not null,
        subscription_id uuid not null,
        from_status varchar(20),
        to_status varchar(20) not null,
        reason varchar(255),
        primary key (id)
    )
Hibernate: 
    create table subscription_transition_log (
        transitioned_at timestamp(6) with time zone not null,
        transitioned_by bigint,
        id uuid not null,
        subscription_id uuid not null,
        from_status varchar(20),
        to_status varchar(20) not null,
        reason varchar(255),
        primary key (id)
    )
2026-01-31 18:31:26 - 
    create table tenants (
        active boolean not null,
        created_date timestamp(6) not null,
        id bigint generated by default as identity,
        last_modified_date timestamp(6) not null,
        name varchar(255) not null unique,
        primary key (id)
    )
Hibernate: 
    create table tenants (
        active boolean not null,
        created_date timestamp(6) not null,
        id bigint generated by default as identity,
        last_modified_date timestamp(6) not null,
        name varchar(255) not null unique,
        primary key (id)
    )
2026-01-31 18:31:26 - 
    create table users (
        active boolean not null,
        created_date timestamp(6) not null,
        id bigint generated by default as identity,
        last_login_date timestamp(6),
        last_modified_date timestamp(6) not null,
        tenant_id bigint,
        version bigint not null,
        role varchar(50) not null check (role in ('ROLE_ADMIN','ROLE_USER')),
        password varchar(60) not null,
        first_name varchar(100),
        last_name varchar(100),
        email varchar(255) not null unique,
        primary key (id)
    )
Hibernate: 
    create table users (
        active boolean not null,
        created_date timestamp(6) not null,
        id bigint generated by default as identity,
        last_login_date timestamp(6),
        last_modified_date timestamp(6) not null,
        tenant_id bigint,
        version bigint not null,
        role varchar(50) not null check (role in ('ROLE_ADMIN','ROLE_USER')),
        password varchar(60) not null,
        first_name varchar(100),
        last_name varchar(100),
        email varchar(255) not null unique,
        primary key (id)
    )
2026-01-31 18:31:26 - 
    create index idx_billing_plan_deleted 
       on billing_plan (deleted)
Hibernate: 
    create index idx_billing_plan_deleted 
       on billing_plan (deleted)
2026-01-31 18:31:26 - 
    create index idx_billing_plan_active 
       on billing_plan (is_active)
Hibernate: 
    create index idx_billing_plan_active 
       on billing_plan (is_active)
2026-01-31 18:31:26 - 
    create index idx_billing_plan_name 
       on billing_plan (name)
Hibernate: 
    create index idx_billing_plan_name 
       on billing_plan (name)
2026-01-31 18:31:26 - 
    create index idx_payment_subscription 
       on payment (subscription_id)
Hibernate: 
    create index idx_payment_subscription 
       on payment (subscription_id)
2026-01-31 18:31:26 - 
    create index idx_payment_tenant 
       on payment (tenant_id)
Hibernate: 
    create index idx_payment_tenant 
       on payment (tenant_id)
2026-01-31 18:31:26 - 
    create index idx_payment_status 
       on payment (status)
Hibernate: 
    create index idx_payment_status 
       on payment (status)
2026-01-31 18:31:26 - 
    create index idx_payment_external_id 
       on payment (external_payment_id)
Hibernate: 
    create index idx_payment_external_id 
       on payment (external_payment_id)
2026-01-31 18:31:26 - 
    create index idx_subscription_user_id 
       on subscription (user_id)
Hibernate: 
    create index idx_subscription_user_id 
       on subscription (user_id)
2026-01-31 18:31:26 - 
    create index idx_subscription_tenant_id 
       on subscription (tenant_id)
Hibernate: 
    create index idx_subscription_tenant_id 
       on subscription (tenant_id)
2026-01-31 18:31:26 - 
    create index idx_subscription_status 
       on subscription (status)
Hibernate: 
    create index idx_subscription_status 
       on subscription (status)
2026-01-31 18:31:26 - 
    create index idx_subscription_tenant_status 
       on subscription (tenant_id, status)
Hibernate: 
    create index idx_subscription_tenant_status 
       on subscription (tenant_id, status)
2026-01-31 18:31:26 - 
    create index idx_subscription_plan_id 
       on subscription (plan_id)
Hibernate: 
    create index idx_subscription_plan_id 
       on subscription (plan_id)
2026-01-31 18:31:26 - 
    create index idx_subscription_next_billing 
       on subscription (next_billing_date)
Hibernate: 
    create index idx_subscription_next_billing 
       on subscription (next_billing_date)
2026-01-31 18:31:26 - 
    create index idx_transition_log_subscription_id 
       on subscription_transition_log (subscription_id)
Hibernate: 
    create index idx_transition_log_subscription_id 
       on subscription_transition_log (subscription_id)
2026-01-31 18:31:26 - 
    create index idx_transition_log_transitioned_at 
       on subscription_transition_log (transitioned_at)
Hibernate: 
    create index idx_transition_log_transitioned_at 
       on subscription_transition_log (transitioned_at)
2026-01-31 18:31:26 - 
    create index idx_transition_log_to_status 
       on subscription_transition_log (to_status)
Hibernate: 
    create index idx_transition_log_to_status 
       on subscription_transition_log (to_status)
2026-01-31 18:31:26 - 
    create index idx_tenants_name 
       on tenants (name)
Hibernate: 
    create index idx_tenants_name 
       on tenants (name)
2026-01-31 18:31:26 - 
    create index idx_tenants_active 
       on tenants (active)
Hibernate: 
    create index idx_tenants_active 
       on tenants (active)
2026-01-31 18:31:26 - 
    create index idx_users_tenant_id 
       on users (tenant_id)
Hibernate: 
    create index idx_users_tenant_id 
       on users (tenant_id)
2026-01-31 18:31:26 - 
    create index idx_users_role 
       on users (role)
Hibernate: 
    create index idx_users_role 
       on users (role)
2026-01-31 18:31:26 - 
    create index idx_users_active 
       on users (active)
Hibernate: 
    create index idx_users_active 
       on users (active)
2026-01-31 18:31:26 - 
    alter table if exists feature_limit 
       add constraint fk_feature_limit_plan 
       foreign key (plan_id) 
       references billing_plan
Hibernate: 
    alter table if exists feature_limit 
       add constraint fk_feature_limit_plan 
       foreign key (plan_id) 
       references billing_plan
2026-01-31 18:31:26 - 
    alter table if exists subscription 
       add constraint fk_subscription_plan 
       foreign key (plan_id) 
       references billing_plan
Hibernate: 
    alter table if exists subscription 
       add constraint fk_subscription_plan 
       foreign key (plan_id) 
       references billing_plan
2026-01-31 18:31:26 - 
    alter table if exists users 
       add constraint fk_user_tenant 
       foreign key (tenant_id) 
       references tenants
Hibernate: 
    alter table if exists users 
       add constraint fk_user_tenant 
       foreign key (tenant_id) 
       references tenants
2026-01-31 18:31:27 - Started TenantFilterAspectTest in 0.566 seconds (process running for 38.858)
2026-01-31 18:31:27 - 
    insert 
    into
        tenants
        (active, created_date, last_modified_date, name, id) 
    values
        (?, ?, ?, ?, default)
Hibernate: 
    insert 
    into
        tenants
        (active, created_date, last_modified_date, name, id) 
    values
        (?, ?, ?, ?, default)
2026-01-31 18:31:27 - 
    insert 
    into
        tenants
        (active, created_date, last_modified_date, name, id) 
    values
        (?, ?, ?, ?, default)
Hibernate: 
    insert 
    into
        tenants
        (active, created_date, last_modified_date, name, id) 
    values
        (?, ?, ?, ?, default)
2026-01-31 18:31:27 - 
    insert 
    into
        tenants
        (active, created_date, last_modified_date, name, id) 
    values
        (?, ?, ?, ?, default)
Hibernate: 
    insert 
    into
        tenants
        (active, created_date, last_modified_date, name, id) 
    values
        (?, ?, ?, ?, default)
2026-01-31 18:31:27 - 
    insert 
    into
        tenants
        (active, created_date, last_modified_date, name, id) 
    values
        (?, ?, ?, ?, default)
Hibernate: 
    insert 
    into
        tenants
        (active, created_date, last_modified_date, name, id) 
    values
        (?, ?, ?, ?, default)
2026-01-31 18:31:27 - 
    insert 
    into
        tenants
        (active, created_date, last_modified_date, name, id) 
    values
        (?, ?, ?, ?, default)
Hibernate: 
    insert 
    into
        tenants
        (active, created_date, last_modified_date, name, id) 
    values
        (?, ?, ?, ?, default)
2026-01-31 18:31:27 - 
    insert 
    into
        tenants
        (active, created_date, last_modified_date, name, id) 
    values
        (?, ?, ?, ?, default)
Hibernate: 
    insert 
    into
        tenants
        (active, created_date, last_modified_date, name, id) 
    values
        (?, ?, ?, ?, default)
[ERROR] Tests run: 3, Failures: 0, Errors: 3, Skipped: 0, Time elapsed: 0.634 s <<< FAILURE! -- in org.gb.billing.security.TenantFilterAspectTest
[ERROR] org.gb.billing.security.TenantFilterAspectTest.testTenantFilter_AdminUsersBypass -- Time elapsed: 0.017 s <<< ERROR!
jakarta.validation.ConstraintViolationException: 
Validation failed for classes [org.gb.billing.entity.User] during persist time for groups [jakarta.validation.groups.Default, ]
List of constraint violations:[
	ConstraintViolationImpl{interpolatedMessage='Password must be BCrypt-hashed (60 characters)', propertyPath=password, rootBeanClass=class org.gb.billing.entity.User, messageTemplate='Password must be BCrypt-hashed (60 characters)'}
]
	at org.hibernate.boot.beanvalidation.BeanValidationEventListener.validate(BeanValidationEventListener.java:151)
	at org.hibernate.boot.beanvalidation.BeanValidationEventListener.onPreInsert(BeanValidationEventListener.java:81)
	at org.hibernate.action.internal.EntityIdentityInsertAction.preInsert(EntityIdentityInsertAction.java:186)
	at org.hibernate.action.internal.EntityIdentityInsertAction.execute(EntityIdentityInsertAction.java:75)
	at org.hibernate.engine.spi.ActionQueue.execute(ActionQueue.java:670)
	at org.hibernate.engine.spi.ActionQueue.addResolvedEntityInsertAction(ActionQueue.java:291)
	at org.hibernate.engine.spi.ActionQueue.addInsertAction(ActionQueue.java:272)
	at org.hibernate.engine.spi.ActionQueue.addAction(ActionQueue.java:322)
	at org.hibernate.event.internal.AbstractSaveEventListener.addInsertAction(AbstractSaveEventListener.java:386)
	at org.hibernate.event.internal.AbstractSaveEventListener.performSaveOrReplicate(AbstractSaveEventListener.java:300)
	at org.hibernate.event.internal.AbstractSaveEventListener.performSave(AbstractSaveEventListener.java:219)
	at org.hibernate.event.internal.AbstractSaveEventListener.saveWithGeneratedId(AbstractSaveEventListener.java:134)
	at org.hibernate.event.internal.DefaultMergeEventListener.saveTransientEntity(DefaultMergeEventListener.java:315)
	at org.hibernate.event.internal.DefaultMergeEventListener.entityIsTransient(DefaultMergeEventListener.java:234)
	at org.hibernate.event.internal.DefaultMergeEventListener.merge(DefaultMergeEventListener.java:153)
	at org.hibernate.event.internal.DefaultMergeEventListener.doMerge(DefaultMergeEventListener.java:143)
	at org.hibernate.event.internal.DefaultMergeEventListener.onMerge(DefaultMergeEventListener.java:127)
	at org.hibernate.event.internal.DefaultMergeEventListener.onMerge(DefaultMergeEventListener.java:81)
	at org.hibernate.event.service.internal.EventListenerGroupImpl.fireEventOnEachListener(EventListenerGroupImpl.java:127)
	at org.hibernate.internal.SessionImpl.fireMerge(SessionImpl.java:867)
	at org.hibernate.internal.SessionImpl.merge(SessionImpl.java:853)
	at jdk.internal.reflect.GeneratedMethodAccessor82.invoke(Unknown Source)
	at java.base/jdk.internal.reflect.DelegatingMethodAccessorImpl.invoke(DelegatingMethodAccessorImpl.java:43)
	at java.base/java.lang.reflect.Method.invoke(Method.java:569)
	at org.springframework.orm.jpa.SharedEntityManagerCreator$SharedEntityManagerInvocationHandler.invoke(SharedEntityManagerCreator.java:319)
	at jdk.proxy2/jdk.proxy2.$Proxy200.merge(Unknown Source)
	at org.springframework.data.jpa.repository.support.SimpleJpaRepository.save(SimpleJpaRepository.java:621)
	at jdk.internal.reflect.GeneratedMethodAccessor74.invoke(Unknown Source)
	at java.base/jdk.internal.reflect.DelegatingMethodAccessorImpl.invoke(DelegatingMethodAccessorImpl.java:43)
	at java.base/java.lang.reflect.Method.invoke(Method.java:569)
	at org.springframework.aop.support.AopUtils.invokeJoinpointUsingReflection(AopUtils.java:351)
	at org.springframework.data.repository.core.support.RepositoryMethodInvoker$RepositoryFragmentMethodInvoker.lambda$new$0(RepositoryMethodInvoker.java:277)
	at org.springframework.data.repository.core.support.RepositoryMethodInvoker.doInvoke(RepositoryMethodInvoker.java:170)
	at org.springframework.data.repository.core.support.RepositoryMethodInvoker.invoke(RepositoryMethodInvoker.java:158)
	at org.springframework.data.repository.core.support.RepositoryComposition$RepositoryFragments.invoke(RepositoryComposition.java:516)
	at org.springframework.data.repository.core.support.RepositoryComposition.invoke(RepositoryComposition.java:285)
	at org.springframework.data.repository.core.support.RepositoryFactorySupport$ImplementationMethodExecutionInterceptor.invoke(RepositoryFactorySupport.java:628)
	at org.springframework.aop.framework.ReflectiveMethodInvocation.proceed(ReflectiveMethodInvocation.java:184)
	at org.springframework.data.repository.core.support.QueryExecutorMethodInterceptor.doInvoke(QueryExecutorMethodInterceptor.java:168)
	at org.springframework.data.repository.core.support.QueryExecutorMethodInterceptor.invoke(QueryExecutorMethodInterceptor.java:143)
	at org.springframework.aop.framework.ReflectiveMethodInvocation.proceed(ReflectiveMethodInvocation.java:184)
	at org.springframework.data.projection.DefaultMethodInvokingMethodInterceptor.invoke(DefaultMethodInvokingMethodInterceptor.java:70)
	at org.springframework.aop.framework.ReflectiveMethodInvocation.proceed(ReflectiveMethodInvocation.java:184)
	at org.springframework.transaction.interceptor.TransactionInterceptor$1.proceedWithInvocation(TransactionInterceptor.java:123)
	at org.springframework.transaction.interceptor.TransactionAspectSupport.invokeWithinTransaction(TransactionAspectSupport.java:385)
	at org.springframework.transaction.interceptor.TransactionInterceptor.invoke(TransactionInterceptor.java:119)
	at org.springframework.aop.framework.ReflectiveMethodInvocation.proceed(ReflectiveMethodInvocation.java:184)
	at org.springframework.dao.support.PersistenceExceptionTranslationInterceptor.invoke(PersistenceExceptionTranslationInterceptor.java:137)
	at org.springframework.aop.framework.ReflectiveMethodInvocation.proceed(ReflectiveMethodInvocation.java:184)
	at org.springframework.data.jpa.repository.support.CrudMethodMetadataPostProcessor$CrudMethodMetadataPopulatingMethodInterceptor.invoke(CrudMethodMetadataPostProcessor.java:164)
	at org.springframework.aop.framework.ReflectiveMethodInvocation.proceed(ReflectiveMethodInvocation.java:184)
	at org.springframework.aop.interceptor.ExposeInvocationInterceptor.invoke(ExposeInvocationInterceptor.java:97)
	at org.springframework.aop.framework.ReflectiveMethodInvocation.proceed(ReflectiveMethodInvocation.java:184)
	at org.springframework.aop.framework.JdkDynamicAopProxy.invoke(JdkDynamicAopProxy.java:220)
	at jdk.proxy2/jdk.proxy2.$Proxy215.save(Unknown Source)
	at org.gb.billing.security.TenantFilterAspectTest.setUp(TenantFilterAspectTest.java:59)
	at java.base/java.lang.reflect.Method.invoke(Method.java:569)
	at java.base/java.util.ArrayList.forEach(ArrayList.java:1511)
	at java.base/java.util.ArrayList.forEach(ArrayList.java:1511)

[ERROR] org.gb.billing.security.TenantFilterAspectTest.testTenantFilter_BlocksCrossTenantAccess -- Time elapsed: 0.010 s <<< ERROR!
jakarta.validation.ConstraintViolationException: 
Validation failed for classes [org.gb.billing.entity.User] during persist time for groups [jakarta.validation.groups.Default, ]
List of constraint violations:[
	ConstraintViolationImpl{interpolatedMessage='Password must be BCrypt-hashed (60 characters)', propertyPath=password, rootBeanClass=class org.gb.billing.entity.User, messageTemplate='Password must be BCrypt-hashed (60 characters)'}
]
	at org.hibernate.boot.beanvalidation.BeanValidationEventListener.validate(BeanValidationEventListener.java:151)
	at org.hibernate.boot.beanvalidation.BeanValidationEventListener.onPreInsert(BeanValidationEventListener.java:81)
	at org.hibernate.action.internal.EntityIdentityInsertAction.preInsert(EntityIdentityInsertAction.java:186)
	at org.hibernate.action.internal.EntityIdentityInsertAction.execute(EntityIdentityInsertAction.java:75)
	at org.hibernate.engine.spi.ActionQueue.execute(ActionQueue.java:670)
	at org.hibernate.engine.spi.ActionQueue.addResolvedEntityInsertAction(ActionQueue.java:291)
	at org.hibernate.engine.spi.ActionQueue.addInsertAction(ActionQueue.java:272)
	at org.hibernate.engine.spi.ActionQueue.addAction(ActionQueue.java:322)
	at org.hibernate.event.internal.AbstractSaveEventListener.addInsertAction(AbstractSaveEventListener.java:386)
	at org.hibernate.event.internal.AbstractSaveEventListener.performSaveOrReplicate(AbstractSaveEventListener.java:300)
	at org.hibernate.event.internal.AbstractSaveEventListener.performSave(AbstractSaveEventListener.java:219)
	at org.hibernate.event.internal.AbstractSaveEventListener.saveWithGeneratedId(AbstractSaveEventListener.java:134)
	at org.hibernate.event.internal.DefaultMergeEventListener.saveTransientEntity(DefaultMergeEventListener.java:315)
	at org.hibernate.event.internal.DefaultMergeEventListener.entityIsTransient(DefaultMergeEventListener.java:234)
	at org.hibernate.event.internal.DefaultMergeEventListener.merge(DefaultMergeEventListener.java:153)
	at org.hibernate.event.internal.DefaultMergeEventListener.doMerge(DefaultMergeEventListener.java:143)
	at org.hibernate.event.internal.DefaultMergeEventListener.onMerge(DefaultMergeEventListener.java:127)
	at org.hibernate.event.internal.DefaultMergeEventListener.onMerge(DefaultMergeEventListener.java:81)
	at org.hibernate.event.service.internal.EventListenerGroupImpl.fireEventOnEachListener(EventListenerGroupImpl.java:127)
	at org.hibernate.internal.SessionImpl.fireMerge(SessionImpl.java:867)
	at org.hibernate.internal.SessionImpl.merge(SessionImpl.java:853)
	at jdk.internal.reflect.GeneratedMethodAccessor82.invoke(Unknown Source)
	at java.base/jdk.internal.reflect.DelegatingMethodAccessorImpl.invoke(DelegatingMethodAccessorImpl.java:43)
	at java.base/java.lang.reflect.Method.invoke(Method.java:569)
	at org.springframework.orm.jpa.SharedEntityManagerCreator$SharedEntityManagerInvocationHandler.invoke(SharedEntityManagerCreator.java:319)
	at jdk.proxy2/jdk.proxy2.$Proxy200.merge(Unknown Source)
	at org.springframework.data.jpa.repository.support.SimpleJpaRepository.save(SimpleJpaRepository.java:621)
	at jdk.internal.reflect.GeneratedMethodAccessor74.invoke(Unknown Source)
	at java.base/jdk.internal.reflect.DelegatingMethodAccessorImpl.invoke(DelegatingMethodAccessorImpl.java:43)
	at java.base/java.lang.reflect.Method.invoke(Method.java:569)
	at org.springframework.aop.support.AopUtils.invokeJoinpointUsingReflection(AopUtils.java:351)
	at org.springframework.data.repository.core.support.RepositoryMethodInvoker$RepositoryFragmentMethodInvoker.lambda$new$0(RepositoryMethodInvoker.java:277)
	at org.springframework.data.repository.core.support.RepositoryMethodInvoker.doInvoke(RepositoryMethodInvoker.java:170)
	at org.springframework.data.repository.core.support.RepositoryMethodInvoker.invoke(RepositoryMethodInvoker.java:158)
	at org.springframework.data.repository.core.support.RepositoryComposition$RepositoryFragments.invoke(RepositoryComposition.java:516)
	at org.springframework.data.repository.core.support.RepositoryComposition.invoke(RepositoryComposition.java:285)
	at org.springframework.data.repository.core.support.RepositoryFactorySupport$ImplementationMethodExecutionInterceptor.invoke(RepositoryFactorySupport.java:628)
	at org.springframework.aop.framework.ReflectiveMethodInvocation.proceed(ReflectiveMethodInvocation.java:184)
	at org.springframework.data.repository.core.support.QueryExecutorMethodInterceptor.doInvoke(QueryExecutorMethodInterceptor.java:168)
	at org.springframework.data.repository.core.support.QueryExecutorMethodInterceptor.invoke(QueryExecutorMethodInterceptor.java:143)
	at org.springframework.aop.framework.ReflectiveMethodInvocation.proceed(ReflectiveMethodInvocation.java:184)
	at org.springframework.data.projection.DefaultMethodInvokingMethodInterceptor.invoke(DefaultMethodInvokingMethodInterceptor.java:70)
	at org.springframework.aop.framework.ReflectiveMethodInvocation.proceed(ReflectiveMethodInvocation.java:184)
	at org.springframework.transaction.interceptor.TransactionInterceptor$1.proceedWithInvocation(TransactionInterceptor.java:123)
	at org.springframework.transaction.interceptor.TransactionAspectSupport.invokeWithinTransaction(TransactionAspectSupport.java:385)
	at org.springframework.transaction.interceptor.TransactionInterceptor.invoke(TransactionInterceptor.java:119)
	at org.springframework.aop.framework.ReflectiveMethodInvocation.proceed(ReflectiveMethodInvocation.java:184)
	at org.springframework.dao.support.PersistenceExceptionTranslationInterceptor.invoke(PersistenceExceptionTranslationInterceptor.java:137)
	at org.springframework.aop.framework.ReflectiveMethodInvocation.proceed(ReflectiveMethodInvocation.java:184)
	at org.springframework.data.jpa.repository.support.CrudMethodMetadataPostProcessor$CrudMethodMetadataPopulatingMethodInterceptor.invoke(CrudMethodMetadataPostProcessor.java:164)
	at org.springframework.aop.framework.ReflectiveMethodInvocation.proceed(ReflectiveMethodInvocation.java:184)
	at org.springframework.aop.interceptor.ExposeInvocationInterceptor.invoke(ExposeInvocationInterceptor.java:97)
	at org.springframework.aop.framework.ReflectiveMethodInvocation.proceed(ReflectiveMethodInvocation.java:184)
	at org.springframework.aop.framework.JdkDynamicAopProxy.invoke(JdkDynamicAopProxy.java:220)
	at jdk.proxy2/jdk.proxy2.$Proxy215.save(Unknown Source)
	at org.gb.billing.security.TenantFilterAspectTest.setUp(TenantFilterAspectTest.java:59)
	at java.base/java.lang.reflect.Method.invoke(Method.java:569)
	at java.base/java.util.ArrayList.forEach(ArrayList.java:1511)
	at java.base/java.util.ArrayList.forEach(ArrayList.java:1511)

[ERROR] org.gb.billing.security.TenantFilterAspectTest.testTenantFilter_Applied -- Time elapsed: 0.009 s <<< ERROR!
jakarta.validation.ConstraintViolationException: 
Validation failed for classes [org.gb.billing.entity.User] during persist time for groups [jakarta.validation.groups.Default, ]
List of constraint violations:[
	ConstraintViolationImpl{interpolatedMessage='Password must be BCrypt-hashed (60 characters)', propertyPath=password, rootBeanClass=class org.gb.billing.entity.User, messageTemplate='Password must be BCrypt-hashed (60 characters)'}
]
	at org.hibernate.boot.beanvalidation.BeanValidationEventListener.validate(BeanValidationEventListener.java:151)
	at org.hibernate.boot.beanvalidation.BeanValidationEventListener.onPreInsert(BeanValidationEventListener.java:81)
	at org.hibernate.action.internal.EntityIdentityInsertAction.preInsert(EntityIdentityInsertAction.java:186)
	at org.hibernate.action.internal.EntityIdentityInsertAction.execute(EntityIdentityInsertAction.java:75)
	at org.hibernate.engine.spi.ActionQueue.execute(ActionQueue.java:670)
	at org.hibernate.engine.spi.ActionQueue.addResolvedEntityInsertAction(ActionQueue.java:291)
	at org.hibernate.engine.spi.ActionQueue.addInsertAction(ActionQueue.java:272)
	at org.hibernate.engine.spi.ActionQueue.addAction(ActionQueue.java:322)
	at org.hibernate.event.internal.AbstractSaveEventListener.addInsertAction(AbstractSaveEventListener.java:386)
	at org.hibernate.event.internal.AbstractSaveEventListener.performSaveOrReplicate(AbstractSaveEventListener.java:300)
	at org.hibernate.event.internal.AbstractSaveEventListener.performSave(AbstractSaveEventListener.java:219)
	at org.hibernate.event.internal.AbstractSaveEventListener.saveWithGeneratedId(AbstractSaveEventListener.java:134)
	at org.hibernate.event.internal.DefaultMergeEventListener.saveTransientEntity(DefaultMergeEventListener.java:315)
	at org.hibernate.event.internal.DefaultMergeEventListener.entityIsTransient(DefaultMergeEventListener.java:234)
	at org.hibernate.event.internal.DefaultMergeEventListener.merge(DefaultMergeEventListener.java:153)
	at org.hibernate.event.internal.DefaultMergeEventListener.doMerge(DefaultMergeEventListener.java:143)
	at org.hibernate.event.internal.DefaultMergeEventListener.onMerge(DefaultMergeEventListener.java:127)
	at org.hibernate.event.internal.DefaultMergeEventListener.onMerge(DefaultMergeEventListener.java:81)
	at org.hibernate.event.service.internal.EventListenerGroupImpl.fireEventOnEachListener(EventListenerGroupImpl.java:127)
	at org.hibernate.internal.SessionImpl.fireMerge(SessionImpl.java:867)
	at org.hibernate.internal.SessionImpl.merge(SessionImpl.java:853)
	at jdk.internal.reflect.GeneratedMethodAccessor82.invoke(Unknown Source)
	at java.base/jdk.internal.reflect.DelegatingMethodAccessorImpl.invoke(DelegatingMethodAccessorImpl.java:43)
	at java.base/java.lang.reflect.Method.invoke(Method.java:569)
	at org.springframework.orm.jpa.SharedEntityManagerCreator$SharedEntityManagerInvocationHandler.invoke(SharedEntityManagerCreator.java:319)
	at jdk.proxy2/jdk.proxy2.$Proxy200.merge(Unknown Source)
	at org.springframework.data.jpa.repository.support.SimpleJpaRepository.save(SimpleJpaRepository.java:621)
	at jdk.internal.reflect.GeneratedMethodAccessor74.invoke(Unknown Source)
	at java.base/jdk.internal.reflect.DelegatingMethodAccessorImpl.invoke(DelegatingMethodAccessorImpl.java:43)
	at java.base/java.lang.reflect.Method.invoke(Method.java:569)
	at org.springframework.aop.support.AopUtils.invokeJoinpointUsingReflection(AopUtils.java:351)
	at org.springframework.data.repository.core.support.RepositoryMethodInvoker$RepositoryFragmentMethodInvoker.lambda$new$0(RepositoryMethodInvoker.java:277)
	at org.springframework.data.repository.core.support.RepositoryMethodInvoker.doInvoke(RepositoryMethodInvoker.java:170)
	at org.springframework.data.repository.core.support.RepositoryMethodInvoker.invoke(RepositoryMethodInvoker.java:158)
	at org.springframework.data.repository.core.support.RepositoryComposition$RepositoryFragments.invoke(RepositoryComposition.java:516)
	at org.springframework.data.repository.core.support.RepositoryComposition.invoke(RepositoryComposition.java:285)
	at org.springframework.data.repository.core.support.RepositoryFactorySupport$ImplementationMethodExecutionInterceptor.invoke(RepositoryFactorySupport.java:628)
	at org.springframework.aop.framework.ReflectiveMethodInvocation.proceed(ReflectiveMethodInvocation.java:184)
	at org.springframework.data.repository.core.support.QueryExecutorMethodInterceptor.doInvoke(QueryExecutorMethodInterceptor.java:168)
	at org.springframework.data.repository.core.support.QueryExecutorMethodInterceptor.invoke(QueryExecutorMethodInterceptor.java:143)
	at org.springframework.aop.framework.ReflectiveMethodInvocation.proceed(ReflectiveMethodInvocation.java:184)
	at org.springframework.data.projection.DefaultMethodInvokingMethodInterceptor.invoke(DefaultMethodInvokingMethodInterceptor.java:70)
	at org.springframework.aop.framework.ReflectiveMethodInvocation.proceed(ReflectiveMethodInvocation.java:184)
	at org.springframework.transaction.interceptor.TransactionInterceptor$1.proceedWithInvocation(TransactionInterceptor.java:123)
	at org.springframework.transaction.interceptor.TransactionAspectSupport.invokeWithinTransaction(TransactionAspectSupport.java:385)
	at org.springframework.transaction.interceptor.TransactionInterceptor.invoke(TransactionInterceptor.java:119)
	at org.springframework.aop.framework.ReflectiveMethodInvocation.proceed(ReflectiveMethodInvocation.java:184)
	at org.springframework.dao.support.PersistenceExceptionTranslationInterceptor.invoke(PersistenceExceptionTranslationInterceptor.java:137)
	at org.springframework.aop.framework.ReflectiveMethodInvocation.proceed(ReflectiveMethodInvocation.java:184)
	at org.springframework.data.jpa.repository.support.CrudMethodMetadataPostProcessor$CrudMethodMetadataPopulatingMethodInterceptor.invoke(CrudMethodMetadataPostProcessor.java:164)
	at org.springframework.aop.framework.ReflectiveMethodInvocation.proceed(ReflectiveMethodInvocation.java:184)
	at org.springframework.aop.interceptor.ExposeInvocationInterceptor.invoke(ExposeInvocationInterceptor.java:97)
	at org.springframework.aop.framework.ReflectiveMethodInvocation.proceed(ReflectiveMethodInvocation.java:184)
	at org.springframework.aop.framework.JdkDynamicAopProxy.invoke(JdkDynamicAopProxy.java:220)
	at jdk.proxy2/jdk.proxy2.$Proxy215.save(Unknown Source)
	at org.gb.billing.security.TenantFilterAspectTest.setUp(TenantFilterAspectTest.java:59)
	at java.base/java.lang.reflect.Method.invoke(Method.java:569)
	at java.base/java.util.ArrayList.forEach(ArrayList.java:1511)
	at java.base/java.util.ArrayList.forEach(ArrayList.java:1511)

[INFO] Running org.gb.billing.service.AnalyticsServiceTest
2026-01-31 18:31:27 - Generating subscription count by plan report for tenant 1
2026-01-31 18:31:27 - Calculating churn rate for tenant 1
2026-01-31 18:31:27 - Generating revenue summary for tenant 1
2026-01-31 18:31:27 - Generating subscription count by status report for tenant 1
[INFO] Tests run: 4, Failures: 0, Errors: 0, Skipped: 0, Time elapsed: 0.290 s -- in org.gb.billing.service.AnalyticsServiceTest
[INFO] Running org.gb.billing.service.AuthenticationServiceTest
2026-01-31 18:31:27 - Login attempt for email: user@example.com
2026-01-31 18:31:27 - Successful login for user: user@example.com with role: ROLE_USER
2026-01-31 18:31:27 - Login attempt for email: admin@example.com
2026-01-31 18:31:27 - Login failed: account disabled for email: admin@example.com
2026-01-31 18:31:27 - Login attempt for email: admin@example.com
2026-01-31 18:31:27 - Successful login for user: admin@example.com with role: ROLE_ADMIN
2026-01-31 18:31:27 - Login attempt for email: admin@example.com
2026-01-31 18:31:27 - Successful login for user: admin@example.com with role: ROLE_ADMIN
2026-01-31 18:31:27 - Login attempt for email: admin@example.com
2026-01-31 18:31:27 - Successful login for user: admin@example.com with role: ROLE_ADMIN
2026-01-31 18:31:27 - Login attempt for email: admin@example.com
2026-01-31 18:31:27 - Login failed: invalid password for email: admin@example.com
2026-01-31 18:31:27 - Login attempt for email: admin@example.com
2026-01-31 18:31:27 - Login failed: user not found for email: admin@example.com
[INFO] Tests run: 7, Failures: 0, Errors: 0, Skipped: 0, Time elapsed: 0.193 s -- in org.gb.billing.service.AuthenticationServiceTest
[INFO] Running org.gb.billing.service.PlanServiceTest
2026-01-31 18:31:27 - Updating plan: 2e9396fd-95b2-4002-8d6b-a53e1da0678e
2026-01-31 18:31:27 - Successfully updated plan: Pro (ID: 2e9396fd-95b2-4002-8d6b-a53e1da0678e)
2026-01-31 18:31:27 - Deleting plan: 1fe4cf36-d941-4b0d-bf77-df7e03b6ed97
2026-01-31 18:31:27 - Adding feature limit max_users to plan: 08a632c0-30e3-4684-bea3-1aba682ec4e4
2026-01-31 18:31:27 - Successfully added feature limit to plan: 08a632c0-30e3-4684-bea3-1aba682ec4e4
2026-01-31 18:31:27 - Creating new billing plan: Pro
2026-01-31 18:31:27 - Creating new billing plan: Pro
2026-01-31 18:31:27 - Successfully created plan: Pro (ID: a12165bc-d883-4be9-bbad-6b1d4db4575f)
2026-01-31 18:31:27 - Fetching all billing plans
2026-01-31 18:31:27 - Fetching plan by ID: feeb1006-5e8a-4d9c-b090-d99b6a5fefef
2026-01-31 18:31:27 - Deleting plan: 20f85c93-ab19-4c44-8886-6a3aa69c7951
2026-01-31 18:31:27 - Successfully soft-deleted plan: Pro (ID: 20f85c93-ab19-4c44-8886-6a3aa69c7951)
2026-01-31 18:31:27 - Fetching plan by ID: c80bd508-e91c-43ac-843c-585c5187abff
[INFO] Tests run: 9, Failures: 0, Errors: 0, Skipped: 0, Time elapsed: 0.073 s -- in org.gb.billing.service.PlanServiceTest
[INFO] Running org.gb.billing.service.SubscriptionServiceTest
2026-01-31 18:31:27 - Upgrading subscription adb63b9b-7f31-4b8e-91b8-eba635af1900 to plan 63fa09c4-4aa3-4c68-83fd-5ce743f4649c
2026-01-31 18:31:27 - Subscription adb63b9b-7f31-4b8e-91b8-eba635af1900 upgraded from plan Pro to Enterprise
2026-01-31 18:31:27 - Successfully upgraded subscription adb63b9b-7f31-4b8e-91b8-eba635af1900 to plan Enterprise
2026-01-31 18:31:27 - Transitioning subscription 03f18c40-be22-4ecc-a71d-d420e4c8cd84 to ACTIVE. Reason: Payment successful
2026-01-31 18:31:27 - Subscription 03f18c40-be22-4ecc-a71d-d420e4c8cd84 transitioned from PAST_DUE to ACTIVE - Reason: Payment successful
2026-01-31 18:31:27 - Canceling subscription 44678fc1-52fa-4087-8a8c-6fd93dc4a7b1 for user 1
2026-01-31 18:31:27 - Subscription 44678fc1-52fa-4087-8a8c-6fd93dc4a7b1 transitioned from ACTIVE to CANCELED - Reason: User canceled subscription
2026-01-31 18:31:27 - Successfully canceled subscription 44678fc1-52fa-4087-8a8c-6fd93dc4a7b1 (previous status: ACTIVE)
2026-01-31 18:31:27 - Fetching subscription ff569098-30cd-441a-801f-abf9e2be4a1f for tenant 1
2026-01-31 18:31:27 - Canceling subscription 50f23f3f-290e-41da-8d2f-f545a0aa5cc3 for user 1
2026-01-31 18:31:27 - Transitioning subscription 57186581-0f72-42df-a86b-ed966b2eb13a to PAST_DUE. Reason: Payment failed
2026-01-31 18:31:27 - Subscription 57186581-0f72-42df-a86b-ed966b2eb13a transitioned from ACTIVE to PAST_DUE - Reason: Payment failed
2026-01-31 18:31:27 - Creating subscription for user 1 to plan 7e14fb92-8acd-431b-a387-9bc463aea179
2026-01-31 18:31:27 - Subscription null created with initial state: ACTIVE
2026-01-31 18:31:27 - Created subscription null for user 1
2026-01-31 18:31:27 - Creating subscription for user 1 to plan f2778567-abb1-4abd-a37e-1a2539a5c667
[INFO] Tests run: 8, Failures: 0, Errors: 0, Skipped: 0, Time elapsed: 0.134 s -- in org.gb.billing.service.SubscriptionServiceTest
[INFO] Running org.gb.billing.service.SubscriptionStateMachineTest
2026-01-31 18:31:27 - Subscription ce39efd5-b148-47c4-930f-e000c71ef1be transitioned from ACTIVE to PAST_DUE - Reason: Payment failed
[INFO] Tests run: 5, Failures: 0, Errors: 0, Skipped: 0, Time elapsed: 0.017 s -- in org.gb.billing.service.SubscriptionStateMachineTest
[INFO] Running org.gb.billing.service.UserServiceTest
2026-01-31 18:31:27 - Registering user with email: admin@example.com and role: ROLE_USER
2026-01-31 18:31:27 - Associated user with tenant: Acme Corp
2026-01-31 18:31:27 - Successfully registered user: admin@example.com with role: ROLE_USER
2026-01-31 18:31:27 - Registering user with email: admin@example.com and role: ROLE_ADMIN
2026-01-31 18:31:27 - Successfully registered user: admin@example.com with role: ROLE_ADMIN
2026-01-31 18:31:27 - Registering user with email: admin@example.com and role: ROLE_USER
2026-01-31 18:31:27 - Creating new tenant: Acme Corp
2026-01-31 18:31:27 - Associated user with tenant: Acme Corp
2026-01-31 18:31:27 - Successfully registered user: admin@example.com with role: ROLE_USER
2026-01-31 18:31:27 - Registering user with email: admin@example.com and role: ROLE_ADMIN
2026-01-31 18:31:27 - Successfully registered user: admin@example.com with role: ROLE_ADMIN
2026-01-31 18:31:27 - Registering user with email: admin@example.com and role: ROLE_USER
2026-01-31 18:31:27 - Registering user with email: admin@example.com and role: ROLE_ADMIN
2026-01-31 18:31:27 - Successfully registered user: admin@example.com with role: ROLE_ADMIN
2026-01-31 18:31:27 - Registering user with email: admin@example.com and role: ROLE_ADMIN
2026-01-31 18:31:27 - Duplicate email registration attempt: admin@example.com
[INFO] Tests run: 7, Failures: 0, Errors: 0, Skipped: 0, Time elapsed: 0.103 s -- in org.gb.billing.service.UserServiceTest
[INFO] 
[INFO] Results:
[INFO] 
[ERROR] Failures: 
[ERROR]   SubscriptionApiTest.shouldCancelSubscription:171 Status expected:<204> but was:<500>
[ERROR]   SubscriptionApiTest.shouldCreateSubscription:82 Status expected:<201> but was:<500>
[ERROR]   SubscriptionApiTest.shouldGetMySubscription:99 Status expected:<200> but was:<500>
[ERROR]   SubscriptionApiTest.shouldGetSubscriptionById:126 Status expected:<200> but was:<500>
[ERROR]   SubscriptionApiTest.shouldReturn401WhenNotAuthenticated:133 Status expected:<401> but was:<403>
[ERROR]   SubscriptionApiTest.shouldReturn404WhenNoActiveSubscription:109 Status expected:<404> but was:<500>
[ERROR]   SubscriptionApiTest.shouldUpgradeSubscription:161 Status expected:<200> but was:<500>
[ERROR]   RateLimitIntegrationTest.testFreeUserRateLimit:104 Response should contain header 'X-RateLimit-Remaining'
[ERROR]   RateLimitIntegrationTest.testProUserHigherLimit:123 Response header 'X-RateLimit-Limit' expected:<100> but was:<null>
[ERROR]   PlanRepositoryTest.shouldEnforceUniquePlanName:151 
Expecting throwable message:
  "could not execute statement [Unique index or primary key violation: "PUBLIC.CONSTRAINT_INDEX_3 ON PUBLIC.BILLING_PLAN(NAME NULLS FIRST) VALUES ( /* 23 */ 'Pro' )"; SQL statement:
insert into billing_plan (billing_cycle,created_at,deleted,description,is_active,name,price,updated_at,id) values (?,?,?,?,?,?,?,?,?) [23505-224]] [insert into billing_plan (billing_cycle,created_at,deleted,description,is_active,name,price,updated_at,id) values (?,?,?,?,?,?,?,?,?)]; SQL [insert into billing_plan (billing_cycle,created_at,deleted,description,is_active,name,price,updated_at,id) values (?,?,?,?,?,?,?,?,?)]; constraint ["PUBLIC.CONSTRAINT_INDEX_3 ON PUBLIC.BILLING_PLAN(NAME NULLS FIRST) VALUES ( /* 23 */ 'Pro' )"; SQL statement:
insert into billing_plan (billing_cycle,created_at,deleted,description,is_active,name,price,updated_at,id) values (?,?,?,?,?,?,?,?,?) [23505-224]]"
to contain:
  "unique_plan_name"
but did not.

Throwable that failed the check:

org.springframework.dao.DataIntegrityViolationException: could not execute statement [Unique index or primary key violation: "PUBLIC.CONSTRAINT_INDEX_3 ON PUBLIC.BILLING_PLAN(NAME NULLS FIRST) VALUES ( /* 23 */ 'Pro' )"; SQL statement:
insert into billing_plan (billing_cycle,created_at,deleted,description,is_active,name,price,updated_at,id) values (?,?,?,?,?,?,?,?,?) [23505-224]] [insert into billing_plan (billing_cycle,created_at,deleted,description,is_active,name,price,updated_at,id) values (?,?,?,?,?,?,?,?,?)]; SQL [insert into billing_plan (billing_cycle,created_at,deleted,description,is_active,name,price,updated_at,id) values (?,?,?,?,?,?,?,?,?)]; constraint ["PUBLIC.CONSTRAINT_INDEX_3 ON PUBLIC.BILLING_PLAN(NAME NULLS FIRST) VALUES ( /* 23 */ 'Pro' )"; SQL statement:
insert into billing_plan (billing_cycle,created_at,deleted,description,is_active,name,price,updated_at,id) values (?,?,?,?,?,?,?,?,?) [23505-224]]
	at org.springframework.orm.jpa.vendor.HibernateJpaDialect.convertHibernateAccessException(HibernateJpaDialect.java:290)
	at org.springframework.orm.jpa.vendor.HibernateJpaDialect.translateExceptionIfPossible(HibernateJpaDialect.java:241)
	at org.springframework.orm.jpa.AbstractEntityManagerFactoryBean.translateExceptionIfPossible(AbstractEntityManagerFactoryBean.java:550)
	at org.springframework.dao.support.ChainedPersistenceExceptionTranslator.translateExceptionIfPossible(ChainedPersistenceExceptionTranslator.java:61)
	at org.springframework.dao.support.DataAccessUtils.translateIfNecessary(DataAccessUtils.java:335)
	at org.springframework.dao.support.PersistenceExceptionTranslationInterceptor.invoke(PersistenceExceptionTranslationInterceptor.java:152)
	at org.springframework.aop.framework.ReflectiveMethodInvocation.proceed(ReflectiveMethodInvocation.java:184)
	at org.springframework.data.jpa.repository.support.CrudMethodMetadataPostProcessor$CrudMethodMetadataPopulatingMethodInterceptor.invoke(CrudMethodMetadataPostProcessor.java:164)
	at org.springframework.aop.framework.ReflectiveMethodInvocation.proceed(ReflectiveMethodInvocation.java:184)
	at org.springframework.aop.interceptor.ExposeInvocationInterceptor.invoke(ExposeInvocationInterceptor.java:97)
	at org.springframework.aop.framework.ReflectiveMethodInvocation.proceed(ReflectiveMethodInvocation.java:184)
	at org.springframework.aop.framework.JdkDynamicAopProxy.invoke(JdkDynamicAopProxy.java:220)
	at jdk.proxy2/jdk.proxy2.$Proxy206.saveAndFlush(Unknown Source)
	at org.gb.billing.repository.PlanRepositoryTest.shouldEnforceUniquePlanName(PlanRepositoryTest.java:148)
	at java.base/jdk.internal.reflect.NativeMethodAccessorImpl.invoke0(Native Method)
	at java.base/jdk.internal.reflect.NativeMethodAccessorImpl.invoke(NativeMethodAccessorImpl.java:77)
	at java.base/jdk.internal.reflect.DelegatingMethodAccessorImpl.invoke(DelegatingMethodAccessorImpl.java:43)
	at java.base/java.lang.reflect.Method.invoke(Method.java:569)
	at org.junit.platform.commons.util.ReflectionUtils.invokeMethod(ReflectionUtils.java:728)
	at org.junit.jupiter.engine.execution.MethodInvocation.proceed(MethodInvocation.java:60)
	at org.junit.jupiter.engine.execution.InvocationInterceptorChain$ValidatingInvocation.proceed(InvocationInterceptorChain.java:131)
	at org.junit.jupiter.engine.extension.TimeoutExtension.intercept(TimeoutExtension.java:156)
	at org.junit.jupiter.engine.extension.TimeoutExtension.interceptTestableMethod(TimeoutExtension.java:147)
	at org.junit.jupiter.engine.extension.TimeoutExtension.interceptTestMethod(TimeoutExtension.java:86)
	at org.junit.jupiter.engine.execution.InterceptingExecutableInvoker$ReflectiveInterceptorCall.lambda$ofVoidMethod$0(InterceptingExecutableInvoker.java:103)
	at org.junit.jupiter.engine.execution.InterceptingExecutableInvoker.lambda$invoke$0(InterceptingExecutableInvoker.java:93)
	at org.junit.jupiter.engine.execution.InvocationInterceptorChain$InterceptedInvocation.proceed(InvocationInterceptorChain.java:106)
	at org.junit.jupiter.engine.execution.InvocationInterceptorChain.proceed(InvocationInterceptorChain.java:64)
	at org.junit.jupiter.engine.execution.InvocationInterceptorChain.chainAndInvoke(InvocationInterceptorChain.java:45)
	at org.junit.jupiter.engine.execution.InvocationInterceptorChain.invoke(InvocationInterceptorChain.java:37)
	at org.junit.jupiter.engine.execution.InterceptingExecutableInvoker.invoke(InterceptingExecutableInvoker.java:92)
	at org.junit.jupiter.engine.execution.InterceptingExecutableInvoker.invoke(InterceptingExecutableInvoker.java:86)
	at org.junit.jupiter.engine.descriptor.TestMethodTestDescriptor.lambda$invokeTestMethod$7(TestMethodTestDescriptor.java:218)
	at org.junit.platform.engine.support.hierarchical.ThrowableCollector.execute(ThrowableCollector.java:73)
	at org.junit.jupiter.engine.descriptor.TestMethodTestDescriptor.invokeTestMethod(TestMethodTestDescriptor.java:214)
	at org.junit.jupiter.engine.descriptor.TestMethodTestDescriptor.execute(TestMethodTestDescriptor.java:139)
	at org.junit.jupiter.engine.descriptor.TestMethodTestDescriptor.execute(TestMethodTestDescriptor.java:69)
	at org.junit.platform.engine.support.hierarchical.NodeTestTask.lambda$executeRecursively$6(NodeTestTask.java:151)
	at org.junit.platform.engine.support.hierarchical.ThrowableCollector.execute(ThrowableCollector.java:73)
	at org.junit.platform.engine.support.hierarchical.NodeTestTask.lambda$executeRecursively$8(NodeTestTask.java:141)
	at org.junit.platform.engine.support.hierarchical.Node.around(Node.java:137)
	at org.junit.platform.engine.support.hierarchical.NodeTestTask.lambda$executeRecursively$9(NodeTestTask.java:139)
	at org.junit.platform.engine.support.hierarchical.ThrowableCollector.execute(ThrowableCollector.java:73)
	at org.junit.platform.engine.support.hierarchical.NodeTestTask.executeRecursively(NodeTestTask.java:138)
	at org.junit.platform.engine.support.hierarchical.NodeTestTask.execute(NodeTestTask.java:95)
	at java.base/java.util.ArrayList.forEach(ArrayList.java:1511)
	at org.junit.platform.engine.support.hierarchical.SameThreadHierarchicalTestExecutorService.invokeAll(SameThreadHierarchicalTestExecutorService.java:41)
	at org.junit.platform.engine.support.hierarchical.NodeTestTask.lambda$executeRecursively$6(NodeTestTask.java:155)
	at org.junit.platform.engine.support.hierarchical.ThrowableCollector.execute(ThrowableCollector.java:73)
	at org.junit.platform.engine.support.hierarchical.NodeTestTask.lambda$executeRecursively$8(NodeTestTask.java:141)
	at org.junit.platform.engine.support.hierarchical.Node.around(Node.java:137)
	at org.junit.platform.engine.support.hierarchical.NodeTestTask.lambda$executeRecursively$9(NodeTestTask.java:139)
	at org.junit.platform.engine.support.hierarchical.ThrowableCollector.execute(ThrowableCollector.java:73)
	at org.junit.platform.engine.support.hierarchical.NodeTestTask.executeRecursively(NodeTestTask.java:138)
	at org.junit.platform.engine.support.hierarchical.NodeTestTask.execute(NodeTestTask.java:95)
	at java.base/java.util.ArrayList.forEach(ArrayList.java:1511)
	at org.junit.platform.engine.support.hierarchical.SameThreadHierarchicalTestExecutorService.invokeAll(SameThreadHierarchicalTestExecutorService.java:41)
	at org.junit.platform.engine.support.hierarchical.NodeTestTask.lambda$executeRecursively$6(NodeTestTask.java:155)
	at org.junit.platform.engine.support.hierarchical.ThrowableCollector.execute(ThrowableCollector.java:73)
	at org.junit.platform.engine.support.hierarchical.NodeTestTask.lambda$executeRecursively$8(NodeTestTask.java:141)
	at org.junit.platform.engine.support.hierarchical.Node.around(Node.java:137)
	at org.junit.platform.engine.support.hierarchical.NodeTestTask.lambda$executeRecursively$9(NodeTestTask.java:139)
	at org.junit.platform.engine.support.hierarchical.ThrowableCollector.execute(ThrowableCollector.java:73)
	at org.junit.platform.engine.support.hierarchical.NodeTestTask.executeRecursively(NodeTestTask.java:138)
	at org.junit.platform.engine.support.hierarchical.NodeTestTask.execute(NodeTestTask.java:95)
	at org.junit.platform.engine.support.hierarchical.SameThreadHierarchicalTestExecutorService.submit(SameThreadHierarchicalTestExecutorService.java:35)
	at org.junit.platform.engine.support.hierarchical.HierarchicalTestExecutor.execute(HierarchicalTestExecutor.java:57)
	at org.junit.platform.engine.support.hierarchical.HierarchicalTestEngine.execute(HierarchicalTestEngine.java:54)
	at org.junit.platform.launcher.core.EngineExecutionOrchestrator.execute(EngineExecutionOrchestrator.java:198)
	at org.junit.platform.launcher.core.EngineExecutionOrchestrator.execute(EngineExecutionOrchestrator.java:169)
	at org.junit.platform.launcher.core.EngineExecutionOrchestrator.execute(EngineExecutionOrchestrator.java:93)
	at org.junit.platform.launcher.core.EngineExecutionOrchestrator.lambda$execute$0(EngineExecutionOrchestrator.java:58)
	at org.junit.platform.launcher.core.EngineExecutionOrchestrator.withInterceptedStreams(EngineExecutionOrchestrator.java:141)
	at org.junit.platform.launcher.core.EngineExecutionOrchestrator.execute(EngineExecutionOrchestrator.java:57)
	at org.junit.platform.launcher.core.DefaultLauncher.execute(DefaultLauncher.java:103)
	at org.junit.platform.launcher.core.DefaultLauncher.execute(DefaultLauncher.java:85)
	at org.junit.platform.launcher.core.DelegatingLauncher.execute(DelegatingLauncher.java:47)
	at org.apache.maven.surefire.junitplatform.LazyLauncher.execute(LazyLauncher.java:56)
	at org.apache.maven.surefire.junitplatform.JUnitPlatformProvider.execute(JUnitPlatformProvider.java:184)
	at org.apache.maven.surefire.junitplatform.JUnitPlatformProvider.invokeAllTests(JUnitPlatformProvider.java:148)
	at org.apache.maven.surefire.junitplatform.JUnitPlatformProvider.invoke(JUnitPlatformProvider.java:122)
	at org.apache.maven.surefire.booter.ForkedBooter.runSuitesInProcess(ForkedBooter.java:385)
	at org.apache.maven.surefire.booter.ForkedBooter.execute(ForkedBooter.java:162)
	at org.apache.maven.surefire.booter.ForkedBooter.run(ForkedBooter.java:507)
	at org.apache.maven.surefire.booter.ForkedBooter.main(ForkedBooter.java:495)
Caused by: org.hibernate.exception.ConstraintViolationException: could not execute statement [Unique index or primary key violation: "PUBLIC.CONSTRAINT_INDEX_3 ON PUBLIC.BILLING_PLAN(NAME NULLS FIRST) VALUES ( /* 23 */ 'Pro' )"; SQL statement:
insert into billing_plan (billing_cycle,created_at,deleted,description,is_active,name,price,updated_at,id) values (?,?,?,?,?,?,?,?,?) [23505-224]] [insert into billing_plan (billing_cycle,created_at,deleted,description,is_active,name,price,updated_at,id) values (?,?,?,?,?,?,?,?,?)]
	at org.hibernate.exception.internal.SQLExceptionTypeDelegate.convert(SQLExceptionTypeDelegate.java:62)
	at org.hibernate.exception.internal.StandardSQLExceptionConverter.convert(StandardSQLExceptionConverter.java:58)
	at org.hibernate.engine.jdbc.spi.SqlExceptionHelper.convert(SqlExceptionHelper.java:108)
	at org.hibernate.engine.jdbc.internal.ResultSetReturnImpl.executeUpdate(ResultSetReturnImpl.java:197)
	at org.hibernate.engine.jdbc.mutation.internal.AbstractMutationExecutor.performNonBatchedMutation(AbstractMutationExecutor.java:107)
	at org.hibernate.engine.jdbc.mutation.internal.MutationExecutorSingleNonBatched.performNonBatchedOperations(MutationExecutorSingleNonBatched.java:40)
	at org.hibernate.engine.jdbc.mutation.internal.AbstractMutationExecutor.execute(AbstractMutationExecutor.java:52)
	at org.hibernate.persister.entity.mutation.InsertCoordinator.doStaticInserts(InsertCoordinator.java:175)
	at org.hibernate.persister.entity.mutation.InsertCoordinator.coordinateInsert(InsertCoordinator.java:113)
	at org.hibernate.persister.entity.AbstractEntityPersister.insert(AbstractEntityPersister.java:2873)
	at org.hibernate.action.internal.EntityInsertAction.execute(EntityInsertAction.java:104)
	at org.hibernate.engine.spi.ActionQueue.executeActions(ActionQueue.java:632)
	at org.hibernate.engine.spi.ActionQueue.executeActions(ActionQueue.java:499)
	at org.hibernate.event.internal.AbstractFlushingEventListener.performExecutions(AbstractFlushingEventListener.java:363)
	at org.hibernate.event.internal.DefaultFlushEventListener.onFlush(DefaultFlushEventListener.java:41)
	at org.hibernate.event.service.internal.EventListenerGroupImpl.fireEventOnEachListener(EventListenerGroupImpl.java:127)
	at org.hibernate.internal.SessionImpl.doFlush(SessionImpl.java:1423)
	at org.hibernate.internal.SessionImpl.flush(SessionImpl.java:1409)
	at java.base/jdk.internal.reflect.NativeMethodAccessorImpl.invoke0(Native Method)
	at java.base/jdk.internal.reflect.NativeMethodAccessorImpl.invoke(NativeMethodAccessorImpl.java:77)
	at java.base/jdk.internal.reflect.DelegatingMethodAccessorImpl.invoke(DelegatingMethodAccessorImpl.java:43)
	at java.base/java.lang.reflect.Method.invoke(Method.java:569)
	at org.springframework.orm.jpa.SharedEntityManagerCreator$SharedEntityManagerInvocationHandler.invoke(SharedEntityManagerCreator.java:319)
	at jdk.proxy2/jdk.proxy2.$Proxy200.flush(Unknown Source)
	at org.springframework.data.jpa.repository.support.SimpleJpaRepository.flush(SimpleJpaRepository.java:663)
	at org.springframework.data.jpa.repository.support.SimpleJpaRepository.saveAndFlush(SimpleJpaRepository.java:630)
	at java.base/jdk.internal.reflect.NativeMethodAccessorImpl.invoke0(Native Method)
	at java.base/jdk.internal.reflect.NativeMethodAccessorImpl.invoke(NativeMethodAccessorImpl.java:77)
	at java.base/jdk.internal.reflect.DelegatingMethodAccessorImpl.invoke(DelegatingMethodAccessorImpl.java:43)
	at java.base/java.lang.reflect.Method.invoke(Method.java:569)
	at org.springframework.aop.support.AopUtils.invokeJoinpointUsingReflection(AopUtils.java:351)
	at org.springframework.data.repository.core.support.RepositoryMethodInvoker$RepositoryFragmentMethodInvoker.lambda$new$0(RepositoryMethodInvoker.java:277)
	at org.springframework.data.repository.core.support.RepositoryMethodInvoker.doInvoke(RepositoryMethodInvoker.java:170)
	at org.springframework.data.repository.core.support.RepositoryMethodInvoker.invoke(RepositoryMethodInvoker.java:158)
	at org.springframework.data.repository.core.support.RepositoryComposition$RepositoryFragments.invoke(RepositoryComposition.java:516)
	at org.springframework.data.repository.core.support.RepositoryComposition.invoke(RepositoryComposition.java:285)
	at org.springframework.data.repository.core.support.RepositoryFactorySupport$ImplementationMethodExecutionInterceptor.invoke(RepositoryFactorySupport.java:628)
	at org.springframework.aop.framework.ReflectiveMethodInvocation.proceed(ReflectiveMethodInvocation.java:184)
	at org.springframework.data.repository.core.support.QueryExecutorMethodInterceptor.doInvoke(QueryExecutorMethodInterceptor.java:168)
	at org.springframework.data.repository.core.support.QueryExecutorMethodInterceptor.invoke(QueryExecutorMethodInterceptor.java:143)
	at org.springframework.aop.framework.ReflectiveMethodInvocation.proceed(ReflectiveMethodInvocation.java:184)
	at org.springframework.data.projection.DefaultMethodInvokingMethodInterceptor.invoke(DefaultMethodInvokingMethodInterceptor.java:70)
	at org.springframework.aop.framework.ReflectiveMethodInvocation.proceed(ReflectiveMethodInvocation.java:184)
	at org.springframework.transaction.interceptor.TransactionInterceptor$1.proceedWithInvocation(TransactionInterceptor.java:123)
	at org.springframework.transaction.interceptor.TransactionAspectSupport.invokeWithinTransaction(TransactionAspectSupport.java:385)
	at org.springframework.transaction.interceptor.TransactionInterceptor.invoke(TransactionInterceptor.java:119)
	at org.springframework.aop.framework.ReflectiveMethodInvocation.proceed(ReflectiveMethodInvocation.java:184)
	at org.springframework.dao.support.PersistenceExceptionTranslationInterceptor.invoke(PersistenceExceptionTranslationInterceptor.java:137)
	... 79 more
Caused by: org.h2.jdbc.JdbcSQLIntegrityConstraintViolationException: Unique index or primary key violation: "PUBLIC.CONSTRAINT_INDEX_3 ON PUBLIC.BILLING_PLAN(NAME NULLS FIRST) VALUES ( /* 23 */ 'Pro' )"; SQL statement:
insert into billing_plan (billing_cycle,created_at,deleted,description,is_active,name,price,updated_at,id) values (?,?,?,?,?,?,?,?,?) [23505-224]
	at org.h2.message.DbException.getJdbcSQLException(DbException.java:520)
	at org.h2.message.DbException.getJdbcSQLException(DbException.java:489)
	at org.h2.message.DbException.get(DbException.java:223)
	at org.h2.message.DbException.get(DbException.java:199)
	at org.h2.index.Index.getDuplicateKeyException(Index.java:527)
	at org.h2.mvstore.db.MVSecondaryIndex.checkUnique(MVSecondaryIndex.java:223)
	at org.h2.mvstore.db.MVSecondaryIndex.add(MVSecondaryIndex.java:184)
	at org.h2.mvstore.db.MVTable.addRow(MVTable.java:519)
	at org.h2.command.dml.Insert.insertRows(Insert.java:174)
	at org.h2.command.dml.Insert.update(Insert.java:135)
	at org.h2.command.dml.DataChangeStatement.update(DataChangeStatement.java:74)
	at org.h2.command.CommandContainer.update(CommandContainer.java:169)
	at org.h2.command.Command.executeUpdate(Command.java:256)
	at org.h2.jdbc.JdbcPreparedStatement.executeUpdateInternal(JdbcPreparedStatement.java:216)
	at org.h2.jdbc.JdbcPreparedStatement.executeUpdate(JdbcPreparedStatement.java:174)
	at org.hibernate.engine.jdbc.internal.ResultSetReturnImpl.executeUpdate(ResultSetReturnImpl.java:194)
	... 123 more

[ERROR]   PlanRepositoryTest.shouldSavePlanWithFeatureLimits:165 
Expecting actual not to be null
[ERROR]   SubscriptionRepositoryTest.shouldCountActiveSubscriptionsByPlan:156 
expected: 2L
 but was: 3L
[ERROR]   SubscriptionRepositoryTest.shouldCountSubscriptionsByStatus:209 
Expected size: 2 but was: 1 in:
[[ACTIVE, 2L]]
[ERROR]   SubscriptionRepositoryTest.shouldFindPastDueSubscriptionForUser:109 
expected: PAST_DUE
 but was: ACTIVE
[ERROR]   SubscriptionRepositoryTest.shouldFindSubscriptionsByStatus:173 
Expected size: 1 but was: 2 in:
[Subscription{id=e8fdb591-a3fa-49f7-a8ae-0ea0a8257336, userId=101, tenantId=1, status=ACTIVE, startDate=2026-01-31T13:01:21.438111Z, nextBillingDate=2026-02-27T18:30:00Z},
    Subscription{id=de2eb77a-75c7-4120-abb1-815d89c76e5d, userId=102, tenantId=1, status=ACTIVE, startDate=2026-01-31T13:01:21.438111Z, nextBillingDate=2026-02-27T18:30:00Z}]
[ERROR]   SubscriptionRepositoryTest.shouldNotFindCanceledSubscriptionForUser:123 
Expecting an empty Optional but was containing value: Subscription{id=f4279209-b583-442a-a17f-911a93d9a990, userId=101, tenantId=1, status=ACTIVE, startDate=2026-01-31T13:01:21.707807300Z, nextBillingDate=null}
[ERROR] Errors: 
[ERROR]   UserRepositoryTest.testFindByEmail_UserExists:33 ╗ ConstraintViolation Validation failed for classes [org.gb.billing.entity.User] during persist time for groups [jakarta.validation.groups.Default, ]
List of constraint violations:[
	ConstraintViolationImpl{interpolatedMessage='Password must be BCrypt-hashed (60 characters)', propertyPath=password, rootBeanClass=class org.gb.billing.entity.User, messageTemplate='Password must be BCrypt-hashed (60 characters)'}
]
[ERROR]   UserRepositoryTest.testOptimisticLocking_VersionIncrement:77 ╗ ConstraintViolation Validation failed for classes [org.gb.billing.entity.User] during persist time for groups [jakarta.validation.groups.Default, ]
List of constraint violations:[
	ConstraintViolationImpl{interpolatedMessage='Password must be BCrypt-hashed (60 characters)', propertyPath=password, rootBeanClass=class org.gb.billing.entity.User, messageTemplate='Password must be BCrypt-hashed (60 characters)'}
]
[ERROR]   UserRepositoryTest.testSave_AllFields:98 ╗ ConstraintViolation Validation failed for classes [org.gb.billing.entity.User] during persist time for groups [jakarta.validation.groups.Default, ]
List of constraint violations:[
	ConstraintViolationImpl{interpolatedMessage='Password must be BCrypt-hashed (60 characters)', propertyPath=password, rootBeanClass=class org.gb.billing.entity.User, messageTemplate='Password must be BCrypt-hashed (60 characters)'}
]
[ERROR]   UserRepositoryTest.testSave_DuplicateEmail:61 ╗ ConstraintViolation Validation failed for classes [org.gb.billing.entity.User] during persist time for groups [jakarta.validation.groups.Default, ]
List of constraint violations:[
	ConstraintViolationImpl{interpolatedMessage='Password must be BCrypt-hashed (60 characters)', propertyPath=password, rootBeanClass=class org.gb.billing.entity.User, messageTemplate='Password must be BCrypt-hashed (60 characters)'}
]
[ERROR]   TenantFilterAspectTest.setUp:59 ╗ ConstraintViolation Validation failed for classes [org.gb.billing.entity.User] during persist time for groups [jakarta.validation.groups.Default, ]
List of constraint violations:[
	ConstraintViolationImpl{interpolatedMessage='Password must be BCrypt-hashed (60 characters)', propertyPath=password, rootBeanClass=class org.gb.billing.entity.User, messageTemplate='Password must be BCrypt-hashed (60 characters)'}
]
[ERROR]   TenantFilterAspectTest.setUp:59 ╗ ConstraintViolation Validation failed for classes [org.gb.billing.entity.User] during persist time for groups [jakarta.validation.groups.Default, ]
List of constraint violations:[
	ConstraintViolationImpl{interpolatedMessage='Password must be BCrypt-hashed (60 characters)', propertyPath=password, rootBeanClass=class org.gb.billing.entity.User, messageTemplate='Password must be BCrypt-hashed (60 characters)'}
]
[ERROR]   TenantFilterAspectTest.setUp:59 ╗ ConstraintViolation Validation failed for classes [org.gb.billing.entity.User] during persist time for groups [jakarta.validation.groups.Default, ]
List of constraint violations:[
	ConstraintViolationImpl{interpolatedMessage='Password must be BCrypt-hashed (60 characters)', propertyPath=password, rootBeanClass=class org.gb.billing.entity.User, messageTemplate='Password must be BCrypt-hashed (60 characters)'}
]
[INFO] 
[ERROR] Tests run: 122, Failures: 16, Errors: 7, Skipped: 0
[INFO] 
[INFO] ------------------------------------------------------------------------
[INFO] BUILD FAILURE
[INFO] ------------------------------------------------------------------------
[INFO] Total time:  42.523 s
[INFO] Finished at: 2026-01-31T18:31:28+05:30
[INFO] ------------------------------------------------------------------------
[ERROR] Failed to execute goal org.apache.maven.plugins:maven-surefire-plugin:3.1.2:test (default-test) on project billing: There are test failures.
[ERROR] 
[ERROR] Please refer to C:\Users\rishi\OneDrive\Desktop\spring\billing\target\surefire-reports for the individual test results.
[ERROR] Please refer to dump files (if any exist) [date].dump, [date]-jvmRun[N].dump and [date].dumpstream.
[ERROR] -> [Help 1]
[ERROR] 
[ERROR] To see the full stack trace of the errors, re-run Maven with the -e switch.
[ERROR] Re-run Maven using the -X switch to enable full debug logging.
[ERROR] 
[ERROR] For more information about the errors and possible solutions, please read the following articles:
[ERROR] [Help 1] http://cwiki.apache.org/confluence/display/MAVEN/MojoFailureException
